[0.007s] Invoking command in '/home/ah66586/ros2_ws/UR5e_3DP/build/ur5e_description': CMAKE_PREFIX_PATH=${CMAKE_PREFIX_PATH}:/opt/ros/jazzy DEBUGINFOD_URLS=https://debuginfod.ubuntu.com /usr/bin/cmake --build /home/ah66586/ros2_ws/UR5e_3DP/build/ur5e_description -- -j16 -l16
[0.034s] Invoked command in '/home/ah66586/ros2_ws/UR5e_3DP/build/ur5e_description' returned '0': CMAKE_PREFIX_PATH=${CMAKE_PREFIX_PATH}:/opt/ros/jazzy DEBUGINFOD_URLS=https://debuginfod.ubuntu.com /usr/bin/cmake --build /home/ah66586/ros2_ws/UR5e_3DP/build/ur5e_description -- -j16 -l16
[0.040s] Invoking command in '/home/ah66586/ros2_ws/UR5e_3DP/build/ur5e_description': CMAKE_PREFIX_PATH=${CMAKE_PREFIX_PATH}:/opt/ros/jazzy DEBUGINFOD_URLS=https://debuginfod.ubuntu.com /usr/bin/cmake --install /home/ah66586/ros2_ws/UR5e_3DP/build/ur5e_description
[0.045s] -- Install configuration: ""
[0.046s] -- Execute custom install script
[0.046s] -- Up-to-date symlink: /home/ah66586/ros2_ws/UR5e_3DP/install/ur5e_description/share/ur5e_description/urdf/ur5e.urdf.xacro
[0.046s] -- Up-to-date symlink: /home/ah66586/ros2_ws/UR5e_3DP/install/ur5e_description/share/ur5e_description/urdf/ur5e_with_eoat.urdf.xacro
[0.046s] -- Up-to-date symlink: /home/ah66586/ros2_ws/UR5e_3DP/install/ur5e_description/share/ur5e_description/launch/simulate.launch.py
[0.047s] -- Up-to-date symlink: /home/ah66586/ros2_ws/UR5e_3DP/install/ur5e_description/share/ur5e_description/rviz/ur5e.rviz
[0.047s] -- Up-to-date symlink: /home/ah66586/ros2_ws/UR5e_3DP/install/ur5e_description/share/ur5e_description/meshes/Toolhead_V3_Assembly.STL
[0.047s] -- Up-to-date symlink: /home/ah66586/ros2_ws/UR5e_3DP/install/ur5e_description/share/ament_index/resource_index/package_run_dependencies/ur5e_description
[0.047s] -- Up-to-date symlink: /home/ah66586/ros2_ws/UR5e_3DP/install/ur5e_description/share/ament_index/resource_index/parent_prefix_path/ur5e_description
[0.047s] -- Up-to-date symlink: /home/ah66586/ros2_ws/UR5e_3DP/install/ur5e_description/share/ur5e_description/environment/ament_prefix_path.sh
[0.047s] -- Up-to-date symlink: /home/ah66586/ros2_ws/UR5e_3DP/install/ur5e_description/share/ur5e_description/environment/ament_prefix_path.dsv
[0.048s] -- Up-to-date symlink: /home/ah66586/ros2_ws/UR5e_3DP/install/ur5e_description/share/ur5e_description/environment/path.sh
[0.048s] -- Up-to-date symlink: /home/ah66586/ros2_ws/UR5e_3DP/install/ur5e_description/share/ur5e_description/environment/path.dsv
[0.048s] -- Up-to-date symlink: /home/ah66586/ros2_ws/UR5e_3DP/install/ur5e_description/share/ur5e_description/local_setup.bash
[0.048s] -- Up-to-date symlink: /home/ah66586/ros2_ws/UR5e_3DP/install/ur5e_description/share/ur5e_description/local_setup.sh
[0.048s] -- Up-to-date symlink: /home/ah66586/ros2_ws/UR5e_3DP/install/ur5e_description/share/ur5e_description/local_setup.zsh
[0.048s] -- Up-to-date symlink: /home/ah66586/ros2_ws/UR5e_3DP/install/ur5e_description/share/ur5e_description/local_setup.dsv
[0.048s] -- Symlinking: /home/ah66586/ros2_ws/UR5e_3DP/install/ur5e_description/share/ur5e_description/package.dsv
[0.054s] -- Up-to-date symlink: /home/ah66586/ros2_ws/UR5e_3DP/install/ur5e_description/share/ament_index/resource_index/packages/ur5e_description
[0.054s] -- Up-to-date symlink: /home/ah66586/ros2_ws/UR5e_3DP/install/ur5e_description/share/ur5e_description/cmake/ur5e_descriptionConfig.cmake
[0.054s] -- Up-to-date symlink: /home/ah66586/ros2_ws/UR5e_3DP/install/ur5e_description/share/ur5e_description/cmake/ur5e_descriptionConfig-version.cmake
[0.054s] -- Up-to-date symlink: /home/ah66586/ros2_ws/UR5e_3DP/install/ur5e_description/share/ur5e_description/package.xml
[0.056s] Invoked command in '/home/ah66586/ros2_ws/UR5e_3DP/build/ur5e_description' returned '0': CMAKE_PREFIX_PATH=${CMAKE_PREFIX_PATH}:/opt/ros/jazzy DEBUGINFOD_URLS=https://debuginfod.ubuntu.com /usr/bin/cmake --install /home/ah66586/ros2_ws/UR5e_3DP/build/ur5e_description
