[0.098s] DEBUG:colcon:Command line arguments: ['/usr/bin/colcon', 'build', '--symlink-install', '--packages-select', 'ur5e_description', 'ur5e_moveit_config']
[0.098s] DEBUG:colcon:Parsed command line arguments: Namespace(log_base=None, log_level=None, verb_name='build', build_base='build', install_base='install', merge_install=False, symlink_install=True, test_result_base=None, continue_on_error=False, executor='parallel', parallel_workers=8, event_handlers=None, ignore_user_meta=False, metas=['./colcon.meta'], base_paths=['.'], packages_ignore=None, packages_ignore_regex=None, paths=None, packages_up_to=None, packages_up_to_regex=None, packages_above=None, packages_above_and_dependencies=None, packages_above_depth=None, packages_select_by_dep=None, packages_skip_by_dep=None, packages_skip_up_to=None, packages_select_build_failed=False, packages_skip_build_finished=False, packages_select_test_failures=False, packages_skip_test_passed=False, packages_select=['ur5e_description', 'ur5e_moveit_config'], packages_skip=None, packages_select_regex=None, packages_skip_regex=None, packages_start=None, packages_end=None, cmake_args=None, cmake_target=None, cmake_target_skip_unavailable=False, cmake_clean_cache=False, cmake_clean_first=False, cmake_force_configure=False, ament_cmake_args=None, catkin_cmake_args=None, catkin_skip_building_tests=False, verb_parser=<colcon_defaults.argument_parser.defaults.DefaultArgumentsDecorator object at 0x7857e6424b60>, verb_extension=<colcon_core.verb.build.BuildVerb object at 0x7857e64249e0>, main=<bound method BuildVerb.main of <colcon_core.verb.build.BuildVerb object at 0x7857e64249e0>>)
[0.137s] Level 1:colcon.colcon_core.package_discovery:discover_packages(colcon_meta) check parameters
[0.137s] Level 1:colcon.colcon_core.package_discovery:discover_packages(recursive) check parameters
[0.137s] Level 1:colcon.colcon_core.package_discovery:discover_packages(ignore) check parameters
[0.137s] Level 1:colcon.colcon_core.package_discovery:discover_packages(path) check parameters
[0.137s] Level 1:colcon.colcon_core.package_discovery:discover_packages(colcon_meta) discover
[0.137s] Level 1:colcon.colcon_core.package_discovery:discover_packages(recursive) discover
[0.137s] INFO:colcon.colcon_core.package_discovery:Crawling recursively for packages in '/home/arya/ROS/UR5e'
[0.137s] Level 1:colcon.colcon_core.package_identification:_identify(.) by extensions ['ignore', 'ignore_ament_install']
[0.137s] Level 1:colcon.colcon_core.package_identification:_identify(.) by extension 'ignore'
[0.137s] Level 1:colcon.colcon_core.package_identification:_identify(.) by extension 'ignore_ament_install'
[0.138s] Level 1:colcon.colcon_core.package_identification:_identify(.) by extensions ['colcon_pkg']
[0.138s] Level 1:colcon.colcon_core.package_identification:_identify(.) by extension 'colcon_pkg'
[0.138s] Level 1:colcon.colcon_core.package_identification:_identify(.) by extensions ['colcon_meta']
[0.138s] Level 1:colcon.colcon_core.package_identification:_identify(.) by extension 'colcon_meta'
[0.138s] Level 1:colcon.colcon_core.package_identification:_identify(.) by extensions ['ros']
[0.138s] Level 1:colcon.colcon_core.package_identification:_identify(.) by extension 'ros'
[0.160s] Level 1:colcon.colcon_core.package_identification:_identify(.) by extensions ['cmake', 'python']
[0.160s] Level 1:colcon.colcon_core.package_identification:_identify(.) by extension 'cmake'
[0.160s] Level 1:colcon.colcon_core.package_identification:_identify(.) by extension 'python'
[0.160s] Level 1:colcon.colcon_core.package_identification:_identify(.) by extensions ['python_setup_py']
[0.160s] Level 1:colcon.colcon_core.package_identification:_identify(.) by extension 'python_setup_py'
[0.160s] Level 1:colcon.colcon_core.package_identification:_identify(build) by extensions ['ignore', 'ignore_ament_install']
[0.160s] Level 1:colcon.colcon_core.package_identification:_identify(build) by extension 'ignore'
[0.160s] Level 1:colcon.colcon_core.package_identification:_identify(build) ignored
[0.160s] Level 1:colcon.colcon_core.package_identification:_identify(install) by extensions ['ignore', 'ignore_ament_install']
[0.160s] Level 1:colcon.colcon_core.package_identification:_identify(install) by extension 'ignore'
[0.160s] Level 1:colcon.colcon_core.package_identification:_identify(install) ignored
[0.160s] Level 1:colcon.colcon_core.package_identification:_identify(log) by extensions ['ignore', 'ignore_ament_install']
[0.160s] Level 1:colcon.colcon_core.package_identification:_identify(log) by extension 'ignore'
[0.160s] Level 1:colcon.colcon_core.package_identification:_identify(log) ignored
[0.160s] Level 1:colcon.colcon_core.package_identification:_identify(src) by extensions ['ignore', 'ignore_ament_install']
[0.160s] Level 1:colcon.colcon_core.package_identification:_identify(src) by extension 'ignore'
[0.160s] Level 1:colcon.colcon_core.package_identification:_identify(src) by extension 'ignore_ament_install'
[0.161s] Level 1:colcon.colcon_core.package_identification:_identify(src) by extensions ['colcon_pkg']
[0.161s] Level 1:colcon.colcon_core.package_identification:_identify(src) by extension 'colcon_pkg'
[0.161s] Level 1:colcon.colcon_core.package_identification:_identify(src) by extensions ['colcon_meta']
[0.161s] Level 1:colcon.colcon_core.package_identification:_identify(src) by extension 'colcon_meta'
[0.161s] Level 1:colcon.colcon_core.package_identification:_identify(src) by extensions ['ros']
[0.161s] Level 1:colcon.colcon_core.package_identification:_identify(src) by extension 'ros'
[0.161s] Level 1:colcon.colcon_core.package_identification:_identify(src) by extensions ['cmake', 'python']
[0.161s] Level 1:colcon.colcon_core.package_identification:_identify(src) by extension 'cmake'
[0.161s] Level 1:colcon.colcon_core.package_identification:_identify(src) by extension 'python'
[0.161s] Level 1:colcon.colcon_core.package_identification:_identify(src) by extensions ['python_setup_py']
[0.161s] Level 1:colcon.colcon_core.package_identification:_identify(src) by extension 'python_setup_py'
[0.161s] Level 1:colcon.colcon_core.package_identification:_identify(src/ur5e_description) by extensions ['ignore', 'ignore_ament_install']
[0.161s] Level 1:colcon.colcon_core.package_identification:_identify(src/ur5e_description) by extension 'ignore'
[0.161s] Level 1:colcon.colcon_core.package_identification:_identify(src/ur5e_description) by extension 'ignore_ament_install'
[0.161s] Level 1:colcon.colcon_core.package_identification:_identify(src/ur5e_description) by extensions ['colcon_pkg']
[0.161s] Level 1:colcon.colcon_core.package_identification:_identify(src/ur5e_description) by extension 'colcon_pkg'
[0.161s] Level 1:colcon.colcon_core.package_identification:_identify(src/ur5e_description) by extensions ['colcon_meta']
[0.161s] Level 1:colcon.colcon_core.package_identification:_identify(src/ur5e_description) by extension 'colcon_meta'
[0.161s] Level 1:colcon.colcon_core.package_identification:_identify(src/ur5e_description) by extensions ['ros']
[0.161s] Level 1:colcon.colcon_core.package_identification:_identify(src/ur5e_description) by extension 'ros'
[0.164s] DEBUG:colcon.colcon_core.package_identification:Package 'src/ur5e_description' with type 'ros.ament_cmake' and name 'ur5e_description'
[0.164s] Level 1:colcon.colcon_core.package_identification:_identify(src/ur5e_moveit_config) by extensions ['ignore', 'ignore_ament_install']
[0.164s] Level 1:colcon.colcon_core.package_identification:_identify(src/ur5e_moveit_config) by extension 'ignore'
[0.164s] Level 1:colcon.colcon_core.package_identification:_identify(src/ur5e_moveit_config) by extension 'ignore_ament_install'
[0.164s] Level 1:colcon.colcon_core.package_identification:_identify(src/ur5e_moveit_config) by extensions ['colcon_pkg']
[0.164s] Level 1:colcon.colcon_core.package_identification:_identify(src/ur5e_moveit_config) by extension 'colcon_pkg'
[0.164s] Level 1:colcon.colcon_core.package_identification:_identify(src/ur5e_moveit_config) by extensions ['colcon_meta']
[0.164s] Level 1:colcon.colcon_core.package_identification:_identify(src/ur5e_moveit_config) by extension 'colcon_meta'
[0.164s] Level 1:colcon.colcon_core.package_identification:_identify(src/ur5e_moveit_config) by extensions ['ros']
[0.164s] Level 1:colcon.colcon_core.package_identification:_identify(src/ur5e_moveit_config) by extension 'ros'
[0.165s] DEBUG:colcon.colcon_core.package_identification:Package 'src/ur5e_moveit_config' with type 'ros.ament_cmake' and name 'ur5e_moveit_config'
[0.165s] Level 1:colcon.colcon_core.package_discovery:discover_packages(recursive) using defaults
[0.165s] Level 1:colcon.colcon_core.package_discovery:discover_packages(ignore) discover
[0.165s] Level 1:colcon.colcon_core.package_discovery:discover_packages(ignore) using defaults
[0.165s] Level 1:colcon.colcon_core.package_discovery:discover_packages(path) discover
[0.165s] Level 1:colcon.colcon_core.package_discovery:discover_packages(path) using defaults
[0.180s] Level 5:colcon.colcon_core.verb:set package 'ur5e_description' build argument 'cmake_args' from command line to 'None'
[0.180s] Level 5:colcon.colcon_core.verb:set package 'ur5e_description' build argument 'cmake_target' from command line to 'None'
[0.180s] Level 5:colcon.colcon_core.verb:set package 'ur5e_description' build argument 'cmake_target_skip_unavailable' from command line to 'False'
[0.180s] Level 5:colcon.colcon_core.verb:set package 'ur5e_description' build argument 'cmake_clean_cache' from command line to 'False'
[0.180s] Level 5:colcon.colcon_core.verb:set package 'ur5e_description' build argument 'cmake_clean_first' from command line to 'False'
[0.180s] Level 5:colcon.colcon_core.verb:set package 'ur5e_description' build argument 'cmake_force_configure' from command line to 'False'
[0.180s] Level 5:colcon.colcon_core.verb:set package 'ur5e_description' build argument 'ament_cmake_args' from command line to 'None'
[0.180s] Level 5:colcon.colcon_core.verb:set package 'ur5e_description' build argument 'catkin_cmake_args' from command line to 'None'
[0.180s] Level 5:colcon.colcon_core.verb:set package 'ur5e_description' build argument 'catkin_skip_building_tests' from command line to 'False'
[0.180s] DEBUG:colcon.colcon_core.verb:Building package 'ur5e_description' with the following arguments: {'ament_cmake_args': None, 'build_base': '/home/arya/ROS/UR5e/build/ur5e_description', 'catkin_cmake_args': None, 'catkin_skip_building_tests': False, 'cmake_args': None, 'cmake_clean_cache': False, 'cmake_clean_first': False, 'cmake_force_configure': False, 'cmake_target': None, 'cmake_target_skip_unavailable': False, 'install_base': '/home/arya/ROS/UR5e/install/ur5e_description', 'merge_install': False, 'path': '/home/arya/ROS/UR5e/src/ur5e_description', 'symlink_install': True, 'test_result_base': None}
[0.181s] Level 5:colcon.colcon_core.verb:set package 'ur5e_moveit_config' build argument 'cmake_args' from command line to 'None'
[0.181s] Level 5:colcon.colcon_core.verb:set package 'ur5e_moveit_config' build argument 'cmake_target' from command line to 'None'
[0.181s] Level 5:colcon.colcon_core.verb:set package 'ur5e_moveit_config' build argument 'cmake_target_skip_unavailable' from command line to 'False'
[0.181s] Level 5:colcon.colcon_core.verb:set package 'ur5e_moveit_config' build argument 'cmake_clean_cache' from command line to 'False'
[0.181s] Level 5:colcon.colcon_core.verb:set package 'ur5e_moveit_config' build argument 'cmake_clean_first' from command line to 'False'
[0.181s] Level 5:colcon.colcon_core.verb:set package 'ur5e_moveit_config' build argument 'cmake_force_configure' from command line to 'False'
[0.181s] Level 5:colcon.colcon_core.verb:set package 'ur5e_moveit_config' build argument 'ament_cmake_args' from command line to 'None'
[0.181s] Level 5:colcon.colcon_core.verb:set package 'ur5e_moveit_config' build argument 'catkin_cmake_args' from command line to 'None'
[0.181s] Level 5:colcon.colcon_core.verb:set package 'ur5e_moveit_config' build argument 'catkin_skip_building_tests' from command line to 'False'
[0.181s] DEBUG:colcon.colcon_core.verb:Building package 'ur5e_moveit_config' with the following arguments: {'ament_cmake_args': None, 'build_base': '/home/arya/ROS/UR5e/build/ur5e_moveit_config', 'catkin_cmake_args': None, 'catkin_skip_building_tests': False, 'cmake_args': None, 'cmake_clean_cache': False, 'cmake_clean_first': False, 'cmake_force_configure': False, 'cmake_target': None, 'cmake_target_skip_unavailable': False, 'install_base': '/home/arya/ROS/UR5e/install/ur5e_moveit_config', 'merge_install': False, 'path': '/home/arya/ROS/UR5e/src/ur5e_moveit_config', 'symlink_install': True, 'test_result_base': None}
[0.181s] INFO:colcon.colcon_core.executor:Executing jobs using 'parallel' executor
[0.182s] DEBUG:colcon.colcon_parallel_executor.executor.parallel:run_until_complete
[0.182s] INFO:colcon.colcon_ros.task.ament_cmake.build:Building ROS package in '/home/arya/ROS/UR5e/src/ur5e_description' with build type 'ament_cmake'
[0.182s] INFO:colcon.colcon_cmake.task.cmake.build:Building CMake package in '/home/arya/ROS/UR5e/src/ur5e_description'
[0.184s] INFO:colcon.colcon_core.plugin_system:Skipping extension 'colcon_core.shell.bat': Not used on non-Windows systems
[0.184s] DEBUG:colcon.colcon_core.shell:Skip shell extension 'dsv' for command environment
[0.185s] WARNING:colcon.colcon_ros.prefix_path.ament:The path '/home/arya/ROS/UR5e/install/ur5e_moveit_config' in the environment variable AMENT_PREFIX_PATH doesn't exist
[0.185s] WARNING:colcon.colcon_ros.prefix_path.ament:The path '/home/arya/ROS/UR5e/install/ur5e_description' in the environment variable AMENT_PREFIX_PATH doesn't exist
[0.185s] WARNING:colcon.colcon_ros.prefix_path.catkin:The path '/home/arya/ROS/UR5e/install/ur5e_moveit_config' in the environment variable CMAKE_PREFIX_PATH doesn't exist
[0.185s] WARNING:colcon.colcon_ros.prefix_path.catkin:The path '/home/arya/ROS/UR5e/install/ur5e_description' in the environment variable CMAKE_PREFIX_PATH doesn't exist
[0.193s] DEBUG:colcon.colcon_core.event_handler.log_command:Invoking command in '/home/arya/ROS/UR5e/build/ur5e_description': CMAKE_PREFIX_PATH=${CMAKE_PREFIX_PATH}:/opt/ros/jazzy DEBUGINFOD_URLS=https://debuginfod.ubuntu.com /usr/bin/cmake /home/arya/ROS/UR5e/src/ur5e_description -DAMENT_CMAKE_SYMLINK_INSTALL=1 -DCMAKE_INSTALL_PREFIX=/home/arya/ROS/UR5e/install/ur5e_description
[1.061s] DEBUG:colcon.colcon_core.event_handler.log_command:Invoked command in '/home/arya/ROS/UR5e/build/ur5e_description' returned '0': CMAKE_PREFIX_PATH=${CMAKE_PREFIX_PATH}:/opt/ros/jazzy DEBUGINFOD_URLS=https://debuginfod.ubuntu.com /usr/bin/cmake /home/arya/ROS/UR5e/src/ur5e_description -DAMENT_CMAKE_SYMLINK_INSTALL=1 -DCMAKE_INSTALL_PREFIX=/home/arya/ROS/UR5e/install/ur5e_description
[1.063s] DEBUG:colcon.colcon_core.event_handler.log_command:Invoking command in '/home/arya/ROS/UR5e/build/ur5e_description': CMAKE_PREFIX_PATH=${CMAKE_PREFIX_PATH}:/opt/ros/jazzy DEBUGINFOD_URLS=https://debuginfod.ubuntu.com /usr/bin/cmake --build /home/arya/ROS/UR5e/build/ur5e_description -- -j8 -l8
[1.125s] DEBUG:colcon.colcon_core.event_handler.log_command:Invoked command in '/home/arya/ROS/UR5e/build/ur5e_description' returned '0': CMAKE_PREFIX_PATH=${CMAKE_PREFIX_PATH}:/opt/ros/jazzy DEBUGINFOD_URLS=https://debuginfod.ubuntu.com /usr/bin/cmake --build /home/arya/ROS/UR5e/build/ur5e_description -- -j8 -l8
[1.145s] DEBUG:colcon.colcon_core.event_handler.log_command:Invoking command in '/home/arya/ROS/UR5e/build/ur5e_description': CMAKE_PREFIX_PATH=${CMAKE_PREFIX_PATH}:/opt/ros/jazzy DEBUGINFOD_URLS=https://debuginfod.ubuntu.com /usr/bin/cmake --install /home/arya/ROS/UR5e/build/ur5e_description
[1.401s] Level 1:colcon.colcon_core.environment:create_environment_scripts_only(ur5e_description)
[1.401s] DEBUG:colcon.colcon_core.event_handler.log_command:Invoked command in '/home/arya/ROS/UR5e/build/ur5e_description' returned '0': CMAKE_PREFIX_PATH=${CMAKE_PREFIX_PATH}:/opt/ros/jazzy DEBUGINFOD_URLS=https://debuginfod.ubuntu.com /usr/bin/cmake --install /home/arya/ROS/UR5e/build/ur5e_description
[1.404s] Level 1:colcon.colcon_core.environment:checking '/home/arya/ROS/UR5e/install/ur5e_description' for CMake module files
[1.405s] Level 1:colcon.colcon_core.environment:checking '/home/arya/ROS/UR5e/install/ur5e_description' for CMake config files
[1.406s] Level 1:colcon.colcon_core.shell:create_environment_hook('ur5e_description', 'cmake_prefix_path')
[1.406s] INFO:colcon.colcon_core.shell:Creating environment descriptor '/home/arya/ROS/UR5e/install/ur5e_description/share/ur5e_description/hook/cmake_prefix_path.dsv'
[1.407s] INFO:colcon.colcon_core.shell:Creating environment hook '/home/arya/ROS/UR5e/install/ur5e_description/share/ur5e_description/hook/cmake_prefix_path.sh'
[1.408s] Level 1:colcon.colcon_core.environment:checking '/home/arya/ROS/UR5e/install/ur5e_description/bin'
[1.408s] Level 1:colcon.colcon_core.environment:checking '/home/arya/ROS/UR5e/install/ur5e_description/lib/pkgconfig/ur5e_description.pc'
[1.411s] Level 1:colcon.colcon_core.environment:checking '/home/arya/ROS/UR5e/install/ur5e_description/lib/python3.12/site-packages'
[1.412s] Level 1:colcon.colcon_core.environment:checking '/home/arya/ROS/UR5e/install/ur5e_description/bin'
[1.412s] INFO:colcon.colcon_core.shell:Creating package descriptor '/home/arya/ROS/UR5e/install/ur5e_description/share/ur5e_description/package.dsv'
[1.413s] INFO:colcon.colcon_core.shell:Creating package script '/home/arya/ROS/UR5e/install/ur5e_description/share/ur5e_description/package.sh'
[1.414s] INFO:colcon.colcon_core.shell:Creating package script '/home/arya/ROS/UR5e/install/ur5e_description/share/ur5e_description/package.bash'
[1.415s] INFO:colcon.colcon_core.shell:Creating package script '/home/arya/ROS/UR5e/install/ur5e_description/share/ur5e_description/package.zsh'
[1.416s] Level 1:colcon.colcon_core.environment:create_file_with_runtime_dependencies(/home/arya/ROS/UR5e/install/ur5e_description/share/colcon-core/packages/ur5e_description)
[1.417s] Level 1:colcon.colcon_core.environment:create_environment_scripts_only(ur5e_description)
[1.418s] Level 1:colcon.colcon_core.environment:checking '/home/arya/ROS/UR5e/install/ur5e_description' for CMake module files
[1.419s] Level 1:colcon.colcon_core.environment:checking '/home/arya/ROS/UR5e/install/ur5e_description' for CMake config files
[1.419s] Level 1:colcon.colcon_core.shell:create_environment_hook('ur5e_description', 'cmake_prefix_path')
[1.419s] INFO:colcon.colcon_core.shell:Creating environment descriptor '/home/arya/ROS/UR5e/install/ur5e_description/share/ur5e_description/hook/cmake_prefix_path.dsv'
[1.420s] INFO:colcon.colcon_core.shell:Creating environment hook '/home/arya/ROS/UR5e/install/ur5e_description/share/ur5e_description/hook/cmake_prefix_path.sh'
[1.421s] Level 1:colcon.colcon_core.environment:checking '/home/arya/ROS/UR5e/install/ur5e_description/bin'
[1.421s] Level 1:colcon.colcon_core.environment:checking '/home/arya/ROS/UR5e/install/ur5e_description/lib/pkgconfig/ur5e_description.pc'
[1.421s] Level 1:colcon.colcon_core.environment:checking '/home/arya/ROS/UR5e/install/ur5e_description/lib/python3.12/site-packages'
[1.422s] Level 1:colcon.colcon_core.environment:checking '/home/arya/ROS/UR5e/install/ur5e_description/bin'
[1.422s] INFO:colcon.colcon_core.shell:Creating package descriptor '/home/arya/ROS/UR5e/install/ur5e_description/share/ur5e_description/package.dsv'
[1.423s] INFO:colcon.colcon_core.shell:Creating package script '/home/arya/ROS/UR5e/install/ur5e_description/share/ur5e_description/package.sh'
[1.424s] INFO:colcon.colcon_core.shell:Creating package script '/home/arya/ROS/UR5e/install/ur5e_description/share/ur5e_description/package.bash'
[1.424s] INFO:colcon.colcon_core.shell:Creating package script '/home/arya/ROS/UR5e/install/ur5e_description/share/ur5e_description/package.zsh'
[1.425s] Level 1:colcon.colcon_core.environment:create_file_with_runtime_dependencies(/home/arya/ROS/UR5e/install/ur5e_description/share/colcon-core/packages/ur5e_description)
[1.426s] INFO:colcon.colcon_ros.task.ament_cmake.build:Building ROS package in '/home/arya/ROS/UR5e/src/ur5e_moveit_config' with build type 'ament_cmake'
[1.426s] INFO:colcon.colcon_cmake.task.cmake.build:Building CMake package in '/home/arya/ROS/UR5e/src/ur5e_moveit_config'
[1.426s] DEBUG:colcon.colcon_core.shell:Skip shell extension 'dsv' for command environment
[1.443s] DEBUG:colcon.colcon_core.event_handler.log_command:Invoking command in '/home/arya/ROS/UR5e/build/ur5e_moveit_config': CMAKE_PREFIX_PATH=/home/arya/ROS/UR5e/install/ur5e_description:/home/arya/ROS/UR5e/install/ur5e_moveit_config:/opt/ros/jazzy/opt/gz_sim_vendor:/opt/ros/jazzy/opt/gz_sensors_vendor:/opt/ros/jazzy/opt/gz_physics_vendor:/opt/ros/jazzy/opt/sdformat_vendor:/opt/ros/jazzy/opt/gz_gui_vendor:/opt/ros/jazzy/opt/gz_transport_vendor:/opt/ros/jazzy/opt/gz_rendering_vendor:/opt/ros/jazzy/opt/gz_plugin_vendor:/opt/ros/jazzy/opt/gz_fuel_tools_vendor:/opt/ros/jazzy/opt/gz_msgs_vendor:/opt/ros/jazzy/opt/gz_common_vendor:/opt/ros/jazzy/opt/gz_math_vendor:/opt/ros/jazzy/opt/gz_utils_vendor:/opt/ros/jazzy/opt/gz_tools_vendor:/opt/ros/jazzy/opt/gz_ogre_next_vendor:/opt/ros/jazzy/opt/gz_dartsim_vendor:/opt/ros/jazzy/opt/gz_cmake_vendor:/opt/ros/jazzy DEBUGINFOD_URLS=https://debuginfod.ubuntu.com /usr/bin/cmake /home/arya/ROS/UR5e/src/ur5e_moveit_config -DAMENT_CMAKE_SYMLINK_INSTALL=1 -DCMAKE_INSTALL_PREFIX=/home/arya/ROS/UR5e/install/ur5e_moveit_config
[3.712s] DEBUG:colcon.colcon_core.event_handler.log_command:Invoked command in '/home/arya/ROS/UR5e/build/ur5e_moveit_config' returned '0': CMAKE_PREFIX_PATH=/home/arya/ROS/UR5e/install/ur5e_description:/home/arya/ROS/UR5e/install/ur5e_moveit_config:/opt/ros/jazzy/opt/gz_sim_vendor:/opt/ros/jazzy/opt/gz_sensors_vendor:/opt/ros/jazzy/opt/gz_physics_vendor:/opt/ros/jazzy/opt/sdformat_vendor:/opt/ros/jazzy/opt/gz_gui_vendor:/opt/ros/jazzy/opt/gz_transport_vendor:/opt/ros/jazzy/opt/gz_rendering_vendor:/opt/ros/jazzy/opt/gz_plugin_vendor:/opt/ros/jazzy/opt/gz_fuel_tools_vendor:/opt/ros/jazzy/opt/gz_msgs_vendor:/opt/ros/jazzy/opt/gz_common_vendor:/opt/ros/jazzy/opt/gz_math_vendor:/opt/ros/jazzy/opt/gz_utils_vendor:/opt/ros/jazzy/opt/gz_tools_vendor:/opt/ros/jazzy/opt/gz_ogre_next_vendor:/opt/ros/jazzy/opt/gz_dartsim_vendor:/opt/ros/jazzy/opt/gz_cmake_vendor:/opt/ros/jazzy DEBUGINFOD_URLS=https://debuginfod.ubuntu.com /usr/bin/cmake /home/arya/ROS/UR5e/src/ur5e_moveit_config -DAMENT_CMAKE_SYMLINK_INSTALL=1 -DCMAKE_INSTALL_PREFIX=/home/arya/ROS/UR5e/install/ur5e_moveit_config
[3.713s] DEBUG:colcon.colcon_core.event_handler.log_command:Invoking command in '/home/arya/ROS/UR5e/build/ur5e_moveit_config': CMAKE_PREFIX_PATH=/home/arya/ROS/UR5e/install/ur5e_description:/home/arya/ROS/UR5e/install/ur5e_moveit_config:/opt/ros/jazzy/opt/gz_sim_vendor:/opt/ros/jazzy/opt/gz_sensors_vendor:/opt/ros/jazzy/opt/gz_physics_vendor:/opt/ros/jazzy/opt/sdformat_vendor:/opt/ros/jazzy/opt/gz_gui_vendor:/opt/ros/jazzy/opt/gz_transport_vendor:/opt/ros/jazzy/opt/gz_rendering_vendor:/opt/ros/jazzy/opt/gz_plugin_vendor:/opt/ros/jazzy/opt/gz_fuel_tools_vendor:/opt/ros/jazzy/opt/gz_msgs_vendor:/opt/ros/jazzy/opt/gz_common_vendor:/opt/ros/jazzy/opt/gz_math_vendor:/opt/ros/jazzy/opt/gz_utils_vendor:/opt/ros/jazzy/opt/gz_tools_vendor:/opt/ros/jazzy/opt/gz_ogre_next_vendor:/opt/ros/jazzy/opt/gz_dartsim_vendor:/opt/ros/jazzy/opt/gz_cmake_vendor:/opt/ros/jazzy DEBUGINFOD_URLS=https://debuginfod.ubuntu.com /usr/bin/cmake --build /home/arya/ROS/UR5e/build/ur5e_moveit_config -- -j8 -l8
[3.773s] DEBUG:colcon.colcon_core.event_handler.log_command:Invoked command in '/home/arya/ROS/UR5e/build/ur5e_moveit_config' returned '0': CMAKE_PREFIX_PATH=/home/arya/ROS/UR5e/install/ur5e_description:/home/arya/ROS/UR5e/install/ur5e_moveit_config:/opt/ros/jazzy/opt/gz_sim_vendor:/opt/ros/jazzy/opt/gz_sensors_vendor:/opt/ros/jazzy/opt/gz_physics_vendor:/opt/ros/jazzy/opt/sdformat_vendor:/opt/ros/jazzy/opt/gz_gui_vendor:/opt/ros/jazzy/opt/gz_transport_vendor:/opt/ros/jazzy/opt/gz_rendering_vendor:/opt/ros/jazzy/opt/gz_plugin_vendor:/opt/ros/jazzy/opt/gz_fuel_tools_vendor:/opt/ros/jazzy/opt/gz_msgs_vendor:/opt/ros/jazzy/opt/gz_common_vendor:/opt/ros/jazzy/opt/gz_math_vendor:/opt/ros/jazzy/opt/gz_utils_vendor:/opt/ros/jazzy/opt/gz_tools_vendor:/opt/ros/jazzy/opt/gz_ogre_next_vendor:/opt/ros/jazzy/opt/gz_dartsim_vendor:/opt/ros/jazzy/opt/gz_cmake_vendor:/opt/ros/jazzy DEBUGINFOD_URLS=https://debuginfod.ubuntu.com /usr/bin/cmake --build /home/arya/ROS/UR5e/build/ur5e_moveit_config -- -j8 -l8
[3.775s] DEBUG:colcon.colcon_core.event_handler.log_command:Invoking command in '/home/arya/ROS/UR5e/build/ur5e_moveit_config': CMAKE_PREFIX_PATH=/home/arya/ROS/UR5e/install/ur5e_description:/home/arya/ROS/UR5e/install/ur5e_moveit_config:/opt/ros/jazzy/opt/gz_sim_vendor:/opt/ros/jazzy/opt/gz_sensors_vendor:/opt/ros/jazzy/opt/gz_physics_vendor:/opt/ros/jazzy/opt/sdformat_vendor:/opt/ros/jazzy/opt/gz_gui_vendor:/opt/ros/jazzy/opt/gz_transport_vendor:/opt/ros/jazzy/opt/gz_rendering_vendor:/opt/ros/jazzy/opt/gz_plugin_vendor:/opt/ros/jazzy/opt/gz_fuel_tools_vendor:/opt/ros/jazzy/opt/gz_msgs_vendor:/opt/ros/jazzy/opt/gz_common_vendor:/opt/ros/jazzy/opt/gz_math_vendor:/opt/ros/jazzy/opt/gz_utils_vendor:/opt/ros/jazzy/opt/gz_tools_vendor:/opt/ros/jazzy/opt/gz_ogre_next_vendor:/opt/ros/jazzy/opt/gz_dartsim_vendor:/opt/ros/jazzy/opt/gz_cmake_vendor:/opt/ros/jazzy DEBUGINFOD_URLS=https://debuginfod.ubuntu.com /usr/bin/cmake --install /home/arya/ROS/UR5e/build/ur5e_moveit_config
[4.052s] Level 1:colcon.colcon_core.environment:create_environment_scripts_only(ur5e_moveit_config)
[4.053s] Level 1:colcon.colcon_core.environment:checking '/home/arya/ROS/UR5e/install/ur5e_moveit_config' for CMake module files
[4.054s] DEBUG:colcon.colcon_core.event_handler.log_command:Invoked command in '/home/arya/ROS/UR5e/build/ur5e_moveit_config' returned '0': CMAKE_PREFIX_PATH=/home/arya/ROS/UR5e/install/ur5e_description:/home/arya/ROS/UR5e/install/ur5e_moveit_config:/opt/ros/jazzy/opt/gz_sim_vendor:/opt/ros/jazzy/opt/gz_sensors_vendor:/opt/ros/jazzy/opt/gz_physics_vendor:/opt/ros/jazzy/opt/sdformat_vendor:/opt/ros/jazzy/opt/gz_gui_vendor:/opt/ros/jazzy/opt/gz_transport_vendor:/opt/ros/jazzy/opt/gz_rendering_vendor:/opt/ros/jazzy/opt/gz_plugin_vendor:/opt/ros/jazzy/opt/gz_fuel_tools_vendor:/opt/ros/jazzy/opt/gz_msgs_vendor:/opt/ros/jazzy/opt/gz_common_vendor:/opt/ros/jazzy/opt/gz_math_vendor:/opt/ros/jazzy/opt/gz_utils_vendor:/opt/ros/jazzy/opt/gz_tools_vendor:/opt/ros/jazzy/opt/gz_ogre_next_vendor:/opt/ros/jazzy/opt/gz_dartsim_vendor:/opt/ros/jazzy/opt/gz_cmake_vendor:/opt/ros/jazzy DEBUGINFOD_URLS=https://debuginfod.ubuntu.com /usr/bin/cmake --install /home/arya/ROS/UR5e/build/ur5e_moveit_config
[4.054s] Level 1:colcon.colcon_core.environment:checking '/home/arya/ROS/UR5e/install/ur5e_moveit_config' for CMake config files
[4.055s] Level 1:colcon.colcon_core.shell:create_environment_hook('ur5e_moveit_config', 'cmake_prefix_path')
[4.055s] INFO:colcon.colcon_core.shell:Creating environment descriptor '/home/arya/ROS/UR5e/install/ur5e_moveit_config/share/ur5e_moveit_config/hook/cmake_prefix_path.dsv'
[4.056s] INFO:colcon.colcon_core.shell:Creating environment hook '/home/arya/ROS/UR5e/install/ur5e_moveit_config/share/ur5e_moveit_config/hook/cmake_prefix_path.sh'
[4.057s] Level 1:colcon.colcon_core.environment:checking '/home/arya/ROS/UR5e/install/ur5e_moveit_config/lib'
[4.057s] Level 1:colcon.colcon_core.environment:checking '/home/arya/ROS/UR5e/install/ur5e_moveit_config/bin'
[4.057s] Level 1:colcon.colcon_core.environment:checking '/home/arya/ROS/UR5e/install/ur5e_moveit_config/lib/pkgconfig/ur5e_moveit_config.pc'
[4.058s] Level 1:colcon.colcon_core.environment:checking '/home/arya/ROS/UR5e/install/ur5e_moveit_config/lib/python3.12/site-packages'
[4.058s] Level 1:colcon.colcon_core.environment:checking '/home/arya/ROS/UR5e/install/ur5e_moveit_config/bin'
[4.059s] INFO:colcon.colcon_core.shell:Creating package descriptor '/home/arya/ROS/UR5e/install/ur5e_moveit_config/share/ur5e_moveit_config/package.dsv'
[4.060s] INFO:colcon.colcon_core.shell:Creating package script '/home/arya/ROS/UR5e/install/ur5e_moveit_config/share/ur5e_moveit_config/package.sh'
[4.060s] INFO:colcon.colcon_core.shell:Creating package script '/home/arya/ROS/UR5e/install/ur5e_moveit_config/share/ur5e_moveit_config/package.bash'
[4.061s] INFO:colcon.colcon_core.shell:Creating package script '/home/arya/ROS/UR5e/install/ur5e_moveit_config/share/ur5e_moveit_config/package.zsh'
[4.061s] Level 1:colcon.colcon_core.environment:create_file_with_runtime_dependencies(/home/arya/ROS/UR5e/install/ur5e_moveit_config/share/colcon-core/packages/ur5e_moveit_config)
[4.062s] Level 1:colcon.colcon_core.environment:create_environment_scripts_only(ur5e_moveit_config)
[4.062s] Level 1:colcon.colcon_core.environment:checking '/home/arya/ROS/UR5e/install/ur5e_moveit_config' for CMake module files
[4.063s] Level 1:colcon.colcon_core.environment:checking '/home/arya/ROS/UR5e/install/ur5e_moveit_config' for CMake config files
[4.064s] Level 1:colcon.colcon_core.shell:create_environment_hook('ur5e_moveit_config', 'cmake_prefix_path')
[4.064s] INFO:colcon.colcon_core.shell:Creating environment descriptor '/home/arya/ROS/UR5e/install/ur5e_moveit_config/share/ur5e_moveit_config/hook/cmake_prefix_path.dsv'
[4.065s] INFO:colcon.colcon_core.shell:Creating environment hook '/home/arya/ROS/UR5e/install/ur5e_moveit_config/share/ur5e_moveit_config/hook/cmake_prefix_path.sh'
[4.066s] Level 1:colcon.colcon_core.environment:checking '/home/arya/ROS/UR5e/install/ur5e_moveit_config/lib'
[4.066s] Level 1:colcon.colcon_core.environment:checking '/home/arya/ROS/UR5e/install/ur5e_moveit_config/bin'
[4.066s] Level 1:colcon.colcon_core.environment:checking '/home/arya/ROS/UR5e/install/ur5e_moveit_config/lib/pkgconfig/ur5e_moveit_config.pc'
[4.066s] Level 1:colcon.colcon_core.environment:checking '/home/arya/ROS/UR5e/install/ur5e_moveit_config/lib/python3.12/site-packages'
[4.067s] Level 1:colcon.colcon_core.environment:checking '/home/arya/ROS/UR5e/install/ur5e_moveit_config/bin'
[4.068s] INFO:colcon.colcon_core.shell:Creating package descriptor '/home/arya/ROS/UR5e/install/ur5e_moveit_config/share/ur5e_moveit_config/package.dsv'
[4.068s] INFO:colcon.colcon_core.shell:Creating package script '/home/arya/ROS/UR5e/install/ur5e_moveit_config/share/ur5e_moveit_config/package.sh'
[4.069s] INFO:colcon.colcon_core.shell:Creating package script '/home/arya/ROS/UR5e/install/ur5e_moveit_config/share/ur5e_moveit_config/package.bash'
[4.070s] INFO:colcon.colcon_core.shell:Creating package script '/home/arya/ROS/UR5e/install/ur5e_moveit_config/share/ur5e_moveit_config/package.zsh'
[4.071s] Level 1:colcon.colcon_core.environment:create_file_with_runtime_dependencies(/home/arya/ROS/UR5e/install/ur5e_moveit_config/share/colcon-core/packages/ur5e_moveit_config)
[4.071s] DEBUG:colcon.colcon_parallel_executor.executor.parallel:closing loop
[4.071s] DEBUG:colcon.colcon_parallel_executor.executor.parallel:loop closed
[4.071s] DEBUG:colcon.colcon_parallel_executor.executor.parallel:run_until_complete finished with '0'
[4.071s] DEBUG:colcon.colcon_core.event_reactor:joining thread
[4.082s] INFO:colcon.colcon_core.plugin_system:Skipping extension 'colcon_notification.desktop_notification.terminal_notifier': Not used on non-Darwin systems
[4.082s] INFO:colcon.colcon_core.plugin_system:Skipping extension 'colcon_notification.desktop_notification.win32': Not used on non-Windows systems
[4.083s] INFO:colcon.colcon_notification.desktop_notification:Sending desktop notification using 'notify2'
[4.110s] DEBUG:colcon.colcon_core.event_reactor:joined thread
[4.110s] INFO:colcon.colcon_core.shell:Creating prefix script '/home/arya/ROS/UR5e/install/local_setup.sh'
[4.112s] INFO:colcon.colcon_core.shell:Creating prefix util module '/home/arya/ROS/UR5e/install/_local_setup_util_sh.py'
[4.114s] INFO:colcon.colcon_core.shell:Creating prefix chain script '/home/arya/ROS/UR5e/install/setup.sh'
[4.116s] INFO:colcon.colcon_core.shell:Creating prefix script '/home/arya/ROS/UR5e/install/local_setup.bash'
[4.117s] INFO:colcon.colcon_core.shell:Creating prefix chain script '/home/arya/ROS/UR5e/install/setup.bash'
[4.119s] INFO:colcon.colcon_core.shell:Creating prefix script '/home/arya/ROS/UR5e/install/local_setup.zsh'
[4.120s] INFO:colcon.colcon_core.shell:Creating prefix chain script '/home/arya/ROS/UR5e/install/setup.zsh'
