[0.015s] Invoking command in '/home/arya/ROS/UR5e/build/ur5e_moveit_config': CMAKE_PREFIX_PATH=/home/arya/ROS/UR5e/install/ur5e_description:/home/arya/ROS/UR5e/install/ur5e_moveit_config:/opt/ros/jazzy/opt/gz_sim_vendor:/opt/ros/jazzy/opt/gz_sensors_vendor:/opt/ros/jazzy/opt/gz_physics_vendor:/opt/ros/jazzy/opt/sdformat_vendor:/opt/ros/jazzy/opt/gz_gui_vendor:/opt/ros/jazzy/opt/gz_transport_vendor:/opt/ros/jazzy/opt/gz_rendering_vendor:/opt/ros/jazzy/opt/gz_plugin_vendor:/opt/ros/jazzy/opt/gz_fuel_tools_vendor:/opt/ros/jazzy/opt/gz_msgs_vendor:/opt/ros/jazzy/opt/gz_common_vendor:/opt/ros/jazzy/opt/gz_math_vendor:/opt/ros/jazzy/opt/gz_utils_vendor:/opt/ros/jazzy/opt/gz_tools_vendor:/opt/ros/jazzy/opt/gz_ogre_next_vendor:/opt/ros/jazzy/opt/gz_dartsim_vendor:/opt/ros/jazzy/opt/gz_cmake_vendor:/opt/ros/jazzy DEBUGINFOD_URLS=https://debuginfod.ubuntu.com /usr/bin/cmake /home/arya/ROS/UR5e/src/ur5e_moveit_config -DAMENT_CMAKE_SYMLINK_INSTALL=1 -DCMAKE_INSTALL_PREFIX=/home/arya/ROS/UR5e/install/ur5e_moveit_config
[0.092s] -- The C compiler identification is GNU 13.3.0
[0.146s] -- The CXX compiler identification is GNU 13.3.0
[0.180s] -- Detecting C compiler ABI info
[0.283s] -- Detecting C compiler ABI info - done
[0.307s] -- Check for working C compiler: /usr/bin/cc - skipped
[0.308s] -- Detecting C compile features
[0.309s] -- Detecting C compile features - done
[0.323s] -- Detecting CXX compiler ABI info
[0.438s] -- Detecting CXX compiler ABI info - done
[0.447s] -- Check for working CXX compiler: /usr/bin/c++ - skipped
[0.447s] -- Detecting CXX compile features
[0.447s] -- Detecting CXX compile features - done
[0.451s] -- Found ament_cmake: 2.5.4 (/opt/ros/jazzy/share/ament_cmake/cmake)
[0.614s] -- Found Python3: /usr/bin/python3 (found version "3.12.3") found components: Interpreter 
[0.695s] -- Override CMake install command with custom implementation using symlinks instead of copying resources
[0.763s] -- Found ur5e_description: 0.0.0 (/home/arya/ROS/UR5e/install/ur5e_description/share/ur5e_description/cmake)
[0.766s] -- Found moveit_ros_planning_interface: 2.12.3 (/opt/ros/jazzy/share/moveit_ros_planning_interface/cmake)
[0.903s] -- Found Boost: /usr/lib/x86_64-linux-gnu/cmake/Boost-1.83.0/BoostConfig.cmake (found version "1.83.0") found components: date_time filesystem program_options system thread 
[0.958s] -- Found rosidl_generator_c: 4.6.6 (/opt/ros/jazzy/share/rosidl_generator_c/cmake)
[0.975s] -- Found rosidl_generator_cpp: 4.6.6 (/opt/ros/jazzy/share/rosidl_generator_cpp/cmake)
[0.993s] -- Using all available rosidl_typesupport_c: rosidl_typesupport_fastrtps_c;rosidl_typesupport_introspection_c
[1.014s] -- Using all available rosidl_typesupport_cpp: rosidl_typesupport_fastrtps_cpp;rosidl_typesupport_introspection_cpp
[1.337s] -- Found Boost: /usr/lib/x86_64-linux-gnu/cmake/Boost-1.83.0/BoostConfig.cmake (found version "1.83.0") found components: chrono date_time filesystem iostreams program_options regex serialization system thread 
[1.404s] -- Found parameter_traits: 0.5.0 (/opt/ros/jazzy/share/parameter_traits/cmake)
[1.460s] -- Found rmw_implementation_cmake: 7.3.2 (/opt/ros/jazzy/share/rmw_implementation_cmake/cmake)
[1.463s] -- Found rmw_fastrtps_cpp: 8.4.3 (/opt/ros/jazzy/share/rmw_fastrtps_cpp/cmake)
[1.579s] -- Found OpenSSL: /usr/lib/x86_64-linux-gnu/libcrypto.so (found version "3.0.13")  
[1.595s] -- Found FastRTPS: /opt/ros/jazzy/include (Required is at least version "2.13") 
[1.621s] -- Using RMW implementation 'rmw_fastrtps_cpp' as default
[1.713s] -- Found rclcpp_lifecycle: 28.1.13 (/opt/ros/jazzy/share/rclcpp_lifecycle/cmake)
[1.753s] -- Found Boost: /usr/lib/x86_64-linux-gnu/cmake/Boost-1.83.0/BoostConfig.cmake (found version "1.83.0") found components: filesystem 
[1.823s] -- Found Eigen3: TRUE (found version "3.4.0") 
[1.823s] -- Ensuring Eigen3 include directory is part of orocos-kdl CMake target
[2.006s] -- Found Boost: /usr/lib/x86_64-linux-gnu/cmake/Boost-1.83.0/BoostConfig.cmake (found version "1.83.0") found components: system filesystem date_time program_options thread chrono 
[2.061s] -- Found Boost: /usr/lib/x86_64-linux-gnu/cmake/Boost-1.83.0/BoostConfig.cmake (found version "1.83.0") found components: thread system filesystem regex date_time program_options 
[2.091s] -- Found Boost: /usr/lib/x86_64-linux-gnu/cmake/Boost-1.83.0/BoostConfig.cmake (found version "1.83.0") found components: system filesystem date_time program_options thread 
[2.135s] -- Found rclpy: 7.1.6 (/opt/ros/jazzy/share/rclpy/cmake)
[2.138s] -- Found ament_lint_auto: 0.17.3 (/opt/ros/jazzy/share/ament_lint_auto/cmake)
[2.254s] -- Added test 'flake8' to check Python code syntax and style conventions
[2.254s] -- Configured 'flake8' exclude dirs and/or files: 
[2.255s] -- Added test 'lint_cmake' to check CMake code style
[2.255s] -- Added test 'pep257' to check Python code against some of the docstring style conventions in PEP 257
[2.257s] -- Added test 'xmllint' to check XML markup files
[2.259s] -- Configuring done (2.2s)
[2.265s] -- Generating done (0.0s)
[2.268s] -- Build files have been written to: /home/arya/ROS/UR5e/build/ur5e_moveit_config
[2.284s] Invoked command in '/home/arya/ROS/UR5e/build/ur5e_moveit_config' returned '0': CMAKE_PREFIX_PATH=/home/arya/ROS/UR5e/install/ur5e_description:/home/arya/ROS/UR5e/install/ur5e_moveit_config:/opt/ros/jazzy/opt/gz_sim_vendor:/opt/ros/jazzy/opt/gz_sensors_vendor:/opt/ros/jazzy/opt/gz_physics_vendor:/opt/ros/jazzy/opt/sdformat_vendor:/opt/ros/jazzy/opt/gz_gui_vendor:/opt/ros/jazzy/opt/gz_transport_vendor:/opt/ros/jazzy/opt/gz_rendering_vendor:/opt/ros/jazzy/opt/gz_plugin_vendor:/opt/ros/jazzy/opt/gz_fuel_tools_vendor:/opt/ros/jazzy/opt/gz_msgs_vendor:/opt/ros/jazzy/opt/gz_common_vendor:/opt/ros/jazzy/opt/gz_math_vendor:/opt/ros/jazzy/opt/gz_utils_vendor:/opt/ros/jazzy/opt/gz_tools_vendor:/opt/ros/jazzy/opt/gz_ogre_next_vendor:/opt/ros/jazzy/opt/gz_dartsim_vendor:/opt/ros/jazzy/opt/gz_cmake_vendor:/opt/ros/jazzy DEBUGINFOD_URLS=https://debuginfod.ubuntu.com /usr/bin/cmake /home/arya/ROS/UR5e/src/ur5e_moveit_config -DAMENT_CMAKE_SYMLINK_INSTALL=1 -DCMAKE_INSTALL_PREFIX=/home/arya/ROS/UR5e/install/ur5e_moveit_config
[2.286s] Invoking command in '/home/arya/ROS/UR5e/build/ur5e_moveit_config': CMAKE_PREFIX_PATH=/home/arya/ROS/UR5e/install/ur5e_description:/home/arya/ROS/UR5e/install/ur5e_moveit_config:/opt/ros/jazzy/opt/gz_sim_vendor:/opt/ros/jazzy/opt/gz_sensors_vendor:/opt/ros/jazzy/opt/gz_physics_vendor:/opt/ros/jazzy/opt/sdformat_vendor:/opt/ros/jazzy/opt/gz_gui_vendor:/opt/ros/jazzy/opt/gz_transport_vendor:/opt/ros/jazzy/opt/gz_rendering_vendor:/opt/ros/jazzy/opt/gz_plugin_vendor:/opt/ros/jazzy/opt/gz_fuel_tools_vendor:/opt/ros/jazzy/opt/gz_msgs_vendor:/opt/ros/jazzy/opt/gz_common_vendor:/opt/ros/jazzy/opt/gz_math_vendor:/opt/ros/jazzy/opt/gz_utils_vendor:/opt/ros/jazzy/opt/gz_tools_vendor:/opt/ros/jazzy/opt/gz_ogre_next_vendor:/opt/ros/jazzy/opt/gz_dartsim_vendor:/opt/ros/jazzy/opt/gz_cmake_vendor:/opt/ros/jazzy DEBUGINFOD_URLS=https://debuginfod.ubuntu.com /usr/bin/cmake --build /home/arya/ROS/UR5e/build/ur5e_moveit_config -- -j8 -l8
[2.346s] Invoked command in '/home/arya/ROS/UR5e/build/ur5e_moveit_config' returned '0': CMAKE_PREFIX_PATH=/home/arya/ROS/UR5e/install/ur5e_description:/home/arya/ROS/UR5e/install/ur5e_moveit_config:/opt/ros/jazzy/opt/gz_sim_vendor:/opt/ros/jazzy/opt/gz_sensors_vendor:/opt/ros/jazzy/opt/gz_physics_vendor:/opt/ros/jazzy/opt/sdformat_vendor:/opt/ros/jazzy/opt/gz_gui_vendor:/opt/ros/jazzy/opt/gz_transport_vendor:/opt/ros/jazzy/opt/gz_rendering_vendor:/opt/ros/jazzy/opt/gz_plugin_vendor:/opt/ros/jazzy/opt/gz_fuel_tools_vendor:/opt/ros/jazzy/opt/gz_msgs_vendor:/opt/ros/jazzy/opt/gz_common_vendor:/opt/ros/jazzy/opt/gz_math_vendor:/opt/ros/jazzy/opt/gz_utils_vendor:/opt/ros/jazzy/opt/gz_tools_vendor:/opt/ros/jazzy/opt/gz_ogre_next_vendor:/opt/ros/jazzy/opt/gz_dartsim_vendor:/opt/ros/jazzy/opt/gz_cmake_vendor:/opt/ros/jazzy DEBUGINFOD_URLS=https://debuginfod.ubuntu.com /usr/bin/cmake --build /home/arya/ROS/UR5e/build/ur5e_moveit_config -- -j8 -l8
[2.347s] Invoking command in '/home/arya/ROS/UR5e/build/ur5e_moveit_config': CMAKE_PREFIX_PATH=/home/arya/ROS/UR5e/install/ur5e_description:/home/arya/ROS/UR5e/install/ur5e_moveit_config:/opt/ros/jazzy/opt/gz_sim_vendor:/opt/ros/jazzy/opt/gz_sensors_vendor:/opt/ros/jazzy/opt/gz_physics_vendor:/opt/ros/jazzy/opt/sdformat_vendor:/opt/ros/jazzy/opt/gz_gui_vendor:/opt/ros/jazzy/opt/gz_transport_vendor:/opt/ros/jazzy/opt/gz_rendering_vendor:/opt/ros/jazzy/opt/gz_plugin_vendor:/opt/ros/jazzy/opt/gz_fuel_tools_vendor:/opt/ros/jazzy/opt/gz_msgs_vendor:/opt/ros/jazzy/opt/gz_common_vendor:/opt/ros/jazzy/opt/gz_math_vendor:/opt/ros/jazzy/opt/gz_utils_vendor:/opt/ros/jazzy/opt/gz_tools_vendor:/opt/ros/jazzy/opt/gz_ogre_next_vendor:/opt/ros/jazzy/opt/gz_dartsim_vendor:/opt/ros/jazzy/opt/gz_cmake_vendor:/opt/ros/jazzy DEBUGINFOD_URLS=https://debuginfod.ubuntu.com /usr/bin/cmake --install /home/arya/ROS/UR5e/build/ur5e_moveit_config
[2.363s] -- Install configuration: ""
[2.364s] -- Execute custom install script
[2.365s] -- Symlinking: /home/arya/ROS/UR5e/install/ur5e_moveit_config/share/ur5e_moveit_config/launch/moveit.launch.py
[2.374s] -- Symlinking: /home/arya/ROS/UR5e/install/ur5e_moveit_config/share/ur5e_moveit_config/config/joint_limits.yaml
[2.392s] -- Symlinking: /home/arya/ROS/UR5e/install/ur5e_moveit_config/share/ur5e_moveit_config/config/kinematics.yaml
[2.406s] -- Symlinking: /home/arya/ROS/UR5e/install/ur5e_moveit_config/share/ur5e_moveit_config/config/moveit.rviz
[2.422s] -- Symlinking: /home/arya/ROS/UR5e/install/ur5e_moveit_config/share/ur5e_moveit_config/config/ompl_planning.yaml
[2.437s] -- Symlinking: /home/arya/ROS/UR5e/install/ur5e_moveit_config/share/ur5e_moveit_config/config/ur5e.srdf
[2.446s] -- Symlinking: /home/arya/ROS/UR5e/install/ur5e_moveit_config/lib/ur5e_moveit_config/cartesian_control.py
[2.457s] -- Symlinking: /home/arya/ROS/UR5e/install/ur5e_moveit_config/share/ament_index/resource_index/package_run_dependencies/ur5e_moveit_config
[2.468s] -- Symlinking: /home/arya/ROS/UR5e/install/ur5e_moveit_config/share/ament_index/resource_index/parent_prefix_path/ur5e_moveit_config
[2.478s] -- Symlinking: /home/arya/ROS/UR5e/install/ur5e_moveit_config/share/ur5e_moveit_config/environment/ament_prefix_path.sh
[2.488s] -- Symlinking: /home/arya/ROS/UR5e/install/ur5e_moveit_config/share/ur5e_moveit_config/environment/ament_prefix_path.dsv
[2.497s] -- Symlinking: /home/arya/ROS/UR5e/install/ur5e_moveit_config/share/ur5e_moveit_config/environment/path.sh
[2.507s] -- Symlinking: /home/arya/ROS/UR5e/install/ur5e_moveit_config/share/ur5e_moveit_config/environment/path.dsv
[2.516s] -- Symlinking: /home/arya/ROS/UR5e/install/ur5e_moveit_config/share/ur5e_moveit_config/local_setup.bash
[2.529s] -- Symlinking: /home/arya/ROS/UR5e/install/ur5e_moveit_config/share/ur5e_moveit_config/local_setup.sh
[2.538s] -- Symlinking: /home/arya/ROS/UR5e/install/ur5e_moveit_config/share/ur5e_moveit_config/local_setup.zsh
[2.549s] -- Symlinking: /home/arya/ROS/UR5e/install/ur5e_moveit_config/share/ur5e_moveit_config/local_setup.dsv
[2.558s] -- Symlinking: /home/arya/ROS/UR5e/install/ur5e_moveit_config/share/ur5e_moveit_config/package.dsv
[2.567s] -- Symlinking: /home/arya/ROS/UR5e/install/ur5e_moveit_config/share/ament_index/resource_index/packages/ur5e_moveit_config
[2.576s] -- Symlinking: /home/arya/ROS/UR5e/install/ur5e_moveit_config/share/ur5e_moveit_config/cmake/ur5e_moveit_configConfig.cmake
[2.593s] -- Symlinking: /home/arya/ROS/UR5e/install/ur5e_moveit_config/share/ur5e_moveit_config/cmake/ur5e_moveit_configConfig-version.cmake
[2.612s] -- Symlinking: /home/arya/ROS/UR5e/install/ur5e_moveit_config/share/ur5e_moveit_config/package.xml
[2.626s] Invoked command in '/home/arya/ROS/UR5e/build/ur5e_moveit_config' returned '0': CMAKE_PREFIX_PATH=/home/arya/ROS/UR5e/install/ur5e_description:/home/arya/ROS/UR5e/install/ur5e_moveit_config:/opt/ros/jazzy/opt/gz_sim_vendor:/opt/ros/jazzy/opt/gz_sensors_vendor:/opt/ros/jazzy/opt/gz_physics_vendor:/opt/ros/jazzy/opt/sdformat_vendor:/opt/ros/jazzy/opt/gz_gui_vendor:/opt/ros/jazzy/opt/gz_transport_vendor:/opt/ros/jazzy/opt/gz_rendering_vendor:/opt/ros/jazzy/opt/gz_plugin_vendor:/opt/ros/jazzy/opt/gz_fuel_tools_vendor:/opt/ros/jazzy/opt/gz_msgs_vendor:/opt/ros/jazzy/opt/gz_common_vendor:/opt/ros/jazzy/opt/gz_math_vendor:/opt/ros/jazzy/opt/gz_utils_vendor:/opt/ros/jazzy/opt/gz_tools_vendor:/opt/ros/jazzy/opt/gz_ogre_next_vendor:/opt/ros/jazzy/opt/gz_dartsim_vendor:/opt/ros/jazzy/opt/gz_cmake_vendor:/opt/ros/jazzy DEBUGINFOD_URLS=https://debuginfod.ubuntu.com /usr/bin/cmake --install /home/arya/ROS/UR5e/build/ur5e_moveit_config
