[0.012s] Invoking command in '/home/arya/ROS/UR5e/build/ur5e_description': CMAKE_PREFIX_PATH=${CMAKE_PREFIX_PATH}:/opt/ros/jazzy DEBUGINFOD_URLS=https://debuginfod.ubuntu.com /usr/bin/cmake --build /home/arya/ROS/UR5e/build/ur5e_description -- -j8 -l8
[0.048s] -- Found ament_cmake: 2.5.4 (/opt/ros/jazzy/share/ament_cmake/cmake)
[0.245s] -- Override CMake install command with custom implementation using symlinks instead of copying resources
[0.258s] -- Found urdf: 2.10.0 (/opt/ros/jazzy/share/urdf/cmake)
[0.295s] -- Found TinyXML2 via Config file: /usr/lib/x86_64-linux-gnu/cmake/tinyxml2
[0.299s] -- Found xacro: 2.1.1 (/opt/ros/jazzy/share/xacro/cmake)
[0.299s] -- Found ament_lint_auto: 0.17.3 (/opt/ros/jazzy/share/ament_lint_auto/cmake)
[0.392s] -- Added test 'flake8' to check Python code syntax and style conventions
[0.392s] -- Configured 'flake8' exclude dirs and/or files: 
[0.392s] -- Added test 'lint_cmake' to check CMake code style
[0.392s] -- Added test 'pep257' to check Python code against some of the docstring style conventions in PEP 257
[0.393s] -- Added test 'xmllint' to check XML markup files
[0.394s] -- Configuring done (0.4s)
[0.396s] -- Generating done (0.0s)
[0.398s] -- Build files have been written to: /home/arya/ROS/UR5e/build/ur5e_description
[0.432s] Invoked command in '/home/arya/ROS/UR5e/build/ur5e_description' returned '0': CMAKE_PREFIX_PATH=${CMAKE_PREFIX_PATH}:/opt/ros/jazzy DEBUGINFOD_URLS=https://debuginfod.ubuntu.com /usr/bin/cmake --build /home/arya/ROS/UR5e/build/ur5e_description -- -j8 -l8
[0.443s] Invoking command in '/home/arya/ROS/UR5e/build/ur5e_description': CMAKE_PREFIX_PATH=${CMAKE_PREFIX_PATH}:/opt/ros/jazzy DEBUGINFOD_URLS=https://debuginfod.ubuntu.com /usr/bin/cmake --install /home/arya/ROS/UR5e/build/ur5e_description
[0.452s] -- Install configuration: ""
[0.453s] -- Execute custom install script
[0.453s] -- Up-to-date symlink: /home/arya/ROS/UR5e/install/ur5e_description/share/ur5e_description/urdf/ur5e.urdf.xacro
[0.453s] -- Up-to-date symlink: /home/arya/ROS/UR5e/install/ur5e_description/share/ur5e_description/launch/simulate.launch.py
[0.453s] -- Up-to-date symlink: /home/arya/ROS/UR5e/install/ur5e_description/share/ur5e_description/rviz/ur5e.rviz
[0.453s] -- Up-to-date symlink: /home/arya/ROS/UR5e/install/ur5e_description/share/ament_index/resource_index/package_run_dependencies/ur5e_description
[0.454s] -- Up-to-date symlink: /home/arya/ROS/UR5e/install/ur5e_description/share/ament_index/resource_index/parent_prefix_path/ur5e_description
[0.454s] -- Up-to-date symlink: /home/arya/ROS/UR5e/install/ur5e_description/share/ur5e_description/environment/ament_prefix_path.sh
[0.454s] -- Up-to-date symlink: /home/arya/ROS/UR5e/install/ur5e_description/share/ur5e_description/environment/ament_prefix_path.dsv
[0.454s] -- Up-to-date symlink: /home/arya/ROS/UR5e/install/ur5e_description/share/ur5e_description/environment/path.sh
[0.454s] -- Up-to-date symlink: /home/arya/ROS/UR5e/install/ur5e_description/share/ur5e_description/environment/path.dsv
[0.454s] -- Up-to-date symlink: /home/arya/ROS/UR5e/install/ur5e_description/share/ur5e_description/local_setup.bash
[0.454s] -- Up-to-date symlink: /home/arya/ROS/UR5e/install/ur5e_description/share/ur5e_description/local_setup.sh
[0.454s] -- Up-to-date symlink: /home/arya/ROS/UR5e/install/ur5e_description/share/ur5e_description/local_setup.zsh
[0.454s] -- Up-to-date symlink: /home/arya/ROS/UR5e/install/ur5e_description/share/ur5e_description/local_setup.dsv
[0.455s] -- Symlinking: /home/arya/ROS/UR5e/install/ur5e_description/share/ur5e_description/package.dsv
[0.463s] -- Up-to-date symlink: /home/arya/ROS/UR5e/install/ur5e_description/share/ament_index/resource_index/packages/ur5e_description
[0.464s] -- Up-to-date symlink: /home/arya/ROS/UR5e/install/ur5e_description/share/ur5e_description/cmake/ur5e_descriptionConfig.cmake
[0.464s] -- Up-to-date symlink: /home/arya/ROS/UR5e/install/ur5e_description/share/ur5e_description/cmake/ur5e_descriptionConfig-version.cmake
[0.464s] -- Up-to-date symlink: /home/arya/ROS/UR5e/install/ur5e_description/share/ur5e_description/package.xml
[0.466s] Invoked command in '/home/arya/ROS/UR5e/build/ur5e_description' returned '0': CMAKE_PREFIX_PATH=${CMAKE_PREFIX_PATH}:/opt/ros/jazzy DEBUGINFOD_URLS=https://debuginfod.ubuntu.com /usr/bin/cmake --install /home/arya/ROS/UR5e/build/ur5e_description
