[0.004s] Invoking command in '/home/ah66586/ros2_ws/UR5e_3DP/build/ur_cell_config': CMAKE_PREFIX_PATH=/home/ah66586/ros2_ws/UR5e_3DP/install/ur5e_description:/home/ah66586/ros2_ws/UR5e_3DP/src/install/ur_cell_config:/home/ah66586/ros2_ws/UR5e_3DP/src/install/ur5e_description:/home/ah66586/ros2_ws/UR5e_3DP/install/ur_cell_config:/opt/ros/jazzy/opt/sdformat_vendor:/opt/ros/jazzy/opt/gz_math_vendor:/opt/ros/jazzy/opt/gz_utils_vendor:/opt/ros/jazzy/opt/gz_tools_vendor:/opt/ros/jazzy/opt/gz_cmake_vendor:/opt/ros/jazzy DEBUGINFOD_URLS=https://debuginfod.ubuntu.com /usr/bin/cmake /home/ah66586/ros2_ws/UR5e_3DP/src/ur_cell_config -DAMENT_CMAKE_SYMLINK_INSTALL=1 -DCMAKE_INSTALL_PREFIX=/home/ah66586/ros2_ws/UR5e_3DP/install/ur_cell_config
[0.039s] -- The C compiler identification is GNU 13.3.0
[0.076s] -- The CXX compiler identification is GNU 13.3.0
[0.085s] -- Detecting C compiler ABI info
[0.141s] -- Detecting C compiler ABI info - done
[0.147s] -- Check for working C compiler: /usr/bin/cc - skipped
[0.147s] -- Detecting C compile features
[0.147s] -- Detecting C compile features - done
[0.153s] -- Detecting CXX compiler ABI info
[0.214s] -- Detecting CXX compiler ABI info - done
[0.220s] -- Check for working CXX compiler: /usr/bin/c++ - skipped
[0.220s] -- Detecting CXX compile features
[0.220s] -- Detecting CXX compile features - done
[0.222s] -- Found ament_cmake: 2.5.5 (/opt/ros/jazzy/share/ament_cmake/cmake)
[0.315s] -- Found Python3: /usr/bin/python3 (found version "3.12.3") found components: Interpreter 
[0.363s] -- Override CMake install command with custom implementation using symlinks instead of copying resources
[0.444s] -- Configuring done (0.4s)
[0.446s] -- Generating done (0.0s)
[0.447s] -- Build files have been written to: /home/ah66586/ros2_ws/UR5e_3DP/build/ur_cell_config
[0.450s] Invoked command in '/home/ah66586/ros2_ws/UR5e_3DP/build/ur_cell_config' returned '0': CMAKE_PREFIX_PATH=/home/ah66586/ros2_ws/UR5e_3DP/install/ur5e_description:/home/ah66586/ros2_ws/UR5e_3DP/src/install/ur_cell_config:/home/ah66586/ros2_ws/UR5e_3DP/src/install/ur5e_description:/home/ah66586/ros2_ws/UR5e_3DP/install/ur_cell_config:/opt/ros/jazzy/opt/sdformat_vendor:/opt/ros/jazzy/opt/gz_math_vendor:/opt/ros/jazzy/opt/gz_utils_vendor:/opt/ros/jazzy/opt/gz_tools_vendor:/opt/ros/jazzy/opt/gz_cmake_vendor:/opt/ros/jazzy DEBUGINFOD_URLS=https://debuginfod.ubuntu.com /usr/bin/cmake /home/ah66586/ros2_ws/UR5e_3DP/src/ur_cell_config -DAMENT_CMAKE_SYMLINK_INSTALL=1 -DCMAKE_INSTALL_PREFIX=/home/ah66586/ros2_ws/UR5e_3DP/install/ur_cell_config
[0.451s] Invoking command in '/home/ah66586/ros2_ws/UR5e_3DP/build/ur_cell_config': CMAKE_PREFIX_PATH=/home/ah66586/ros2_ws/UR5e_3DP/install/ur5e_description:/home/ah66586/ros2_ws/UR5e_3DP/src/install/ur_cell_config:/home/ah66586/ros2_ws/UR5e_3DP/src/install/ur5e_description:/home/ah66586/ros2_ws/UR5e_3DP/install/ur_cell_config:/opt/ros/jazzy/opt/sdformat_vendor:/opt/ros/jazzy/opt/gz_math_vendor:/opt/ros/jazzy/opt/gz_utils_vendor:/opt/ros/jazzy/opt/gz_tools_vendor:/opt/ros/jazzy/opt/gz_cmake_vendor:/opt/ros/jazzy DEBUGINFOD_URLS=https://debuginfod.ubuntu.com /usr/bin/cmake --build /home/ah66586/ros2_ws/UR5e_3DP/build/ur_cell_config -- -j16 -l16
[0.474s] Invoked command in '/home/ah66586/ros2_ws/UR5e_3DP/build/ur_cell_config' returned '0': CMAKE_PREFIX_PATH=/home/ah66586/ros2_ws/UR5e_3DP/install/ur5e_description:/home/ah66586/ros2_ws/UR5e_3DP/src/install/ur_cell_config:/home/ah66586/ros2_ws/UR5e_3DP/src/install/ur5e_description:/home/ah66586/ros2_ws/UR5e_3DP/install/ur_cell_config:/opt/ros/jazzy/opt/sdformat_vendor:/opt/ros/jazzy/opt/gz_math_vendor:/opt/ros/jazzy/opt/gz_utils_vendor:/opt/ros/jazzy/opt/gz_tools_vendor:/opt/ros/jazzy/opt/gz_cmake_vendor:/opt/ros/jazzy DEBUGINFOD_URLS=https://debuginfod.ubuntu.com /usr/bin/cmake --build /home/ah66586/ros2_ws/UR5e_3DP/build/ur_cell_config -- -j16 -l16
[0.475s] Invoking command in '/home/ah66586/ros2_ws/UR5e_3DP/build/ur_cell_config': CMAKE_PREFIX_PATH=/home/ah66586/ros2_ws/UR5e_3DP/install/ur5e_description:/home/ah66586/ros2_ws/UR5e_3DP/src/install/ur_cell_config:/home/ah66586/ros2_ws/UR5e_3DP/src/install/ur5e_description:/home/ah66586/ros2_ws/UR5e_3DP/install/ur_cell_config:/opt/ros/jazzy/opt/sdformat_vendor:/opt/ros/jazzy/opt/gz_math_vendor:/opt/ros/jazzy/opt/gz_utils_vendor:/opt/ros/jazzy/opt/gz_tools_vendor:/opt/ros/jazzy/opt/gz_cmake_vendor:/opt/ros/jazzy DEBUGINFOD_URLS=https://debuginfod.ubuntu.com /usr/bin/cmake --install /home/ah66586/ros2_ws/UR5e_3DP/build/ur_cell_config
[0.480s] -- Install configuration: ""
[0.480s] -- Execute custom install script
[0.480s] -- Symlinking: /home/ah66586/ros2_ws/UR5e_3DP/install/ur_cell_config/share/ament_index/resource_index/package_run_dependencies/ur_cell_config
[0.485s] -- Symlinking: /home/ah66586/ros2_ws/UR5e_3DP/install/ur_cell_config/share/ament_index/resource_index/parent_prefix_path/ur_cell_config
[0.491s] -- Symlinking: /home/ah66586/ros2_ws/UR5e_3DP/install/ur_cell_config/share/ur_cell_config/environment/ament_prefix_path.sh
[0.497s] -- Symlinking: /home/ah66586/ros2_ws/UR5e_3DP/install/ur_cell_config/share/ur_cell_config/environment/ament_prefix_path.dsv
[0.502s] -- Symlinking: /home/ah66586/ros2_ws/UR5e_3DP/install/ur_cell_config/share/ur_cell_config/environment/path.sh
[0.507s] -- Symlinking: /home/ah66586/ros2_ws/UR5e_3DP/install/ur_cell_config/share/ur_cell_config/environment/path.dsv
[0.513s] -- Symlinking: /home/ah66586/ros2_ws/UR5e_3DP/install/ur_cell_config/share/ur_cell_config/local_setup.bash
[0.518s] -- Symlinking: /home/ah66586/ros2_ws/UR5e_3DP/install/ur_cell_config/share/ur_cell_config/local_setup.sh
[0.523s] -- Symlinking: /home/ah66586/ros2_ws/UR5e_3DP/install/ur_cell_config/share/ur_cell_config/local_setup.zsh
[0.528s] -- Symlinking: /home/ah66586/ros2_ws/UR5e_3DP/install/ur_cell_config/share/ur_cell_config/local_setup.dsv
[0.534s] -- Symlinking: /home/ah66586/ros2_ws/UR5e_3DP/install/ur_cell_config/share/ur_cell_config/package.dsv
[0.539s] -- Symlinking: /home/ah66586/ros2_ws/UR5e_3DP/install/ur_cell_config/share/ament_index/resource_index/packages/ur_cell_config
[0.544s] -- Symlinking: /home/ah66586/ros2_ws/UR5e_3DP/install/ur_cell_config/share/ur_cell_config/cmake/ur_cell_configConfig.cmake
[0.549s] -- Symlinking: /home/ah66586/ros2_ws/UR5e_3DP/install/ur_cell_config/share/ur_cell_config/cmake/ur_cell_configConfig-version.cmake
[0.554s] -- Symlinking: /home/ah66586/ros2_ws/UR5e_3DP/install/ur_cell_config/share/ur_cell_config/package.xml
[0.560s] -- Symlinking: /home/ah66586/ros2_ws/UR5e_3DP/install/ur_cell_config/share/ur_cell_config/launch/move_group.launch.py
[0.565s] -- Symlinking: /home/ah66586/ros2_ws/UR5e_3DP/install/ur_cell_config/share/ur_cell_config/launch/moveit_rviz.launch.py
[0.570s] -- Symlinking: /home/ah66586/ros2_ws/UR5e_3DP/install/ur_cell_config/share/ur_cell_config/launch/setup_assistant.launch.py
[0.576s] -- Symlinking: /home/ah66586/ros2_ws/UR5e_3DP/install/ur_cell_config/share/ur_cell_config/config/joint_limits.yaml
[0.581s] -- Symlinking: /home/ah66586/ros2_ws/UR5e_3DP/install/ur_cell_config/share/ur_cell_config/config/kinematics.yaml
[0.586s] -- Symlinking: /home/ah66586/ros2_ws/UR5e_3DP/install/ur_cell_config/share/ur_cell_config/config/moveit.rviz
[0.591s] -- Symlinking: /home/ah66586/ros2_ws/UR5e_3DP/install/ur_cell_config/share/ur_cell_config/config/moveit_controllers.yaml
[0.597s] -- Symlinking: /home/ah66586/ros2_ws/UR5e_3DP/install/ur_cell_config/share/ur_cell_config/config/pilz_cartesian_limits.yaml
[0.602s] -- Symlinking: /home/ah66586/ros2_ws/UR5e_3DP/install/ur_cell_config/share/ur_cell_config/config/ur5e.srdf
[0.607s] -- Symlinking: /home/ah66586/ros2_ws/UR5e_3DP/install/ur_cell_config/share/ur_cell_config/.setup_assistant
[0.613s] Invoked command in '/home/ah66586/ros2_ws/UR5e_3DP/build/ur_cell_config' returned '0': CMAKE_PREFIX_PATH=/home/ah66586/ros2_ws/UR5e_3DP/install/ur5e_description:/home/ah66586/ros2_ws/UR5e_3DP/src/install/ur_cell_config:/home/ah66586/ros2_ws/UR5e_3DP/src/install/ur5e_description:/home/ah66586/ros2_ws/UR5e_3DP/install/ur_cell_config:/opt/ros/jazzy/opt/sdformat_vendor:/opt/ros/jazzy/opt/gz_math_vendor:/opt/ros/jazzy/opt/gz_utils_vendor:/opt/ros/jazzy/opt/gz_tools_vendor:/opt/ros/jazzy/opt/gz_cmake_vendor:/opt/ros/jazzy DEBUGINFOD_URLS=https://debuginfod.ubuntu.com /usr/bin/cmake --install /home/ah66586/ros2_ws/UR5e_3DP/build/ur_cell_config
