[0.011s] Invoking command in '/home/arya/ROS/UR5e/build/ur5e_description': CMAKE_PREFIX_PATH=${CMAKE_PREFIX_PATH}:/opt/ros/jazzy DEBUGINFOD_URLS=https://debuginfod.ubuntu.com /usr/bin/cmake /home/arya/ROS/UR5e/src/ur5e_description -DAMENT_CMAKE_SYMLINK_INSTALL=1 -DCMAKE_INSTALL_PREFIX=/home/arya/ROS/UR5e/install/ur5e_description
[0.088s] -- The C compiler identification is GNU 13.3.0
[0.168s] -- The CXX compiler identification is GNU 13.3.0
[0.200s] -- Detecting C compiler ABI info
[0.316s] -- Detecting C compiler ABI info - done
[0.325s] -- Check for working C compiler: /usr/bin/cc - skipped
[0.326s] -- Detecting C compile features
[0.326s] -- Detecting C compile features - done
[0.339s] -- Detecting CXX compiler ABI info
[0.447s] -- Detecting CXX compiler ABI info - done
[0.456s] -- Check for working CXX compiler: /usr/bin/c++ - skipped
[0.456s] -- Detecting CXX compile features
[0.456s] -- Detecting CXX compile features - done
[0.460s] -- Found ament_cmake: 2.5.4 (/opt/ros/jazzy/share/ament_cmake/cmake)
[0.606s] -- Found Python3: /usr/bin/python3 (found version "3.12.3") found components: Interpreter 
[0.682s] -- Override CMake install command with custom implementation using symlinks instead of copying resources
[0.745s] -- Found urdf: 2.10.0 (/opt/ros/jazzy/share/urdf/cmake)
[0.793s] -- Found TinyXML2 via Config file: /usr/lib/x86_64-linux-gnu/cmake/tinyxml2
[0.810s] -- Found xacro: 2.1.1 (/opt/ros/jazzy/share/xacro/cmake)
[0.815s] -- Found ament_lint_auto: 0.17.3 (/opt/ros/jazzy/share/ament_lint_auto/cmake)
[0.956s] -- Added test 'flake8' to check Python code syntax and style conventions
[0.957s] -- Configured 'flake8' exclude dirs and/or files: 
[0.957s] -- Added test 'lint_cmake' to check CMake code style
[0.958s] -- Added test 'pep257' to check Python code against some of the docstring style conventions in PEP 257
[0.960s] -- Added test 'xmllint' to check XML markup files
[0.962s] -- Configuring done (0.9s)
[0.965s] -- Generating done (0.0s)
[0.966s] -- Build files have been written to: /home/arya/ROS/UR5e/build/ur5e_description
[0.973s] Invoked command in '/home/arya/ROS/UR5e/build/ur5e_description' returned '0': CMAKE_PREFIX_PATH=${CMAKE_PREFIX_PATH}:/opt/ros/jazzy DEBUGINFOD_URLS=https://debuginfod.ubuntu.com /usr/bin/cmake /home/arya/ROS/UR5e/src/ur5e_description -DAMENT_CMAKE_SYMLINK_INSTALL=1 -DCMAKE_INSTALL_PREFIX=/home/arya/ROS/UR5e/install/ur5e_description
[0.976s] Invoking command in '/home/arya/ROS/UR5e/build/ur5e_description': CMAKE_PREFIX_PATH=${CMAKE_PREFIX_PATH}:/opt/ros/jazzy DEBUGINFOD_URLS=https://debuginfod.ubuntu.com /usr/bin/cmake --build /home/arya/ROS/UR5e/build/ur5e_description -- -j8 -l8
[1.019s] Invoked command in '/home/arya/ROS/UR5e/build/ur5e_description' returned '0': CMAKE_PREFIX_PATH=${CMAKE_PREFIX_PATH}:/opt/ros/jazzy DEBUGINFOD_URLS=https://debuginfod.ubuntu.com /usr/bin/cmake --build /home/arya/ROS/UR5e/build/ur5e_description -- -j8 -l8
[1.036s] Invoking command in '/home/arya/ROS/UR5e/build/ur5e_description': CMAKE_PREFIX_PATH=${CMAKE_PREFIX_PATH}:/opt/ros/jazzy DEBUGINFOD_URLS=https://debuginfod.ubuntu.com /usr/bin/cmake --install /home/arya/ROS/UR5e/build/ur5e_description
[1.043s] -- Install configuration: ""
[1.043s] -- Execute custom install script
[1.043s] -- Symlinking: /home/arya/ROS/UR5e/install/ur5e_description/share/ur5e_description/urdf/ur5e.urdf.xacro
[1.058s] -- Symlinking: /home/arya/ROS/UR5e/install/ur5e_description/share/ur5e_description/launch/simulate.launch.py
[1.075s] -- Symlinking: /home/arya/ROS/UR5e/install/ur5e_description/share/ur5e_description/rviz/ur5e.rviz
[1.090s] -- Symlinking: /home/arya/ROS/UR5e/install/ur5e_description/share/ament_index/resource_index/package_run_dependencies/ur5e_description
[1.106s] -- Symlinking: /home/arya/ROS/UR5e/install/ur5e_description/share/ament_index/resource_index/parent_prefix_path/ur5e_description
[1.115s] -- Symlinking: /home/arya/ROS/UR5e/install/ur5e_description/share/ur5e_description/environment/ament_prefix_path.sh
[1.130s] -- Symlinking: /home/arya/ROS/UR5e/install/ur5e_description/share/ur5e_description/environment/ament_prefix_path.dsv
[1.145s] -- Symlinking: /home/arya/ROS/UR5e/install/ur5e_description/share/ur5e_description/environment/path.sh
[1.163s] -- Symlinking: /home/arya/ROS/UR5e/install/ur5e_description/share/ur5e_description/environment/path.dsv
[1.179s] -- Symlinking: /home/arya/ROS/UR5e/install/ur5e_description/share/ur5e_description/local_setup.bash
[1.187s] -- Symlinking: /home/arya/ROS/UR5e/install/ur5e_description/share/ur5e_description/local_setup.sh
[1.195s] -- Symlinking: /home/arya/ROS/UR5e/install/ur5e_description/share/ur5e_description/local_setup.zsh
[1.212s] -- Symlinking: /home/arya/ROS/UR5e/install/ur5e_description/share/ur5e_description/local_setup.dsv
[1.224s] -- Symlinking: /home/arya/ROS/UR5e/install/ur5e_description/share/ur5e_description/package.dsv
[1.242s] -- Symlinking: /home/arya/ROS/UR5e/install/ur5e_description/share/ament_index/resource_index/packages/ur5e_description
[1.251s] -- Symlinking: /home/arya/ROS/UR5e/install/ur5e_description/share/ur5e_description/cmake/ur5e_descriptionConfig.cmake
[1.259s] -- Symlinking: /home/arya/ROS/UR5e/install/ur5e_description/share/ur5e_description/cmake/ur5e_descriptionConfig-version.cmake
[1.268s] -- Symlinking: /home/arya/ROS/UR5e/install/ur5e_description/share/ur5e_description/package.xml
[1.279s] Invoked command in '/home/arya/ROS/UR5e/build/ur5e_description' returned '0': CMAKE_PREFIX_PATH=${CMAKE_PREFIX_PATH}:/opt/ros/jazzy DEBUGINFOD_URLS=https://debuginfod.ubuntu.com /usr/bin/cmake --install /home/arya/ROS/UR5e/build/ur5e_description
