[0.077s] DEBUG:colcon:Command line arguments: ['/usr/bin/colcon', 'build', '--symlink-install']
[0.077s] DEBUG:colcon:Parsed command line arguments: Namespace(log_base=None, log_level=None, verb_name='build', build_base='build', install_base='install', merge_install=False, symlink_install=True, test_result_base=None, continue_on_error=False, executor='parallel', parallel_workers=16, event_handlers=None, ignore_user_meta=False, metas=['./colcon.meta'], base_paths=['.'], packages_ignore=None, packages_ignore_regex=None, paths=None, packages_up_to=None, packages_up_to_regex=None, packages_above=None, packages_above_and_dependencies=None, packages_above_depth=None, packages_select_by_dep=None, packages_skip_by_dep=None, packages_skip_up_to=None, packages_select_build_failed=False, packages_skip_build_finished=False, packages_select_test_failures=False, packages_skip_test_passed=False, packages_select=None, packages_skip=None, packages_select_regex=None, packages_skip_regex=None, packages_start=None, packages_end=None, allow_overriding=[], cmake_args=None, cmake_target=None, cmake_target_skip_unavailable=False, cmake_clean_cache=False, cmake_clean_first=False, cmake_force_configure=False, ament_cmake_args=None, catkin_cmake_args=None, catkin_skip_building_tests=False, verb_parser=<colcon_defaults.argument_parser.defaults.DefaultArgumentsDecorator object at 0x7110033943e0>, verb_extension=<colcon_core.verb.build.BuildVerb object at 0x711003373980>, main=<bound method BuildVerb.main of <colcon_core.verb.build.BuildVerb object at 0x711003373980>>)
[0.103s] Level 1:colcon.colcon_core.package_discovery:discover_packages(colcon_meta) check parameters
[0.103s] Level 1:colcon.colcon_core.package_discovery:discover_packages(recursive) check parameters
[0.103s] Level 1:colcon.colcon_core.package_discovery:discover_packages(ignore) check parameters
[0.103s] Level 1:colcon.colcon_core.package_discovery:discover_packages(path) check parameters
[0.103s] Level 1:colcon.colcon_core.package_discovery:discover_packages(colcon_meta) discover
[0.103s] Level 1:colcon.colcon_core.package_discovery:discover_packages(recursive) discover
[0.104s] INFO:colcon.colcon_core.package_discovery:Crawling recursively for packages in '/home/ah66586/ros2_ws/UR5e_3DP'
[0.104s] Level 1:colcon.colcon_core.package_identification:_identify(.) by extensions ['ignore', 'ignore_ament_install']
[0.104s] Level 1:colcon.colcon_core.package_identification:_identify(.) by extension 'ignore'
[0.104s] Level 1:colcon.colcon_core.package_identification:_identify(.) by extension 'ignore_ament_install'
[0.104s] Level 1:colcon.colcon_core.package_identification:_identify(.) by extensions ['colcon_pkg']
[0.104s] Level 1:colcon.colcon_core.package_identification:_identify(.) by extension 'colcon_pkg'
[0.104s] Level 1:colcon.colcon_core.package_identification:_identify(.) by extensions ['colcon_meta']
[0.104s] Level 1:colcon.colcon_core.package_identification:_identify(.) by extension 'colcon_meta'
[0.104s] Level 1:colcon.colcon_core.package_identification:_identify(.) by extensions ['ros']
[0.104s] Level 1:colcon.colcon_core.package_identification:_identify(.) by extension 'ros'
[0.122s] Level 1:colcon.colcon_core.package_identification:_identify(.) by extensions ['cmake', 'python']
[0.122s] Level 1:colcon.colcon_core.package_identification:_identify(.) by extension 'cmake'
[0.122s] Level 1:colcon.colcon_core.package_identification:_identify(.) by extension 'python'
[0.122s] Level 1:colcon.colcon_core.package_identification:_identify(.) by extensions ['python_setup_py']
[0.122s] Level 1:colcon.colcon_core.package_identification:_identify(.) by extension 'python_setup_py'
[0.123s] Level 1:colcon.colcon_core.package_identification:_identify(build) by extensions ['ignore', 'ignore_ament_install']
[0.123s] Level 1:colcon.colcon_core.package_identification:_identify(build) by extension 'ignore'
[0.123s] Level 1:colcon.colcon_core.package_identification:_identify(build) ignored
[0.123s] Level 1:colcon.colcon_core.package_identification:_identify(install) by extensions ['ignore', 'ignore_ament_install']
[0.123s] Level 1:colcon.colcon_core.package_identification:_identify(install) by extension 'ignore'
[0.123s] Level 1:colcon.colcon_core.package_identification:_identify(install) ignored
[0.123s] Level 1:colcon.colcon_core.package_identification:_identify(log) by extensions ['ignore', 'ignore_ament_install']
[0.123s] Level 1:colcon.colcon_core.package_identification:_identify(log) by extension 'ignore'
[0.123s] Level 1:colcon.colcon_core.package_identification:_identify(log) ignored
[0.123s] Level 1:colcon.colcon_core.package_identification:_identify(src) by extensions ['ignore', 'ignore_ament_install']
[0.123s] Level 1:colcon.colcon_core.package_identification:_identify(src) by extension 'ignore'
[0.123s] Level 1:colcon.colcon_core.package_identification:_identify(src) by extension 'ignore_ament_install'
[0.123s] Level 1:colcon.colcon_core.package_identification:_identify(src) by extensions ['colcon_pkg']
[0.123s] Level 1:colcon.colcon_core.package_identification:_identify(src) by extension 'colcon_pkg'
[0.123s] Level 1:colcon.colcon_core.package_identification:_identify(src) by extensions ['colcon_meta']
[0.123s] Level 1:colcon.colcon_core.package_identification:_identify(src) by extension 'colcon_meta'
[0.123s] Level 1:colcon.colcon_core.package_identification:_identify(src) by extensions ['ros']
[0.123s] Level 1:colcon.colcon_core.package_identification:_identify(src) by extension 'ros'
[0.123s] Level 1:colcon.colcon_core.package_identification:_identify(src) by extensions ['cmake', 'python']
[0.123s] Level 1:colcon.colcon_core.package_identification:_identify(src) by extension 'cmake'
[0.123s] Level 1:colcon.colcon_core.package_identification:_identify(src) by extension 'python'
[0.123s] Level 1:colcon.colcon_core.package_identification:_identify(src) by extensions ['python_setup_py']
[0.124s] Level 1:colcon.colcon_core.package_identification:_identify(src) by extension 'python_setup_py'
[0.124s] Level 1:colcon.colcon_core.package_identification:_identify(src/ur5e_description) by extensions ['ignore', 'ignore_ament_install']
[0.124s] Level 1:colcon.colcon_core.package_identification:_identify(src/ur5e_description) by extension 'ignore'
[0.124s] Level 1:colcon.colcon_core.package_identification:_identify(src/ur5e_description) by extension 'ignore_ament_install'
[0.124s] Level 1:colcon.colcon_core.package_identification:_identify(src/ur5e_description) by extensions ['colcon_pkg']
[0.124s] Level 1:colcon.colcon_core.package_identification:_identify(src/ur5e_description) by extension 'colcon_pkg'
[0.124s] Level 1:colcon.colcon_core.package_identification:_identify(src/ur5e_description) by extensions ['colcon_meta']
[0.124s] Level 1:colcon.colcon_core.package_identification:_identify(src/ur5e_description) by extension 'colcon_meta'
[0.124s] Level 1:colcon.colcon_core.package_identification:_identify(src/ur5e_description) by extensions ['ros']
[0.124s] Level 1:colcon.colcon_core.package_identification:_identify(src/ur5e_description) by extension 'ros'
[0.125s] DEBUG:colcon.colcon_core.package_identification:Package 'src/ur5e_description' with type 'ros.ament_cmake' and name 'ur5e_description'
[0.126s] Level 1:colcon.colcon_core.package_identification:_identify(src/ur_cell_config) by extensions ['ignore', 'ignore_ament_install']
[0.126s] Level 1:colcon.colcon_core.package_identification:_identify(src/ur_cell_config) by extension 'ignore'
[0.126s] Level 1:colcon.colcon_core.package_identification:_identify(src/ur_cell_config) by extension 'ignore_ament_install'
[0.126s] Level 1:colcon.colcon_core.package_identification:_identify(src/ur_cell_config) by extensions ['colcon_pkg']
[0.126s] Level 1:colcon.colcon_core.package_identification:_identify(src/ur_cell_config) by extension 'colcon_pkg'
[0.126s] Level 1:colcon.colcon_core.package_identification:_identify(src/ur_cell_config) by extensions ['colcon_meta']
[0.126s] Level 1:colcon.colcon_core.package_identification:_identify(src/ur_cell_config) by extension 'colcon_meta'
[0.126s] Level 1:colcon.colcon_core.package_identification:_identify(src/ur_cell_config) by extensions ['ros']
[0.126s] Level 1:colcon.colcon_core.package_identification:_identify(src/ur_cell_config) by extension 'ros'
[0.126s] DEBUG:colcon.colcon_core.package_identification:Package 'src/ur_cell_config' with type 'ros.ament_cmake' and name 'ur_cell_config'
[0.126s] Level 1:colcon.colcon_core.package_discovery:discover_packages(recursive) using defaults
[0.126s] Level 1:colcon.colcon_core.package_discovery:discover_packages(ignore) discover
[0.127s] Level 1:colcon.colcon_core.package_discovery:discover_packages(ignore) using defaults
[0.127s] Level 1:colcon.colcon_core.package_discovery:discover_packages(path) discover
[0.127s] Level 1:colcon.colcon_core.package_discovery:discover_packages(path) using defaults
[0.139s] Level 1:colcon.colcon_core.package_discovery:discover_packages(prefix_path) check parameters
[0.139s] Level 1:colcon.colcon_core.package_discovery:discover_packages(prefix_path) discover
[0.140s] DEBUG:colcon.colcon_installed_package_information.package_discovery:Found 2 installed packages in /home/ah66586/ros2_ws/UR5e_3DP/install
[0.141s] DEBUG:colcon.colcon_installed_package_information.package_discovery:Found 390 installed packages in /opt/ros/jazzy
[0.142s] Level 1:colcon.colcon_core.package_discovery:discover_packages(prefix_path) using defaults
[0.180s] Level 5:colcon.colcon_core.verb:set package 'ur5e_description' build argument 'cmake_args' from command line to 'None'
[0.180s] Level 5:colcon.colcon_core.verb:set package 'ur5e_description' build argument 'cmake_target' from command line to 'None'
[0.180s] Level 5:colcon.colcon_core.verb:set package 'ur5e_description' build argument 'cmake_target_skip_unavailable' from command line to 'False'
[0.180s] Level 5:colcon.colcon_core.verb:set package 'ur5e_description' build argument 'cmake_clean_cache' from command line to 'False'
[0.180s] Level 5:colcon.colcon_core.verb:set package 'ur5e_description' build argument 'cmake_clean_first' from command line to 'False'
[0.180s] Level 5:colcon.colcon_core.verb:set package 'ur5e_description' build argument 'cmake_force_configure' from command line to 'False'
[0.181s] Level 5:colcon.colcon_core.verb:set package 'ur5e_description' build argument 'ament_cmake_args' from command line to 'None'
[0.181s] Level 5:colcon.colcon_core.verb:set package 'ur5e_description' build argument 'catkin_cmake_args' from command line to 'None'
[0.181s] Level 5:colcon.colcon_core.verb:set package 'ur5e_description' build argument 'catkin_skip_building_tests' from command line to 'False'
[0.181s] DEBUG:colcon.colcon_core.verb:Building package 'ur5e_description' with the following arguments: {'ament_cmake_args': None, 'build_base': '/home/ah66586/ros2_ws/UR5e_3DP/build/ur5e_description', 'catkin_cmake_args': None, 'catkin_skip_building_tests': False, 'cmake_args': None, 'cmake_clean_cache': False, 'cmake_clean_first': False, 'cmake_force_configure': False, 'cmake_target': None, 'cmake_target_skip_unavailable': False, 'install_base': '/home/ah66586/ros2_ws/UR5e_3DP/install/ur5e_description', 'merge_install': False, 'path': '/home/ah66586/ros2_ws/UR5e_3DP/src/ur5e_description', 'symlink_install': True, 'test_result_base': None}
[0.181s] Level 5:colcon.colcon_core.verb:set package 'ur_cell_config' build argument 'cmake_args' from command line to 'None'
[0.181s] Level 5:colcon.colcon_core.verb:set package 'ur_cell_config' build argument 'cmake_target' from command line to 'None'
[0.181s] Level 5:colcon.colcon_core.verb:set package 'ur_cell_config' build argument 'cmake_target_skip_unavailable' from command line to 'False'
[0.181s] Level 5:colcon.colcon_core.verb:set package 'ur_cell_config' build argument 'cmake_clean_cache' from command line to 'False'
[0.181s] Level 5:colcon.colcon_core.verb:set package 'ur_cell_config' build argument 'cmake_clean_first' from command line to 'False'
[0.181s] Level 5:colcon.colcon_core.verb:set package 'ur_cell_config' build argument 'cmake_force_configure' from command line to 'False'
[0.181s] Level 5:colcon.colcon_core.verb:set package 'ur_cell_config' build argument 'ament_cmake_args' from command line to 'None'
[0.181s] Level 5:colcon.colcon_core.verb:set package 'ur_cell_config' build argument 'catkin_cmake_args' from command line to 'None'
[0.181s] Level 5:colcon.colcon_core.verb:set package 'ur_cell_config' build argument 'catkin_skip_building_tests' from command line to 'False'
[0.181s] DEBUG:colcon.colcon_core.verb:Building package 'ur_cell_config' with the following arguments: {'ament_cmake_args': None, 'build_base': '/home/ah66586/ros2_ws/UR5e_3DP/build/ur_cell_config', 'catkin_cmake_args': None, 'catkin_skip_building_tests': False, 'cmake_args': None, 'cmake_clean_cache': False, 'cmake_clean_first': False, 'cmake_force_configure': False, 'cmake_target': None, 'cmake_target_skip_unavailable': False, 'install_base': '/home/ah66586/ros2_ws/UR5e_3DP/install/ur_cell_config', 'merge_install': False, 'path': '/home/ah66586/ros2_ws/UR5e_3DP/src/ur_cell_config', 'symlink_install': True, 'test_result_base': None}
[0.181s] INFO:colcon.colcon_core.executor:Executing jobs using 'parallel' executor
[0.182s] DEBUG:colcon.colcon_parallel_executor.executor.parallel:run_until_complete
[0.182s] INFO:colcon.colcon_ros.task.ament_cmake.build:Building ROS package in '/home/ah66586/ros2_ws/UR5e_3DP/src/ur5e_description' with build type 'ament_cmake'
[0.182s] INFO:colcon.colcon_cmake.task.cmake.build:Building CMake package in '/home/ah66586/ros2_ws/UR5e_3DP/src/ur5e_description'
[0.183s] INFO:colcon.colcon_core.plugin_system:Skipping extension 'colcon_core.shell.bat': Not used on non-Windows systems
[0.183s] INFO:colcon.colcon_core.shell:Skip shell extension 'powershell' for command environment: Not usable outside of PowerShell
[0.183s] DEBUG:colcon.colcon_core.shell:Skip shell extension 'dsv' for command environment
[0.189s] DEBUG:colcon.colcon_core.event_handler.log_command:Invoking command in '/home/ah66586/ros2_ws/UR5e_3DP/build/ur5e_description': CMAKE_PREFIX_PATH=${CMAKE_PREFIX_PATH}:/opt/ros/jazzy DEBUGINFOD_URLS=https://debuginfod.ubuntu.com /usr/bin/cmake --build /home/ah66586/ros2_ws/UR5e_3DP/build/ur5e_description -- -j16 -l16
[0.214s] DEBUG:colcon.colcon_core.event_handler.log_command:Invoked command in '/home/ah66586/ros2_ws/UR5e_3DP/build/ur5e_description' returned '0': CMAKE_PREFIX_PATH=${CMAKE_PREFIX_PATH}:/opt/ros/jazzy DEBUGINFOD_URLS=https://debuginfod.ubuntu.com /usr/bin/cmake --build /home/ah66586/ros2_ws/UR5e_3DP/build/ur5e_description -- -j16 -l16
[0.220s] DEBUG:colcon.colcon_core.event_handler.log_command:Invoking command in '/home/ah66586/ros2_ws/UR5e_3DP/build/ur5e_description': CMAKE_PREFIX_PATH=${CMAKE_PREFIX_PATH}:/opt/ros/jazzy DEBUGINFOD_URLS=https://debuginfod.ubuntu.com /usr/bin/cmake --install /home/ah66586/ros2_ws/UR5e_3DP/build/ur5e_description
[0.235s] Level 1:colcon.colcon_core.environment:create_environment_scripts_only(ur5e_description)
[0.236s] DEBUG:colcon.colcon_core.event_handler.log_command:Invoked command in '/home/ah66586/ros2_ws/UR5e_3DP/build/ur5e_description' returned '0': CMAKE_PREFIX_PATH=${CMAKE_PREFIX_PATH}:/opt/ros/jazzy DEBUGINFOD_URLS=https://debuginfod.ubuntu.com /usr/bin/cmake --install /home/ah66586/ros2_ws/UR5e_3DP/build/ur5e_description
[0.237s] Level 1:colcon.colcon_core.environment:checking '/home/ah66586/ros2_ws/UR5e_3DP/install/ur5e_description' for CMake module files
[0.237s] Level 1:colcon.colcon_core.environment:checking '/home/ah66586/ros2_ws/UR5e_3DP/install/ur5e_description' for CMake config files
[0.237s] Level 1:colcon.colcon_core.shell:create_environment_hook('ur5e_description', 'cmake_prefix_path')
[0.238s] INFO:colcon.colcon_core.shell:Creating environment hook '/home/ah66586/ros2_ws/UR5e_3DP/install/ur5e_description/share/ur5e_description/hook/cmake_prefix_path.ps1'
[0.238s] INFO:colcon.colcon_core.shell:Creating environment descriptor '/home/ah66586/ros2_ws/UR5e_3DP/install/ur5e_description/share/ur5e_description/hook/cmake_prefix_path.dsv'
[0.238s] INFO:colcon.colcon_core.shell:Creating environment hook '/home/ah66586/ros2_ws/UR5e_3DP/install/ur5e_description/share/ur5e_description/hook/cmake_prefix_path.sh'
[0.239s] Level 1:colcon.colcon_core.environment:checking '/home/ah66586/ros2_ws/UR5e_3DP/install/ur5e_description/bin'
[0.239s] Level 1:colcon.colcon_core.environment:checking '/home/ah66586/ros2_ws/UR5e_3DP/install/ur5e_description/lib/pkgconfig/ur5e_description.pc'
[0.239s] Level 1:colcon.colcon_core.environment:checking '/home/ah66586/ros2_ws/UR5e_3DP/install/ur5e_description/lib/python3.12/site-packages'
[0.240s] Level 1:colcon.colcon_core.environment:checking '/home/ah66586/ros2_ws/UR5e_3DP/install/ur5e_description/bin'
[0.240s] INFO:colcon.colcon_core.shell:Creating package script '/home/ah66586/ros2_ws/UR5e_3DP/install/ur5e_description/share/ur5e_description/package.ps1'
[0.240s] INFO:colcon.colcon_core.shell:Creating package descriptor '/home/ah66586/ros2_ws/UR5e_3DP/install/ur5e_description/share/ur5e_description/package.dsv'
[0.241s] INFO:colcon.colcon_core.shell:Creating package script '/home/ah66586/ros2_ws/UR5e_3DP/install/ur5e_description/share/ur5e_description/package.sh'
[0.241s] INFO:colcon.colcon_core.shell:Creating package script '/home/ah66586/ros2_ws/UR5e_3DP/install/ur5e_description/share/ur5e_description/package.bash'
[0.242s] INFO:colcon.colcon_core.shell:Creating package script '/home/ah66586/ros2_ws/UR5e_3DP/install/ur5e_description/share/ur5e_description/package.zsh'
[0.242s] Level 1:colcon.colcon_core.environment:create_file_with_runtime_dependencies(/home/ah66586/ros2_ws/UR5e_3DP/install/ur5e_description/share/colcon-core/packages/ur5e_description)
[0.243s] Level 1:colcon.colcon_core.environment:create_environment_scripts_only(ur5e_description)
[0.243s] Level 1:colcon.colcon_core.environment:checking '/home/ah66586/ros2_ws/UR5e_3DP/install/ur5e_description' for CMake module files
[0.243s] Level 1:colcon.colcon_core.environment:checking '/home/ah66586/ros2_ws/UR5e_3DP/install/ur5e_description' for CMake config files
[0.243s] Level 1:colcon.colcon_core.shell:create_environment_hook('ur5e_description', 'cmake_prefix_path')
[0.243s] INFO:colcon.colcon_core.shell:Creating environment hook '/home/ah66586/ros2_ws/UR5e_3DP/install/ur5e_description/share/ur5e_description/hook/cmake_prefix_path.ps1'
[0.244s] INFO:colcon.colcon_core.shell:Creating environment descriptor '/home/ah66586/ros2_ws/UR5e_3DP/install/ur5e_description/share/ur5e_description/hook/cmake_prefix_path.dsv'
[0.244s] INFO:colcon.colcon_core.shell:Creating environment hook '/home/ah66586/ros2_ws/UR5e_3DP/install/ur5e_description/share/ur5e_description/hook/cmake_prefix_path.sh'
[0.244s] Level 1:colcon.colcon_core.environment:checking '/home/ah66586/ros2_ws/UR5e_3DP/install/ur5e_description/bin'
[0.244s] Level 1:colcon.colcon_core.environment:checking '/home/ah66586/ros2_ws/UR5e_3DP/install/ur5e_description/lib/pkgconfig/ur5e_description.pc'
[0.244s] Level 1:colcon.colcon_core.environment:checking '/home/ah66586/ros2_ws/UR5e_3DP/install/ur5e_description/lib/python3.12/site-packages'
[0.245s] Level 1:colcon.colcon_core.environment:checking '/home/ah66586/ros2_ws/UR5e_3DP/install/ur5e_description/bin'
[0.245s] INFO:colcon.colcon_core.shell:Creating package script '/home/ah66586/ros2_ws/UR5e_3DP/install/ur5e_description/share/ur5e_description/package.ps1'
[0.245s] INFO:colcon.colcon_core.shell:Creating package descriptor '/home/ah66586/ros2_ws/UR5e_3DP/install/ur5e_description/share/ur5e_description/package.dsv'
[0.245s] INFO:colcon.colcon_core.shell:Creating package script '/home/ah66586/ros2_ws/UR5e_3DP/install/ur5e_description/share/ur5e_description/package.sh'
[0.246s] INFO:colcon.colcon_core.shell:Creating package script '/home/ah66586/ros2_ws/UR5e_3DP/install/ur5e_description/share/ur5e_description/package.bash'
[0.246s] INFO:colcon.colcon_core.shell:Creating package script '/home/ah66586/ros2_ws/UR5e_3DP/install/ur5e_description/share/ur5e_description/package.zsh'
[0.246s] Level 1:colcon.colcon_core.environment:create_file_with_runtime_dependencies(/home/ah66586/ros2_ws/UR5e_3DP/install/ur5e_description/share/colcon-core/packages/ur5e_description)
[0.246s] INFO:colcon.colcon_ros.task.ament_cmake.build:Building ROS package in '/home/ah66586/ros2_ws/UR5e_3DP/src/ur_cell_config' with build type 'ament_cmake'
[0.247s] INFO:colcon.colcon_cmake.task.cmake.build:Building CMake package in '/home/ah66586/ros2_ws/UR5e_3DP/src/ur_cell_config'
[0.247s] INFO:colcon.colcon_core.shell:Skip shell extension 'powershell' for command environment: Not usable outside of PowerShell
[0.247s] DEBUG:colcon.colcon_core.shell:Skip shell extension 'dsv' for command environment
[0.253s] DEBUG:colcon.colcon_core.event_handler.log_command:Invoking command in '/home/ah66586/ros2_ws/UR5e_3DP/build/ur_cell_config': CMAKE_PREFIX_PATH=/home/ah66586/ros2_ws/UR5e_3DP/install/ur5e_description:/home/ah66586/ros2_ws/UR5e_3DP/install/ur_cell_config:/opt/ros/jazzy/opt/sdformat_vendor:/opt/ros/jazzy/opt/gz_math_vendor:/opt/ros/jazzy/opt/gz_utils_vendor:/opt/ros/jazzy/opt/gz_tools_vendor:/opt/ros/jazzy/opt/gz_cmake_vendor:/opt/ros/jazzy DEBUGINFOD_URLS=https://debuginfod.ubuntu.com /usr/bin/cmake --build /home/ah66586/ros2_ws/UR5e_3DP/build/ur_cell_config -- -j16 -l16
[0.277s] DEBUG:colcon.colcon_core.event_handler.log_command:Invoked command in '/home/ah66586/ros2_ws/UR5e_3DP/build/ur_cell_config' returned '0': CMAKE_PREFIX_PATH=/home/ah66586/ros2_ws/UR5e_3DP/install/ur5e_description:/home/ah66586/ros2_ws/UR5e_3DP/install/ur_cell_config:/opt/ros/jazzy/opt/sdformat_vendor:/opt/ros/jazzy/opt/gz_math_vendor:/opt/ros/jazzy/opt/gz_utils_vendor:/opt/ros/jazzy/opt/gz_tools_vendor:/opt/ros/jazzy/opt/gz_cmake_vendor:/opt/ros/jazzy DEBUGINFOD_URLS=https://debuginfod.ubuntu.com /usr/bin/cmake --build /home/ah66586/ros2_ws/UR5e_3DP/build/ur_cell_config -- -j16 -l16
[0.277s] DEBUG:colcon.colcon_core.event_handler.log_command:Invoking command in '/home/ah66586/ros2_ws/UR5e_3DP/build/ur_cell_config': CMAKE_PREFIX_PATH=/home/ah66586/ros2_ws/UR5e_3DP/install/ur5e_description:/home/ah66586/ros2_ws/UR5e_3DP/install/ur_cell_config:/opt/ros/jazzy/opt/sdformat_vendor:/opt/ros/jazzy/opt/gz_math_vendor:/opt/ros/jazzy/opt/gz_utils_vendor:/opt/ros/jazzy/opt/gz_tools_vendor:/opt/ros/jazzy/opt/gz_cmake_vendor:/opt/ros/jazzy DEBUGINFOD_URLS=https://debuginfod.ubuntu.com /usr/bin/cmake --install /home/ah66586/ros2_ws/UR5e_3DP/build/ur_cell_config
[0.294s] Level 1:colcon.colcon_core.environment:create_environment_scripts_only(ur_cell_config)
[0.294s] Level 1:colcon.colcon_core.environment:checking '/home/ah66586/ros2_ws/UR5e_3DP/install/ur_cell_config' for CMake module files
[0.295s] DEBUG:colcon.colcon_core.event_handler.log_command:Invoked command in '/home/ah66586/ros2_ws/UR5e_3DP/build/ur_cell_config' returned '0': CMAKE_PREFIX_PATH=/home/ah66586/ros2_ws/UR5e_3DP/install/ur5e_description:/home/ah66586/ros2_ws/UR5e_3DP/install/ur_cell_config:/opt/ros/jazzy/opt/sdformat_vendor:/opt/ros/jazzy/opt/gz_math_vendor:/opt/ros/jazzy/opt/gz_utils_vendor:/opt/ros/jazzy/opt/gz_tools_vendor:/opt/ros/jazzy/opt/gz_cmake_vendor:/opt/ros/jazzy DEBUGINFOD_URLS=https://debuginfod.ubuntu.com /usr/bin/cmake --install /home/ah66586/ros2_ws/UR5e_3DP/build/ur_cell_config
[0.295s] Level 1:colcon.colcon_core.environment:checking '/home/ah66586/ros2_ws/UR5e_3DP/install/ur_cell_config' for CMake config files
[0.295s] Level 1:colcon.colcon_core.shell:create_environment_hook('ur_cell_config', 'cmake_prefix_path')
[0.295s] INFO:colcon.colcon_core.shell:Creating environment hook '/home/ah66586/ros2_ws/UR5e_3DP/install/ur_cell_config/share/ur_cell_config/hook/cmake_prefix_path.ps1'
[0.296s] INFO:colcon.colcon_core.shell:Creating environment descriptor '/home/ah66586/ros2_ws/UR5e_3DP/install/ur_cell_config/share/ur_cell_config/hook/cmake_prefix_path.dsv'
[0.296s] INFO:colcon.colcon_core.shell:Creating environment hook '/home/ah66586/ros2_ws/UR5e_3DP/install/ur_cell_config/share/ur_cell_config/hook/cmake_prefix_path.sh'
[0.296s] Level 1:colcon.colcon_core.environment:checking '/home/ah66586/ros2_ws/UR5e_3DP/install/ur_cell_config/bin'
[0.296s] Level 1:colcon.colcon_core.environment:checking '/home/ah66586/ros2_ws/UR5e_3DP/install/ur_cell_config/lib/pkgconfig/ur_cell_config.pc'
[0.296s] Level 1:colcon.colcon_core.environment:checking '/home/ah66586/ros2_ws/UR5e_3DP/install/ur_cell_config/lib/python3.12/site-packages'
[0.297s] Level 1:colcon.colcon_core.environment:checking '/home/ah66586/ros2_ws/UR5e_3DP/install/ur_cell_config/bin'
[0.297s] INFO:colcon.colcon_core.shell:Creating package script '/home/ah66586/ros2_ws/UR5e_3DP/install/ur_cell_config/share/ur_cell_config/package.ps1'
[0.297s] INFO:colcon.colcon_core.shell:Creating package descriptor '/home/ah66586/ros2_ws/UR5e_3DP/install/ur_cell_config/share/ur_cell_config/package.dsv'
[0.297s] INFO:colcon.colcon_core.shell:Creating package script '/home/ah66586/ros2_ws/UR5e_3DP/install/ur_cell_config/share/ur_cell_config/package.sh'
[0.298s] INFO:colcon.colcon_core.shell:Creating package script '/home/ah66586/ros2_ws/UR5e_3DP/install/ur_cell_config/share/ur_cell_config/package.bash'
[0.298s] INFO:colcon.colcon_core.shell:Creating package script '/home/ah66586/ros2_ws/UR5e_3DP/install/ur_cell_config/share/ur_cell_config/package.zsh'
[0.298s] Level 1:colcon.colcon_core.environment:create_file_with_runtime_dependencies(/home/ah66586/ros2_ws/UR5e_3DP/install/ur_cell_config/share/colcon-core/packages/ur_cell_config)
[0.298s] Level 1:colcon.colcon_core.environment:create_environment_scripts_only(ur_cell_config)
[0.298s] Level 1:colcon.colcon_core.environment:checking '/home/ah66586/ros2_ws/UR5e_3DP/install/ur_cell_config' for CMake module files
[0.299s] Level 1:colcon.colcon_core.environment:checking '/home/ah66586/ros2_ws/UR5e_3DP/install/ur_cell_config' for CMake config files
[0.299s] Level 1:colcon.colcon_core.shell:create_environment_hook('ur_cell_config', 'cmake_prefix_path')
[0.299s] INFO:colcon.colcon_core.shell:Creating environment hook '/home/ah66586/ros2_ws/UR5e_3DP/install/ur_cell_config/share/ur_cell_config/hook/cmake_prefix_path.ps1'
[0.299s] INFO:colcon.colcon_core.shell:Creating environment descriptor '/home/ah66586/ros2_ws/UR5e_3DP/install/ur_cell_config/share/ur_cell_config/hook/cmake_prefix_path.dsv'
[0.300s] INFO:colcon.colcon_core.shell:Creating environment hook '/home/ah66586/ros2_ws/UR5e_3DP/install/ur_cell_config/share/ur_cell_config/hook/cmake_prefix_path.sh'
[0.300s] Level 1:colcon.colcon_core.environment:checking '/home/ah66586/ros2_ws/UR5e_3DP/install/ur_cell_config/bin'
[0.300s] Level 1:colcon.colcon_core.environment:checking '/home/ah66586/ros2_ws/UR5e_3DP/install/ur_cell_config/lib/pkgconfig/ur_cell_config.pc'
[0.300s] Level 1:colcon.colcon_core.environment:checking '/home/ah66586/ros2_ws/UR5e_3DP/install/ur_cell_config/lib/python3.12/site-packages'
[0.300s] Level 1:colcon.colcon_core.environment:checking '/home/ah66586/ros2_ws/UR5e_3DP/install/ur_cell_config/bin'
[0.300s] INFO:colcon.colcon_core.shell:Creating package script '/home/ah66586/ros2_ws/UR5e_3DP/install/ur_cell_config/share/ur_cell_config/package.ps1'
[0.301s] INFO:colcon.colcon_core.shell:Creating package descriptor '/home/ah66586/ros2_ws/UR5e_3DP/install/ur_cell_config/share/ur_cell_config/package.dsv'
[0.301s] INFO:colcon.colcon_core.shell:Creating package script '/home/ah66586/ros2_ws/UR5e_3DP/install/ur_cell_config/share/ur_cell_config/package.sh'
[0.301s] INFO:colcon.colcon_core.shell:Creating package script '/home/ah66586/ros2_ws/UR5e_3DP/install/ur_cell_config/share/ur_cell_config/package.bash'
[0.301s] INFO:colcon.colcon_core.shell:Creating package script '/home/ah66586/ros2_ws/UR5e_3DP/install/ur_cell_config/share/ur_cell_config/package.zsh'
[0.302s] Level 1:colcon.colcon_core.environment:create_file_with_runtime_dependencies(/home/ah66586/ros2_ws/UR5e_3DP/install/ur_cell_config/share/colcon-core/packages/ur_cell_config)
[0.302s] DEBUG:colcon.colcon_parallel_executor.executor.parallel:closing loop
[0.302s] DEBUG:colcon.colcon_parallel_executor.executor.parallel:loop closed
[0.302s] DEBUG:colcon.colcon_parallel_executor.executor.parallel:run_until_complete finished with '0'
[0.302s] DEBUG:colcon.colcon_core.event_reactor:joining thread
[0.306s] INFO:colcon.colcon_core.plugin_system:Skipping extension 'colcon_notification.desktop_notification.terminal_notifier': Not used on non-Darwin systems
[0.306s] INFO:colcon.colcon_core.plugin_system:Skipping extension 'colcon_notification.desktop_notification.win32': Not used on non-Windows systems
[0.306s] INFO:colcon.colcon_notification.desktop_notification:Sending desktop notification using 'notify2'
[0.318s] DEBUG:colcon.colcon_core.event_reactor:joined thread
[0.318s] INFO:colcon.colcon_core.shell:Creating prefix script '/home/ah66586/ros2_ws/UR5e_3DP/install/local_setup.ps1'
[0.319s] INFO:colcon.colcon_core.shell:Creating prefix util module '/home/ah66586/ros2_ws/UR5e_3DP/install/_local_setup_util_ps1.py'
[0.319s] INFO:colcon.colcon_core.shell:Creating prefix chain script '/home/ah66586/ros2_ws/UR5e_3DP/install/setup.ps1'
[0.320s] INFO:colcon.colcon_core.shell:Creating prefix script '/home/ah66586/ros2_ws/UR5e_3DP/install/local_setup.sh'
[0.320s] INFO:colcon.colcon_core.shell:Creating prefix util module '/home/ah66586/ros2_ws/UR5e_3DP/install/_local_setup_util_sh.py'
[0.321s] INFO:colcon.colcon_core.shell:Creating prefix chain script '/home/ah66586/ros2_ws/UR5e_3DP/install/setup.sh'
[0.322s] INFO:colcon.colcon_core.shell:Creating prefix script '/home/ah66586/ros2_ws/UR5e_3DP/install/local_setup.bash'
[0.322s] INFO:colcon.colcon_core.shell:Creating prefix chain script '/home/ah66586/ros2_ws/UR5e_3DP/install/setup.bash'
[0.323s] INFO:colcon.colcon_core.shell:Creating prefix script '/home/ah66586/ros2_ws/UR5e_3DP/install/local_setup.zsh'
[0.323s] INFO:colcon.colcon_core.shell:Creating prefix chain script '/home/ah66586/ros2_ws/UR5e_3DP/install/setup.zsh'
