-- Found ament_cmake: 2.5.4 (/opt/ros/jazzy/share/ament_cmake/cmake)
-- Override CMake install command with custom implementation using symlinks instead of copying resources
-- Found urdf: 2.10.0 (/opt/ros/jazzy/share/urdf/cmake)
-- Found TinyXML2 via Config file: /usr/lib/x86_64-linux-gnu/cmake/tinyxml2
-- Found xacro: 2.1.1 (/opt/ros/jazzy/share/xacro/cmake)
-- Found ament_lint_auto: 0.17.3 (/opt/ros/jazzy/share/ament_lint_auto/cmake)
-- Added test 'flake8' to check Python code syntax and style conventions
-- Configured 'flake8' exclude dirs and/or files: 
-- Added test 'lint_cmake' to check CMake code style
-- Added test 'pep257' to check Python code against some of the docstring style conventions in PEP 257
-- Added test 'xmllint' to check XML markup files
-- Configuring done (0.6s)
-- Generating done (0.0s)
-- Build files have been written to: /home/arya/ROS/UR5e/build/ur5e_description
-- Install configuration: ""
-- Execute custom install script
-- Up-to-date symlink: /home/arya/ROS/UR5e/install/ur5e_description/share/ur5e_description/urdf/ur5e.urdf.xacro
-- Up-to-date symlink: /home/arya/ROS/UR5e/install/ur5e_description/share/ur5e_description/launch/simulate.launch.py
-- Up-to-date symlink: /home/arya/ROS/UR5e/install/ur5e_description/share/ur5e_description/rviz/ur5e.rviz
-- Symlinking: /home/arya/ROS/UR5e/install/ur5e_description/share/ur5e_description/meshes/Toolhead_V3_Assembly.STL
-- Up-to-date symlink: /home/arya/ROS/UR5e/install/ur5e_description/share/ament_index/resource_index/package_run_dependencies/ur5e_description
-- Up-to-date symlink: /home/arya/ROS/UR5e/install/ur5e_description/share/ament_index/resource_index/parent_prefix_path/ur5e_description
-- Up-to-date symlink: /home/arya/ROS/UR5e/install/ur5e_description/share/ur5e_description/environment/ament_prefix_path.sh
-- Up-to-date symlink: /home/arya/ROS/UR5e/install/ur5e_description/share/ur5e_description/environment/ament_prefix_path.dsv
-- Up-to-date symlink: /home/arya/ROS/UR5e/install/ur5e_description/share/ur5e_description/environment/path.sh
-- Up-to-date symlink: /home/arya/ROS/UR5e/install/ur5e_description/share/ur5e_description/environment/path.dsv
-- Up-to-date symlink: /home/arya/ROS/UR5e/install/ur5e_description/share/ur5e_description/local_setup.bash
-- Up-to-date symlink: /home/arya/ROS/UR5e/install/ur5e_description/share/ur5e_description/local_setup.sh
-- Up-to-date symlink: /home/arya/ROS/UR5e/install/ur5e_description/share/ur5e_description/local_setup.zsh
-- Up-to-date symlink: /home/arya/ROS/UR5e/install/ur5e_description/share/ur5e_description/local_setup.dsv
-- Symlinking: /home/arya/ROS/UR5e/install/ur5e_description/share/ur5e_description/package.dsv
-- Up-to-date symlink: /home/arya/ROS/UR5e/install/ur5e_description/share/ament_index/resource_index/packages/ur5e_description
-- Up-to-date symlink: /home/arya/ROS/UR5e/install/ur5e_description/share/ur5e_description/cmake/ur5e_descriptionConfig.cmake
-- Up-to-date symlink: /home/arya/ROS/UR5e/install/ur5e_description/share/ur5e_description/cmake/ur5e_descriptionConfig-version.cmake
-- Up-to-date symlink: /home/arya/ROS/UR5e/install/ur5e_description/share/ur5e_description/package.xml
