[0.007s] Invoking command in '/home/ah66586/ros2_ws/UR5e_3DP/build/ur5e_description': CMAKE_PREFIX_PATH=${CMAKE_PREFIX_PATH}:/opt/ros/jazzy DEBUGINFOD_URLS=https://debuginfod.ubuntu.com /usr/bin/cmake --build /home/ah66586/ros2_ws/UR5e_3DP/build/ur5e_description -- -j16 -l16
[0.032s] Invoked command in '/home/ah66586/ros2_ws/UR5e_3DP/build/ur5e_description' returned '0': CMAKE_PREFIX_PATH=${CMAKE_PREFIX_PATH}:/opt/ros/jazzy DEBUGINFOD_URLS=https://debuginfod.ubuntu.com /usr/bin/cmake --build /home/ah66586/ros2_ws/UR5e_3DP/build/ur5e_description -- -j16 -l16
[0.038s] Invoking command in '/home/ah66586/ros2_ws/UR5e_3DP/build/ur5e_description': CMAKE_PREFIX_PATH=${CMAKE_PREFIX_PATH}:/opt/ros/jazzy DEBUGINFOD_URLS=https://debuginfod.ubuntu.com /usr/bin/cmake --install /home/ah66586/ros2_ws/UR5e_3DP/build/ur5e_description
[0.043s] -- Install configuration: ""
[0.044s] -- Execute custom install script
[0.044s] -- Up-to-date symlink: /home/ah66586/ros2_ws/UR5e_3DP/install/ur5e_description/share/ur5e_description/urdf/UR5E2.urdf.xacro
[0.044s] -- Up-to-date symlink: /home/ah66586/ros2_ws/UR5e_3DP/install/ur5e_description/share/ur5e_description/urdf/debug_check.urdf
[0.044s] -- Up-to-date symlink: /home/ah66586/ros2_ws/UR5e_3DP/install/ur5e_description/share/ur5e_description/urdf/minimal_test.urdf
[0.044s] -- Up-to-date symlink: /home/ah66586/ros2_ws/UR5e_3DP/install/ur5e_description/share/ur5e_description/urdf/minimal_two_link.urdf
[0.044s] -- Up-to-date symlink: /home/ah66586/ros2_ws/UR5e_3DP/install/ur5e_description/share/ur5e_description/urdf/test.urdf.xacro
[0.044s] -- Up-to-date symlink: /home/ah66586/ros2_ws/UR5e_3DP/install/ur5e_description/share/ur5e_description/urdf/ur5e.urdf.xacro
[0.044s] -- Up-to-date symlink: /home/ah66586/ros2_ws/UR5e_3DP/install/ur5e_description/share/ur5e_description/urdf/ur5e_collision_only.urdf.xacro
[0.044s] -- Up-to-date symlink: /home/ah66586/ros2_ws/UR5e_3DP/install/ur5e_description/share/ur5e_description/urdf/ur5e_cylinders.urdf
[0.044s] -- Up-to-date symlink: /home/ah66586/ros2_ws/UR5e_3DP/install/ur5e_description/share/ur5e_description/urdf/ur5e_cylinders_revolute.urdf
[0.044s] -- Up-to-date symlink: /home/ah66586/ros2_ws/UR5e_3DP/install/ur5e_description/share/ur5e_description/urdf/ur5e_debug.urdf.xacro
[0.045s] -- Up-to-date symlink: /home/ah66586/ros2_ws/UR5e_3DP/install/ur5e_description/share/ur5e_description/urdf/ur5e_intermediate.urdf.xacro
[0.045s] -- Up-to-date symlink: /home/ah66586/ros2_ws/UR5e_3DP/install/ur5e_description/share/ur5e_description/launch/simulate.launch.py
[0.045s] -- Up-to-date symlink: /home/ah66586/ros2_ws/UR5e_3DP/install/ur5e_description/share/ur5e_description/rviz/ur5e.rviz
[0.045s] -- Up-to-date symlink: /home/ah66586/ros2_ws/UR5e_3DP/install/ur5e_description/share/ur5e_description/meshes/Toolhead_V3_Assembly.STL
[0.045s] -- Up-to-date symlink: /home/ah66586/ros2_ws/UR5e_3DP/install/ur5e_description/share/ament_index/resource_index/package_run_dependencies/ur5e_description
[0.045s] -- Up-to-date symlink: /home/ah66586/ros2_ws/UR5e_3DP/install/ur5e_description/share/ament_index/resource_index/parent_prefix_path/ur5e_description
[0.045s] -- Up-to-date symlink: /home/ah66586/ros2_ws/UR5e_3DP/install/ur5e_description/share/ur5e_description/environment/ament_prefix_path.sh
[0.045s] -- Up-to-date symlink: /home/ah66586/ros2_ws/UR5e_3DP/install/ur5e_description/share/ur5e_description/environment/ament_prefix_path.dsv
[0.045s] -- Up-to-date symlink: /home/ah66586/ros2_ws/UR5e_3DP/install/ur5e_description/share/ur5e_description/environment/path.sh
[0.046s] -- Up-to-date symlink: /home/ah66586/ros2_ws/UR5e_3DP/install/ur5e_description/share/ur5e_description/environment/path.dsv
[0.046s] -- Up-to-date symlink: /home/ah66586/ros2_ws/UR5e_3DP/install/ur5e_description/share/ur5e_description/local_setup.bash
[0.046s] -- Up-to-date symlink: /home/ah66586/ros2_ws/UR5e_3DP/install/ur5e_description/share/ur5e_description/local_setup.sh
[0.046s] -- Up-to-date symlink: /home/ah66586/ros2_ws/UR5e_3DP/install/ur5e_description/share/ur5e_description/local_setup.zsh
[0.046s] -- Up-to-date symlink: /home/ah66586/ros2_ws/UR5e_3DP/install/ur5e_description/share/ur5e_description/local_setup.dsv
[0.046s] -- Symlinking: /home/ah66586/ros2_ws/UR5e_3DP/install/ur5e_description/share/ur5e_description/package.dsv
[0.052s] -- Up-to-date symlink: /home/ah66586/ros2_ws/UR5e_3DP/install/ur5e_description/share/ament_index/resource_index/packages/ur5e_description
[0.052s] -- Up-to-date symlink: /home/ah66586/ros2_ws/UR5e_3DP/install/ur5e_description/share/ur5e_description/cmake/ur5e_descriptionConfig.cmake
[0.052s] -- Up-to-date symlink: /home/ah66586/ros2_ws/UR5e_3DP/install/ur5e_description/share/ur5e_description/cmake/ur5e_descriptionConfig-version.cmake
[0.052s] -- Up-to-date symlink: /home/ah66586/ros2_ws/UR5e_3DP/install/ur5e_description/share/ur5e_description/package.xml
[0.053s] Invoked command in '/home/ah66586/ros2_ws/UR5e_3DP/build/ur5e_description' returned '0': CMAKE_PREFIX_PATH=${CMAKE_PREFIX_PATH}:/opt/ros/jazzy DEBUGINFOD_URLS=https://debuginfod.ubuntu.com /usr/bin/cmake --install /home/ah66586/ros2_ws/UR5e_3DP/build/ur5e_description
