-- Install configuration: ""
-- Execute custom install script
-- Up-to-date symlink: /home/ah66586/ros2_ws/UR5e_3DP/install/ur_cell_config/share/ament_index/resource_index/package_run_dependencies/ur_cell_config
-- Up-to-date symlink: /home/ah66586/ros2_ws/UR5e_3DP/install/ur_cell_config/share/ament_index/resource_index/parent_prefix_path/ur_cell_config
-- Up-to-date symlink: /home/ah66586/ros2_ws/UR5e_3DP/install/ur_cell_config/share/ur_cell_config/environment/ament_prefix_path.sh
-- Up-to-date symlink: /home/ah66586/ros2_ws/UR5e_3DP/install/ur_cell_config/share/ur_cell_config/environment/ament_prefix_path.dsv
-- Up-to-date symlink: /home/ah66586/ros2_ws/UR5e_3DP/install/ur_cell_config/share/ur_cell_config/environment/path.sh
-- Up-to-date symlink: /home/ah66586/ros2_ws/UR5e_3DP/install/ur_cell_config/share/ur_cell_config/environment/path.dsv
-- Up-to-date symlink: /home/ah66586/ros2_ws/UR5e_3DP/install/ur_cell_config/share/ur_cell_config/local_setup.bash
-- Up-to-date symlink: /home/ah66586/ros2_ws/UR5e_3DP/install/ur_cell_config/share/ur_cell_config/local_setup.sh
-- Up-to-date symlink: /home/ah66586/ros2_ws/UR5e_3DP/install/ur_cell_config/share/ur_cell_config/local_setup.zsh
-- Up-to-date symlink: /home/ah66586/ros2_ws/UR5e_3DP/install/ur_cell_config/share/ur_cell_config/local_setup.dsv
-- Symlinking: /home/ah66586/ros2_ws/UR5e_3DP/install/ur_cell_config/share/ur_cell_config/package.dsv
-- Up-to-date symlink: /home/ah66586/ros2_ws/UR5e_3DP/install/ur_cell_config/share/ament_index/resource_index/packages/ur_cell_config
-- Up-to-date symlink: /home/ah66586/ros2_ws/UR5e_3DP/install/ur_cell_config/share/ur_cell_config/cmake/ur_cell_configConfig.cmake
-- Up-to-date symlink: /home/ah66586/ros2_ws/UR5e_3DP/install/ur_cell_config/share/ur_cell_config/cmake/ur_cell_configConfig-version.cmake
-- Up-to-date symlink: /home/ah66586/ros2_ws/UR5e_3DP/install/ur_cell_config/share/ur_cell_config/package.xml
-- Up-to-date symlink: /home/ah66586/ros2_ws/UR5e_3DP/install/ur_cell_config/share/ur_cell_config/launch/demo.launch.py
-- Up-to-date symlink: /home/ah66586/ros2_ws/UR5e_3DP/install/ur_cell_config/share/ur_cell_config/launch/move_group.launch.py
-- Up-to-date symlink: /home/ah66586/ros2_ws/UR5e_3DP/install/ur_cell_config/share/ur_cell_config/launch/moveit_rviz.launch.py
-- Symlinking: /home/ah66586/ros2_ws/UR5e_3DP/install/ur_cell_config/share/ur_cell_config/launch/robot.launch.py
-- Up-to-date symlink: /home/ah66586/ros2_ws/UR5e_3DP/install/ur_cell_config/share/ur_cell_config/launch/rsp.launch.py
-- Up-to-date symlink: /home/ah66586/ros2_ws/UR5e_3DP/install/ur_cell_config/share/ur_cell_config/launch/setup_assistant.launch.py
-- Up-to-date symlink: /home/ah66586/ros2_ws/UR5e_3DP/install/ur_cell_config/share/ur_cell_config/launch/spawn_controllers.launch.py
-- Up-to-date symlink: /home/ah66586/ros2_ws/UR5e_3DP/install/ur_cell_config/share/ur_cell_config/launch/static_virtual_joint_tfs.launch.py
-- Up-to-date symlink: /home/ah66586/ros2_ws/UR5e_3DP/install/ur_cell_config/share/ur_cell_config/launch/ur5e_eoat_rsp.launch.py
-- Up-to-date symlink: /home/ah66586/ros2_ws/UR5e_3DP/install/ur_cell_config/share/ur_cell_config/launch/ursim.launch.py
-- Up-to-date symlink: /home/ah66586/ros2_ws/UR5e_3DP/install/ur_cell_config/share/ur_cell_config/launch/warehouse_db.launch.py
-- Up-to-date symlink: /home/ah66586/ros2_ws/UR5e_3DP/install/ur_cell_config/share/ur_cell_config/config/initial_positions.yaml
-- Up-to-date symlink: /home/ah66586/ros2_ws/UR5e_3DP/install/ur_cell_config/share/ur_cell_config/config/joint_limits.yaml
-- Up-to-date symlink: /home/ah66586/ros2_ws/UR5e_3DP/install/ur_cell_config/share/ur_cell_config/config/kinematics.yaml
-- Up-to-date symlink: /home/ah66586/ros2_ws/UR5e_3DP/install/ur_cell_config/share/ur_cell_config/config/moveit.rviz
-- Up-to-date symlink: /home/ah66586/ros2_ws/UR5e_3DP/install/ur_cell_config/share/ur_cell_config/config/moveit_controllers.yaml
-- Up-to-date symlink: /home/ah66586/ros2_ws/UR5e_3DP/install/ur_cell_config/share/ur_cell_config/config/pilz_cartesian_limits.yaml
-- Up-to-date symlink: /home/ah66586/ros2_ws/UR5e_3DP/install/ur_cell_config/share/ur_cell_config/config/ros2_controllers.yaml
-- Up-to-date symlink: /home/ah66586/ros2_ws/UR5e_3DP/install/ur_cell_config/share/ur_cell_config/config/sensors_3d.yaml
-- Symlinking: /home/ah66586/ros2_ws/UR5e_3DP/install/ur_cell_config/share/ur_cell_config/config/trajectory_execution.yaml
-- Up-to-date symlink: /home/ah66586/ros2_ws/UR5e_3DP/install/ur_cell_config/share/ur_cell_config/config/ur5e.ros2_control.xacro
-- Up-to-date symlink: /home/ah66586/ros2_ws/UR5e_3DP/install/ur_cell_config/share/ur_cell_config/config/ur5e.srdf
-- Up-to-date symlink: /home/ah66586/ros2_ws/UR5e_3DP/install/ur_cell_config/share/ur_cell_config/config/ur5e.urdf.xacro
-- Up-to-date symlink: /home/ah66586/ros2_ws/UR5e_3DP/install/ur_cell_config/share/ur_cell_config/.setup_assistant
