[0.108s] DEBUG:colcon:Command line arguments: ['/usr/bin/colcon', 'build']
[0.108s] DEBUG:colcon:Parsed command line arguments: Namespace(log_base=None, log_level=None, verb_name='build', build_base='build', install_base='install', merge_install=False, symlink_install=False, test_result_base=None, continue_on_error=False, executor='parallel', parallel_workers=8, event_handlers=None, ignore_user_meta=False, metas=['./colcon.meta'], base_paths=['.'], packages_ignore=None, packages_ignore_regex=None, paths=None, packages_up_to=None, packages_up_to_regex=None, packages_above=None, packages_above_and_dependencies=None, packages_above_depth=None, packages_select_by_dep=None, packages_skip_by_dep=None, packages_skip_up_to=None, packages_select_build_failed=False, packages_skip_build_finished=False, packages_select_test_failures=False, packages_skip_test_passed=False, packages_select=None, packages_skip=None, packages_select_regex=None, packages_skip_regex=None, packages_start=None, packages_end=None, cmake_args=None, cmake_target=None, cmake_target_skip_unavailable=False, cmake_clean_cache=False, cmake_clean_first=False, cmake_force_configure=False, ament_cmake_args=None, catkin_cmake_args=None, catkin_skip_building_tests=False, mixin_files=None, mixin=None, verb_parser=<colcon_mixin.mixin.mixin_argument.MixinArgumentDecorator object at 0x7b4be8078830>, verb_extension=<colcon_core.verb.build.BuildVerb object at 0x7b4be8078590>, main=<bound method BuildVerb.main of <colcon_core.verb.build.BuildVerb object at 0x7b4be8078590>>, mixin_verb=('build',))
[0.148s] Level 1:colcon.colcon_core.package_discovery:discover_packages(colcon_meta) check parameters
[0.148s] Level 1:colcon.colcon_core.package_discovery:discover_packages(recursive) check parameters
[0.148s] Level 1:colcon.colcon_core.package_discovery:discover_packages(ignore) check parameters
[0.148s] Level 1:colcon.colcon_core.package_discovery:discover_packages(path) check parameters
[0.148s] Level 1:colcon.colcon_core.package_discovery:discover_packages(colcon_meta) discover
[0.148s] Level 1:colcon.colcon_core.package_discovery:discover_packages(recursive) discover
[0.148s] INFO:colcon.colcon_core.package_discovery:Crawling recursively for packages in '/home/arya/ROS/UR5e'
[0.148s] Level 1:colcon.colcon_core.package_identification:_identify(.) by extensions ['ignore', 'ignore_ament_install']
[0.148s] Level 1:colcon.colcon_core.package_identification:_identify(.) by extension 'ignore'
[0.148s] Level 1:colcon.colcon_core.package_identification:_identify(.) by extension 'ignore_ament_install'
[0.148s] Level 1:colcon.colcon_core.package_identification:_identify(.) by extensions ['colcon_pkg']
[0.148s] Level 1:colcon.colcon_core.package_identification:_identify(.) by extension 'colcon_pkg'
[0.148s] Level 1:colcon.colcon_core.package_identification:_identify(.) by extensions ['colcon_meta']
[0.148s] Level 1:colcon.colcon_core.package_identification:_identify(.) by extension 'colcon_meta'
[0.148s] Level 1:colcon.colcon_core.package_identification:_identify(.) by extensions ['ros']
[0.148s] Level 1:colcon.colcon_core.package_identification:_identify(.) by extension 'ros'
[0.169s] Level 1:colcon.colcon_core.package_identification:_identify(.) by extensions ['cmake', 'python']
[0.169s] Level 1:colcon.colcon_core.package_identification:_identify(.) by extension 'cmake'
[0.169s] Level 1:colcon.colcon_core.package_identification:_identify(.) by extension 'python'
[0.169s] Level 1:colcon.colcon_core.package_identification:_identify(.) by extensions ['python_setup_py']
[0.169s] Level 1:colcon.colcon_core.package_identification:_identify(.) by extension 'python_setup_py'
[0.170s] Level 1:colcon.colcon_core.package_identification:_identify(build) by extensions ['ignore', 'ignore_ament_install']
[0.170s] Level 1:colcon.colcon_core.package_identification:_identify(build) by extension 'ignore'
[0.170s] Level 1:colcon.colcon_core.package_identification:_identify(build) ignored
[0.170s] Level 1:colcon.colcon_core.package_identification:_identify(install) by extensions ['ignore', 'ignore_ament_install']
[0.170s] Level 1:colcon.colcon_core.package_identification:_identify(install) by extension 'ignore'
[0.170s] Level 1:colcon.colcon_core.package_identification:_identify(install) ignored
[0.170s] Level 1:colcon.colcon_core.package_identification:_identify(log) by extensions ['ignore', 'ignore_ament_install']
[0.170s] Level 1:colcon.colcon_core.package_identification:_identify(log) by extension 'ignore'
[0.170s] Level 1:colcon.colcon_core.package_identification:_identify(log) ignored
[0.170s] Level 1:colcon.colcon_core.package_identification:_identify(src) by extensions ['ignore', 'ignore_ament_install']
[0.170s] Level 1:colcon.colcon_core.package_identification:_identify(src) by extension 'ignore'
[0.170s] Level 1:colcon.colcon_core.package_identification:_identify(src) by extension 'ignore_ament_install'
[0.170s] Level 1:colcon.colcon_core.package_identification:_identify(src) by extensions ['colcon_pkg']
[0.170s] Level 1:colcon.colcon_core.package_identification:_identify(src) by extension 'colcon_pkg'
[0.170s] Level 1:colcon.colcon_core.package_identification:_identify(src) by extensions ['colcon_meta']
[0.170s] Level 1:colcon.colcon_core.package_identification:_identify(src) by extension 'colcon_meta'
[0.170s] Level 1:colcon.colcon_core.package_identification:_identify(src) by extensions ['ros']
[0.170s] Level 1:colcon.colcon_core.package_identification:_identify(src) by extension 'ros'
[0.170s] Level 1:colcon.colcon_core.package_identification:_identify(src) by extensions ['cmake', 'python']
[0.170s] Level 1:colcon.colcon_core.package_identification:_identify(src) by extension 'cmake'
[0.170s] Level 1:colcon.colcon_core.package_identification:_identify(src) by extension 'python'
[0.170s] Level 1:colcon.colcon_core.package_identification:_identify(src) by extensions ['python_setup_py']
[0.171s] Level 1:colcon.colcon_core.package_identification:_identify(src) by extension 'python_setup_py'
[0.171s] Level 1:colcon.colcon_core.package_identification:_identify(src/ur5e_description) by extensions ['ignore', 'ignore_ament_install']
[0.171s] Level 1:colcon.colcon_core.package_identification:_identify(src/ur5e_description) by extension 'ignore'
[0.171s] Level 1:colcon.colcon_core.package_identification:_identify(src/ur5e_description) by extension 'ignore_ament_install'
[0.171s] Level 1:colcon.colcon_core.package_identification:_identify(src/ur5e_description) by extensions ['colcon_pkg']
[0.171s] Level 1:colcon.colcon_core.package_identification:_identify(src/ur5e_description) by extension 'colcon_pkg'
[0.171s] Level 1:colcon.colcon_core.package_identification:_identify(src/ur5e_description) by extensions ['colcon_meta']
[0.171s] Level 1:colcon.colcon_core.package_identification:_identify(src/ur5e_description) by extension 'colcon_meta'
[0.171s] Level 1:colcon.colcon_core.package_identification:_identify(src/ur5e_description) by extensions ['ros']
[0.171s] Level 1:colcon.colcon_core.package_identification:_identify(src/ur5e_description) by extension 'ros'
[0.173s] DEBUG:colcon.colcon_core.package_identification:Package 'src/ur5e_description' with type 'ros.ament_cmake' and name 'ur5e_description'
[0.173s] Level 1:colcon.colcon_core.package_discovery:discover_packages(recursive) using defaults
[0.173s] Level 1:colcon.colcon_core.package_discovery:discover_packages(ignore) discover
[0.173s] Level 1:colcon.colcon_core.package_discovery:discover_packages(ignore) using defaults
[0.173s] Level 1:colcon.colcon_core.package_discovery:discover_packages(path) discover
[0.173s] Level 1:colcon.colcon_core.package_discovery:discover_packages(path) using defaults
[0.187s] Level 5:colcon.colcon_core.verb:set package 'ur5e_description' build argument 'cmake_args' from command line to 'None'
[0.187s] Level 5:colcon.colcon_core.verb:set package 'ur5e_description' build argument 'cmake_target' from command line to 'None'
[0.187s] Level 5:colcon.colcon_core.verb:set package 'ur5e_description' build argument 'cmake_target_skip_unavailable' from command line to 'False'
[0.187s] Level 5:colcon.colcon_core.verb:set package 'ur5e_description' build argument 'cmake_clean_cache' from command line to 'False'
[0.187s] Level 5:colcon.colcon_core.verb:set package 'ur5e_description' build argument 'cmake_clean_first' from command line to 'False'
[0.187s] Level 5:colcon.colcon_core.verb:set package 'ur5e_description' build argument 'cmake_force_configure' from command line to 'False'
[0.187s] Level 5:colcon.colcon_core.verb:set package 'ur5e_description' build argument 'ament_cmake_args' from command line to 'None'
[0.187s] Level 5:colcon.colcon_core.verb:set package 'ur5e_description' build argument 'catkin_cmake_args' from command line to 'None'
[0.187s] Level 5:colcon.colcon_core.verb:set package 'ur5e_description' build argument 'catkin_skip_building_tests' from command line to 'False'
[0.187s] DEBUG:colcon.colcon_core.verb:Building package 'ur5e_description' with the following arguments: {'ament_cmake_args': None, 'build_base': '/home/arya/ROS/UR5e/build/ur5e_description', 'catkin_cmake_args': None, 'catkin_skip_building_tests': False, 'cmake_args': None, 'cmake_clean_cache': False, 'cmake_clean_first': False, 'cmake_force_configure': False, 'cmake_target': None, 'cmake_target_skip_unavailable': False, 'install_base': '/home/arya/ROS/UR5e/install/ur5e_description', 'merge_install': False, 'path': '/home/arya/ROS/UR5e/src/ur5e_description', 'symlink_install': False, 'test_result_base': None}
[0.187s] INFO:colcon.colcon_core.executor:Executing jobs using 'parallel' executor
[0.188s] DEBUG:colcon.colcon_parallel_executor.executor.parallel:run_until_complete
[0.188s] INFO:colcon.colcon_ros.task.ament_cmake.build:Building ROS package in '/home/arya/ROS/UR5e/src/ur5e_description' with build type 'ament_cmake'
[0.188s] INFO:colcon.colcon_cmake.task.cmake.build:Building CMake package in '/home/arya/ROS/UR5e/src/ur5e_description'
[0.190s] INFO:colcon.colcon_core.plugin_system:Skipping extension 'colcon_core.shell.bat': Not used on non-Windows systems
[0.190s] DEBUG:colcon.colcon_core.shell:Skip shell extension 'dsv' for command environment
[0.206s] DEBUG:colcon.colcon_core.event_handler.log_command:Invoking command in '/home/arya/ROS/UR5e/build/ur5e_description': CMAKE_PREFIX_PATH=${CMAKE_PREFIX_PATH}:/home/arya/ws_moveit/install/moveit_configs_utils:/opt/ros/jazzy DEBUGINFOD_URLS=https://debuginfod.ubuntu.com /usr/bin/cmake /home/arya/ROS/UR5e/src/ur5e_description -DCMAKE_INSTALL_PREFIX=/home/arya/ROS/UR5e/install/ur5e_description
[0.641s] DEBUG:colcon.colcon_core.event_handler.log_command:Invoked command in '/home/arya/ROS/UR5e/build/ur5e_description' returned '0': CMAKE_PREFIX_PATH=${CMAKE_PREFIX_PATH}:/home/arya/ws_moveit/install/moveit_configs_utils:/opt/ros/jazzy DEBUGINFOD_URLS=https://debuginfod.ubuntu.com /usr/bin/cmake /home/arya/ROS/UR5e/src/ur5e_description -DCMAKE_INSTALL_PREFIX=/home/arya/ROS/UR5e/install/ur5e_description
[0.644s] DEBUG:colcon.colcon_core.event_handler.log_command:Invoking command in '/home/arya/ROS/UR5e/build/ur5e_description': CMAKE_PREFIX_PATH=${CMAKE_PREFIX_PATH}:/home/arya/ws_moveit/install/moveit_configs_utils:/opt/ros/jazzy DEBUGINFOD_URLS=https://debuginfod.ubuntu.com /usr/bin/cmake --build /home/arya/ROS/UR5e/build/ur5e_description -- -j8 -l8
[0.725s] DEBUG:colcon.colcon_core.event_handler.log_command:Invoked command in '/home/arya/ROS/UR5e/build/ur5e_description' returned '0': CMAKE_PREFIX_PATH=${CMAKE_PREFIX_PATH}:/home/arya/ws_moveit/install/moveit_configs_utils:/opt/ros/jazzy DEBUGINFOD_URLS=https://debuginfod.ubuntu.com /usr/bin/cmake --build /home/arya/ROS/UR5e/build/ur5e_description -- -j8 -l8
[0.745s] DEBUG:colcon.colcon_core.event_handler.log_command:Invoking command in '/home/arya/ROS/UR5e/build/ur5e_description': CMAKE_PREFIX_PATH=${CMAKE_PREFIX_PATH}:/home/arya/ws_moveit/install/moveit_configs_utils:/opt/ros/jazzy DEBUGINFOD_URLS=https://debuginfod.ubuntu.com /usr/bin/cmake --install /home/arya/ROS/UR5e/build/ur5e_description
[0.773s] Level 1:colcon.colcon_core.environment:create_environment_scripts_only(ur5e_description)
[0.774s] DEBUG:colcon.colcon_core.event_handler.log_command:Invoked command in '/home/arya/ROS/UR5e/build/ur5e_description' returned '0': CMAKE_PREFIX_PATH=${CMAKE_PREFIX_PATH}:/home/arya/ws_moveit/install/moveit_configs_utils:/opt/ros/jazzy DEBUGINFOD_URLS=https://debuginfod.ubuntu.com /usr/bin/cmake --install /home/arya/ROS/UR5e/build/ur5e_description
[0.776s] Level 1:colcon.colcon_core.environment:checking '/home/arya/ROS/UR5e/install/ur5e_description' for CMake module files
[0.777s] Level 1:colcon.colcon_core.environment:checking '/home/arya/ROS/UR5e/install/ur5e_description' for CMake config files
[0.777s] Level 1:colcon.colcon_core.shell:create_environment_hook('ur5e_description', 'cmake_prefix_path')
[0.777s] INFO:colcon.colcon_core.shell:Creating environment descriptor '/home/arya/ROS/UR5e/install/ur5e_description/share/ur5e_description/hook/cmake_prefix_path.dsv'
[0.778s] INFO:colcon.colcon_core.shell:Creating environment hook '/home/arya/ROS/UR5e/install/ur5e_description/share/ur5e_description/hook/cmake_prefix_path.sh'
[0.778s] Level 1:colcon.colcon_core.environment:checking '/home/arya/ROS/UR5e/install/ur5e_description/bin'
[0.778s] Level 1:colcon.colcon_core.environment:checking '/home/arya/ROS/UR5e/install/ur5e_description/lib/pkgconfig/ur5e_description.pc'
[0.780s] Level 1:colcon.colcon_core.environment:checking '/home/arya/ROS/UR5e/install/ur5e_description/lib/python3.12/site-packages'
[0.780s] Level 1:colcon.colcon_core.environment:checking '/home/arya/ROS/UR5e/install/ur5e_description/bin'
[0.780s] INFO:colcon.colcon_core.shell:Creating package descriptor '/home/arya/ROS/UR5e/install/ur5e_description/share/ur5e_description/package.dsv'
[0.781s] INFO:colcon.colcon_core.shell:Creating package script '/home/arya/ROS/UR5e/install/ur5e_description/share/ur5e_description/package.sh'
[0.781s] INFO:colcon.colcon_core.shell:Creating package script '/home/arya/ROS/UR5e/install/ur5e_description/share/ur5e_description/package.bash'
[0.782s] INFO:colcon.colcon_core.shell:Creating package script '/home/arya/ROS/UR5e/install/ur5e_description/share/ur5e_description/package.zsh'
[0.782s] Level 1:colcon.colcon_core.environment:create_file_with_runtime_dependencies(/home/arya/ROS/UR5e/install/ur5e_description/share/colcon-core/packages/ur5e_description)
[0.783s] Level 1:colcon.colcon_core.environment:create_environment_scripts_only(ur5e_description)
[0.783s] Level 1:colcon.colcon_core.environment:checking '/home/arya/ROS/UR5e/install/ur5e_description' for CMake module files
[0.783s] Level 1:colcon.colcon_core.environment:checking '/home/arya/ROS/UR5e/install/ur5e_description' for CMake config files
[0.784s] Level 1:colcon.colcon_core.shell:create_environment_hook('ur5e_description', 'cmake_prefix_path')
[0.784s] INFO:colcon.colcon_core.shell:Creating environment descriptor '/home/arya/ROS/UR5e/install/ur5e_description/share/ur5e_description/hook/cmake_prefix_path.dsv'
[0.784s] INFO:colcon.colcon_core.shell:Creating environment hook '/home/arya/ROS/UR5e/install/ur5e_description/share/ur5e_description/hook/cmake_prefix_path.sh'
[0.784s] Level 1:colcon.colcon_core.environment:checking '/home/arya/ROS/UR5e/install/ur5e_description/bin'
[0.784s] Level 1:colcon.colcon_core.environment:checking '/home/arya/ROS/UR5e/install/ur5e_description/lib/pkgconfig/ur5e_description.pc'
[0.785s] Level 1:colcon.colcon_core.environment:checking '/home/arya/ROS/UR5e/install/ur5e_description/lib/python3.12/site-packages'
[0.785s] Level 1:colcon.colcon_core.environment:checking '/home/arya/ROS/UR5e/install/ur5e_description/bin'
[0.785s] INFO:colcon.colcon_core.shell:Creating package descriptor '/home/arya/ROS/UR5e/install/ur5e_description/share/ur5e_description/package.dsv'
[0.785s] INFO:colcon.colcon_core.shell:Creating package script '/home/arya/ROS/UR5e/install/ur5e_description/share/ur5e_description/package.sh'
[0.786s] INFO:colcon.colcon_core.shell:Creating package script '/home/arya/ROS/UR5e/install/ur5e_description/share/ur5e_description/package.bash'
[0.786s] INFO:colcon.colcon_core.shell:Creating package script '/home/arya/ROS/UR5e/install/ur5e_description/share/ur5e_description/package.zsh'
[0.786s] Level 1:colcon.colcon_core.environment:create_file_with_runtime_dependencies(/home/arya/ROS/UR5e/install/ur5e_description/share/colcon-core/packages/ur5e_description)
[0.786s] DEBUG:colcon.colcon_parallel_executor.executor.parallel:closing loop
[0.787s] DEBUG:colcon.colcon_parallel_executor.executor.parallel:loop closed
[0.787s] DEBUG:colcon.colcon_parallel_executor.executor.parallel:run_until_complete finished with '0'
[0.787s] DEBUG:colcon.colcon_core.event_reactor:joining thread
[0.797s] INFO:colcon.colcon_core.plugin_system:Skipping extension 'colcon_notification.desktop_notification.terminal_notifier': Not used on non-Darwin systems
[0.797s] INFO:colcon.colcon_core.plugin_system:Skipping extension 'colcon_notification.desktop_notification.win32': Not used on non-Windows systems
[0.797s] INFO:colcon.colcon_notification.desktop_notification:Sending desktop notification using 'notify2'
[0.814s] DEBUG:colcon.colcon_core.event_reactor:joined thread
[0.815s] INFO:colcon.colcon_core.shell:Creating prefix script '/home/arya/ROS/UR5e/install/local_setup.sh'
[0.815s] INFO:colcon.colcon_core.shell:Creating prefix util module '/home/arya/ROS/UR5e/install/_local_setup_util_sh.py'
[0.816s] INFO:colcon.colcon_core.shell:Creating prefix chain script '/home/arya/ROS/UR5e/install/setup.sh'
[0.819s] INFO:colcon.colcon_core.shell:Creating prefix script '/home/arya/ROS/UR5e/install/local_setup.bash'
[0.819s] INFO:colcon.colcon_core.shell:Creating prefix chain script '/home/arya/ROS/UR5e/install/setup.bash'
[0.822s] INFO:colcon.colcon_core.shell:Creating prefix script '/home/arya/ROS/UR5e/install/local_setup.zsh'
[0.822s] INFO:colcon.colcon_core.shell:Creating prefix chain script '/home/arya/ROS/UR5e/install/setup.zsh'
