[0.009s] Invoking command in '/home/ah66586/ros2_ws/UR5e_3DP/build/ur5e_description': CMAKE_PREFIX_PATH=${CMAKE_PREFIX_PATH}:/opt/ros/jazzy DEBUGINFOD_URLS=https://debuginfod.ubuntu.com /usr/bin/cmake /home/ah66586/ros2_ws/UR5e_3DP/src/ur5e_description -DCMAKE_INSTALL_PREFIX=/home/ah66586/ros2_ws/UR5e_3DP/install/ur5e_description
[0.025s] -- Found ament_cmake: 2.5.5 (/opt/ros/jazzy/share/ament_cmake/cmake)
[0.180s] -- Override CMake install command with custom implementation using symlinks instead of copying resources
[0.193s] -- Found urdf: 2.10.0 (/opt/ros/jazzy/share/urdf/cmake)
[0.215s] -- Found TinyXML2 via Config file: /usr/lib/x86_64-linux-gnu/cmake/tinyxml2
[0.220s] -- Found xacro: 2.1.1 (/opt/ros/jazzy/share/xacro/cmake)
[0.221s] -- Found ament_lint_auto: 0.17.4 (/opt/ros/jazzy/share/ament_lint_auto/cmake)
[0.296s] -- Added test 'flake8' to check Python code syntax and style conventions
[0.296s] -- Configured 'flake8' exclude dirs and/or files: 
[0.297s] -- Added test 'lint_cmake' to check CMake code style
[0.297s] -- Added test 'pep257' to check Python code against some of the docstring style conventions in PEP 257
[0.298s] -- Added test 'xmllint' to check XML markup files
[0.300s] -- Configuring done (0.3s)
[0.304s] -- Generating done (0.0s)
[0.305s] -- Build files have been written to: /home/ah66586/ros2_ws/UR5e_3DP/build/ur5e_description
[0.308s] Invoked command in '/home/ah66586/ros2_ws/UR5e_3DP/build/ur5e_description' returned '0': CMAKE_PREFIX_PATH=${CMAKE_PREFIX_PATH}:/opt/ros/jazzy DEBUGINFOD_URLS=https://debuginfod.ubuntu.com /usr/bin/cmake /home/ah66586/ros2_ws/UR5e_3DP/src/ur5e_description -DCMAKE_INSTALL_PREFIX=/home/ah66586/ros2_ws/UR5e_3DP/install/ur5e_description
[0.309s] Invoking command in '/home/ah66586/ros2_ws/UR5e_3DP/build/ur5e_description': CMAKE_PREFIX_PATH=${CMAKE_PREFIX_PATH}:/opt/ros/jazzy DEBUGINFOD_URLS=https://debuginfod.ubuntu.com /usr/bin/cmake --build /home/ah66586/ros2_ws/UR5e_3DP/build/ur5e_description -- -j16 -l16
[0.337s] Invoked command in '/home/ah66586/ros2_ws/UR5e_3DP/build/ur5e_description' returned '0': CMAKE_PREFIX_PATH=${CMAKE_PREFIX_PATH}:/opt/ros/jazzy DEBUGINFOD_URLS=https://debuginfod.ubuntu.com /usr/bin/cmake --build /home/ah66586/ros2_ws/UR5e_3DP/build/ur5e_description -- -j16 -l16
[0.343s] Invoking command in '/home/ah66586/ros2_ws/UR5e_3DP/build/ur5e_description': CMAKE_PREFIX_PATH=${CMAKE_PREFIX_PATH}:/opt/ros/jazzy DEBUGINFOD_URLS=https://debuginfod.ubuntu.com /usr/bin/cmake --install /home/ah66586/ros2_ws/UR5e_3DP/build/ur5e_description
[0.347s] -- Install configuration: ""
[0.348s] -- Execute custom install script
[0.348s] -- Up-to-date symlink: /home/ah66586/ros2_ws/UR5e_3DP/install/ur5e_description/share/ur5e_description/urdf/ur5e.urdf.xacro
[0.348s] -- Up-to-date symlink: /home/ah66586/ros2_ws/UR5e_3DP/install/ur5e_description/share/ur5e_description/launch/simulate.launch.py
[0.348s] -- Up-to-date symlink: /home/ah66586/ros2_ws/UR5e_3DP/install/ur5e_description/share/ur5e_description/rviz/ur5e.rviz
[0.349s] -- Up-to-date symlink: /home/ah66586/ros2_ws/UR5e_3DP/install/ur5e_description/share/ur5e_description/meshes/Toolhead_V3_Assembly.STL
[0.349s] -- Up-to-date symlink: /home/ah66586/ros2_ws/UR5e_3DP/install/ur5e_description/share/ament_index/resource_index/package_run_dependencies/ur5e_description
[0.349s] -- Up-to-date symlink: /home/ah66586/ros2_ws/UR5e_3DP/install/ur5e_description/share/ament_index/resource_index/parent_prefix_path/ur5e_description
[0.349s] -- Up-to-date symlink: /home/ah66586/ros2_ws/UR5e_3DP/install/ur5e_description/share/ur5e_description/environment/ament_prefix_path.sh
[0.350s] -- Up-to-date symlink: /home/ah66586/ros2_ws/UR5e_3DP/install/ur5e_description/share/ur5e_description/environment/ament_prefix_path.dsv
[0.350s] -- Up-to-date symlink: /home/ah66586/ros2_ws/UR5e_3DP/install/ur5e_description/share/ur5e_description/environment/path.sh
[0.350s] -- Up-to-date symlink: /home/ah66586/ros2_ws/UR5e_3DP/install/ur5e_description/share/ur5e_description/environment/path.dsv
[0.350s] -- Up-to-date symlink: /home/ah66586/ros2_ws/UR5e_3DP/install/ur5e_description/share/ur5e_description/local_setup.bash
[0.350s] -- Up-to-date symlink: /home/ah66586/ros2_ws/UR5e_3DP/install/ur5e_description/share/ur5e_description/local_setup.sh
[0.350s] -- Up-to-date symlink: /home/ah66586/ros2_ws/UR5e_3DP/install/ur5e_description/share/ur5e_description/local_setup.zsh
[0.350s] -- Up-to-date symlink: /home/ah66586/ros2_ws/UR5e_3DP/install/ur5e_description/share/ur5e_description/local_setup.dsv
[0.350s] -- Symlinking: /home/ah66586/ros2_ws/UR5e_3DP/install/ur5e_description/share/ur5e_description/package.dsv
[0.358s] -- Up-to-date symlink: /home/ah66586/ros2_ws/UR5e_3DP/install/ur5e_description/share/ament_index/resource_index/packages/ur5e_description
[0.358s] -- Up-to-date symlink: /home/ah66586/ros2_ws/UR5e_3DP/install/ur5e_description/share/ur5e_description/cmake/ur5e_descriptionConfig.cmake
[0.358s] -- Up-to-date symlink: /home/ah66586/ros2_ws/UR5e_3DP/install/ur5e_description/share/ur5e_description/cmake/ur5e_descriptionConfig-version.cmake
[0.358s] -- Up-to-date symlink: /home/ah66586/ros2_ws/UR5e_3DP/install/ur5e_description/share/ur5e_description/package.xml
[0.360s] Invoked command in '/home/ah66586/ros2_ws/UR5e_3DP/build/ur5e_description' returned '0': CMAKE_PREFIX_PATH=${CMAKE_PREFIX_PATH}:/opt/ros/jazzy DEBUGINFOD_URLS=https://debuginfod.ubuntu.com /usr/bin/cmake --install /home/ah66586/ros2_ws/UR5e_3DP/build/ur5e_description
