-- Install configuration: ""
-- Execute custom install script
-- Up-to-date symlink: /home/arya/ROS/UR5e/install/ur5e_moveit_config/share/ur5e_moveit_config/launch/moveit.launch.py
-- Up-to-date symlink: /home/arya/ROS/UR5e/install/ur5e_moveit_config/share/ur5e_moveit_config/config/joint_limits.yaml
-- Up-to-date symlink: /home/arya/ROS/UR5e/install/ur5e_moveit_config/share/ur5e_moveit_config/config/kinematics.yaml
-- Up-to-date symlink: /home/arya/ROS/UR5e/install/ur5e_moveit_config/share/ur5e_moveit_config/config/moveit.rviz
-- Up-to-date symlink: /home/arya/ROS/UR5e/install/ur5e_moveit_config/share/ur5e_moveit_config/config/ompl_planning.yaml
-- Up-to-date symlink: /home/arya/ROS/UR5e/install/ur5e_moveit_config/share/ur5e_moveit_config/config/ur5e.srdf
-- Up-to-date symlink: /home/arya/ROS/UR5e/install/ur5e_moveit_config/lib/ur5e_moveit_config/cartesian_control.py
-- Up-to-date symlink: /home/arya/ROS/UR5e/install/ur5e_moveit_config/share/ament_index/resource_index/package_run_dependencies/ur5e_moveit_config
-- Up-to-date symlink: /home/arya/ROS/UR5e/install/ur5e_moveit_config/share/ament_index/resource_index/parent_prefix_path/ur5e_moveit_config
-- Up-to-date symlink: /home/arya/ROS/UR5e/install/ur5e_moveit_config/share/ur5e_moveit_config/environment/ament_prefix_path.sh
-- Up-to-date symlink: /home/arya/ROS/UR5e/install/ur5e_moveit_config/share/ur5e_moveit_config/environment/ament_prefix_path.dsv
-- Up-to-date symlink: /home/arya/ROS/UR5e/install/ur5e_moveit_config/share/ur5e_moveit_config/environment/path.sh
-- Up-to-date symlink: /home/arya/ROS/UR5e/install/ur5e_moveit_config/share/ur5e_moveit_config/environment/path.dsv
-- Up-to-date symlink: /home/arya/ROS/UR5e/install/ur5e_moveit_config/share/ur5e_moveit_config/local_setup.bash
-- Up-to-date symlink: /home/arya/ROS/UR5e/install/ur5e_moveit_config/share/ur5e_moveit_config/local_setup.sh
-- Up-to-date symlink: /home/arya/ROS/UR5e/install/ur5e_moveit_config/share/ur5e_moveit_config/local_setup.zsh
-- Up-to-date symlink: /home/arya/ROS/UR5e/install/ur5e_moveit_config/share/ur5e_moveit_config/local_setup.dsv
-- Symlinking: /home/arya/ROS/UR5e/install/ur5e_moveit_config/share/ur5e_moveit_config/package.dsv
-- Up-to-date symlink: /home/arya/ROS/UR5e/install/ur5e_moveit_config/share/ament_index/resource_index/packages/ur5e_moveit_config
-- Up-to-date symlink: /home/arya/ROS/UR5e/install/ur5e_moveit_config/share/ur5e_moveit_config/cmake/ur5e_moveit_configConfig.cmake
-- Up-to-date symlink: /home/arya/ROS/UR5e/install/ur5e_moveit_config/share/ur5e_moveit_config/cmake/ur5e_moveit_configConfig-version.cmake
-- Up-to-date symlink: /home/arya/ROS/UR5e/install/ur5e_moveit_config/share/ur5e_moveit_config/package.xml
