[0.074s] DEBUG:colcon:Command line arguments: ['/usr/bin/colcon', 'build', '--packages-select', 'ur_cell_config']
[0.074s] DEBUG:colcon:Parsed command line arguments: Namespace(log_base=None, log_level=None, verb_name='build', build_base='build', install_base='install', merge_install=False, symlink_install=False, test_result_base=None, continue_on_error=False, executor='parallel', parallel_workers=16, event_handlers=None, ignore_user_meta=False, metas=['./colcon.meta'], base_paths=['.'], packages_ignore=None, packages_ignore_regex=None, paths=None, packages_up_to=None, packages_up_to_regex=None, packages_above=None, packages_above_and_dependencies=None, packages_above_depth=None, packages_select_by_dep=None, packages_skip_by_dep=None, packages_skip_up_to=None, packages_select_build_failed=False, packages_skip_build_finished=False, packages_select_test_failures=False, packages_skip_test_passed=False, packages_select=['ur_cell_config'], packages_skip=None, packages_select_regex=None, packages_skip_regex=None, packages_start=None, packages_end=None, allow_overriding=[], cmake_args=None, cmake_target=None, cmake_target_skip_unavailable=False, cmake_clean_cache=False, cmake_clean_first=False, cmake_force_configure=False, ament_cmake_args=None, catkin_cmake_args=None, catkin_skip_building_tests=False, verb_parser=<colcon_defaults.argument_parser.defaults.DefaultArgumentsDecorator object at 0x7848d5c9c6b0>, verb_extension=<colcon_core.verb.build.BuildVerb object at 0x7848d668a810>, main=<bound method BuildVerb.main of <colcon_core.verb.build.BuildVerb object at 0x7848d668a810>>)
[0.101s] Level 1:colcon.colcon_core.package_discovery:discover_packages(colcon_meta) check parameters
[0.102s] Level 1:colcon.colcon_core.package_discovery:discover_packages(recursive) check parameters
[0.102s] Level 1:colcon.colcon_core.package_discovery:discover_packages(ignore) check parameters
[0.102s] Level 1:colcon.colcon_core.package_discovery:discover_packages(path) check parameters
[0.102s] Level 1:colcon.colcon_core.package_discovery:discover_packages(colcon_meta) discover
[0.102s] Level 1:colcon.colcon_core.package_discovery:discover_packages(recursive) discover
[0.102s] INFO:colcon.colcon_core.package_discovery:Crawling recursively for packages in '/home/ah66586/ros2_ws/UR5e_3DP'
[0.102s] Level 1:colcon.colcon_core.package_identification:_identify(.) by extensions ['ignore', 'ignore_ament_install']
[0.102s] Level 1:colcon.colcon_core.package_identification:_identify(.) by extension 'ignore'
[0.102s] Level 1:colcon.colcon_core.package_identification:_identify(.) by extension 'ignore_ament_install'
[0.102s] Level 1:colcon.colcon_core.package_identification:_identify(.) by extensions ['colcon_pkg']
[0.102s] Level 1:colcon.colcon_core.package_identification:_identify(.) by extension 'colcon_pkg'
[0.102s] Level 1:colcon.colcon_core.package_identification:_identify(.) by extensions ['colcon_meta']
[0.102s] Level 1:colcon.colcon_core.package_identification:_identify(.) by extension 'colcon_meta'
[0.102s] Level 1:colcon.colcon_core.package_identification:_identify(.) by extensions ['ros']
[0.102s] Level 1:colcon.colcon_core.package_identification:_identify(.) by extension 'ros'
[0.121s] Level 1:colcon.colcon_core.package_identification:_identify(.) by extensions ['cmake', 'python']
[0.121s] Level 1:colcon.colcon_core.package_identification:_identify(.) by extension 'cmake'
[0.121s] Level 1:colcon.colcon_core.package_identification:_identify(.) by extension 'python'
[0.121s] Level 1:colcon.colcon_core.package_identification:_identify(.) by extensions ['python_setup_py']
[0.121s] Level 1:colcon.colcon_core.package_identification:_identify(.) by extension 'python_setup_py'
[0.122s] Level 1:colcon.colcon_core.package_identification:_identify(Ian) by extensions ['ignore', 'ignore_ament_install']
[0.122s] Level 1:colcon.colcon_core.package_identification:_identify(Ian) by extension 'ignore'
[0.122s] Level 1:colcon.colcon_core.package_identification:_identify(Ian) by extension 'ignore_ament_install'
[0.122s] Level 1:colcon.colcon_core.package_identification:_identify(Ian) by extensions ['colcon_pkg']
[0.122s] Level 1:colcon.colcon_core.package_identification:_identify(Ian) by extension 'colcon_pkg'
[0.122s] Level 1:colcon.colcon_core.package_identification:_identify(Ian) by extensions ['colcon_meta']
[0.122s] Level 1:colcon.colcon_core.package_identification:_identify(Ian) by extension 'colcon_meta'
[0.122s] Level 1:colcon.colcon_core.package_identification:_identify(Ian) by extensions ['ros']
[0.122s] Level 1:colcon.colcon_core.package_identification:_identify(Ian) by extension 'ros'
[0.122s] Level 1:colcon.colcon_core.package_identification:_identify(Ian) by extensions ['cmake', 'python']
[0.122s] Level 1:colcon.colcon_core.package_identification:_identify(Ian) by extension 'cmake'
[0.122s] Level 1:colcon.colcon_core.package_identification:_identify(Ian) by extension 'python'
[0.122s] Level 1:colcon.colcon_core.package_identification:_identify(Ian) by extensions ['python_setup_py']
[0.122s] Level 1:colcon.colcon_core.package_identification:_identify(Ian) by extension 'python_setup_py'
[0.122s] Level 1:colcon.colcon_core.package_identification:_identify(Ian/UR5e-Dev) by extensions ['ignore', 'ignore_ament_install']
[0.122s] Level 1:colcon.colcon_core.package_identification:_identify(Ian/UR5e-Dev) by extension 'ignore'
[0.122s] Level 1:colcon.colcon_core.package_identification:_identify(Ian/UR5e-Dev) by extension 'ignore_ament_install'
[0.122s] Level 1:colcon.colcon_core.package_identification:_identify(Ian/UR5e-Dev) by extensions ['colcon_pkg']
[0.122s] Level 1:colcon.colcon_core.package_identification:_identify(Ian/UR5e-Dev) by extension 'colcon_pkg'
[0.122s] Level 1:colcon.colcon_core.package_identification:_identify(Ian/UR5e-Dev) by extensions ['colcon_meta']
[0.122s] Level 1:colcon.colcon_core.package_identification:_identify(Ian/UR5e-Dev) by extension 'colcon_meta'
[0.122s] Level 1:colcon.colcon_core.package_identification:_identify(Ian/UR5e-Dev) by extensions ['ros']
[0.122s] Level 1:colcon.colcon_core.package_identification:_identify(Ian/UR5e-Dev) by extension 'ros'
[0.122s] Level 1:colcon.colcon_core.package_identification:_identify(Ian/UR5e-Dev) by extensions ['cmake', 'python']
[0.122s] Level 1:colcon.colcon_core.package_identification:_identify(Ian/UR5e-Dev) by extension 'cmake'
[0.122s] Level 1:colcon.colcon_core.package_identification:_identify(Ian/UR5e-Dev) by extension 'python'
[0.123s] Level 1:colcon.colcon_core.package_identification:_identify(Ian/UR5e-Dev) by extensions ['python_setup_py']
[0.123s] Level 1:colcon.colcon_core.package_identification:_identify(Ian/UR5e-Dev) by extension 'python_setup_py'
[0.123s] Level 1:colcon.colcon_core.package_identification:_identify(__pycache__) by extensions ['ignore', 'ignore_ament_install']
[0.123s] Level 1:colcon.colcon_core.package_identification:_identify(__pycache__) by extension 'ignore'
[0.123s] Level 1:colcon.colcon_core.package_identification:_identify(__pycache__) by extension 'ignore_ament_install'
[0.123s] Level 1:colcon.colcon_core.package_identification:_identify(__pycache__) by extensions ['colcon_pkg']
[0.123s] Level 1:colcon.colcon_core.package_identification:_identify(__pycache__) by extension 'colcon_pkg'
[0.123s] Level 1:colcon.colcon_core.package_identification:_identify(__pycache__) by extensions ['colcon_meta']
[0.123s] Level 1:colcon.colcon_core.package_identification:_identify(__pycache__) by extension 'colcon_meta'
[0.123s] Level 1:colcon.colcon_core.package_identification:_identify(__pycache__) by extensions ['ros']
[0.123s] Level 1:colcon.colcon_core.package_identification:_identify(__pycache__) by extension 'ros'
[0.123s] Level 1:colcon.colcon_core.package_identification:_identify(__pycache__) by extensions ['cmake', 'python']
[0.123s] Level 1:colcon.colcon_core.package_identification:_identify(__pycache__) by extension 'cmake'
[0.123s] Level 1:colcon.colcon_core.package_identification:_identify(__pycache__) by extension 'python'
[0.123s] Level 1:colcon.colcon_core.package_identification:_identify(__pycache__) by extensions ['python_setup_py']
[0.123s] Level 1:colcon.colcon_core.package_identification:_identify(__pycache__) by extension 'python_setup_py'
[0.123s] Level 1:colcon.colcon_core.package_identification:_identify(build) by extensions ['ignore', 'ignore_ament_install']
[0.123s] Level 1:colcon.colcon_core.package_identification:_identify(build) by extension 'ignore'
[0.123s] Level 1:colcon.colcon_core.package_identification:_identify(build) ignored
[0.123s] Level 1:colcon.colcon_core.package_identification:_identify(install) by extensions ['ignore', 'ignore_ament_install']
[0.123s] Level 1:colcon.colcon_core.package_identification:_identify(install) by extension 'ignore'
[0.123s] Level 1:colcon.colcon_core.package_identification:_identify(install) ignored
[0.123s] Level 1:colcon.colcon_core.package_identification:_identify(log) by extensions ['ignore', 'ignore_ament_install']
[0.124s] Level 1:colcon.colcon_core.package_identification:_identify(log) by extension 'ignore'
[0.124s] Level 1:colcon.colcon_core.package_identification:_identify(log) ignored
[0.124s] Level 1:colcon.colcon_core.package_identification:_identify(src) by extensions ['ignore', 'ignore_ament_install']
[0.124s] Level 1:colcon.colcon_core.package_identification:_identify(src) by extension 'ignore'
[0.124s] Level 1:colcon.colcon_core.package_identification:_identify(src) by extension 'ignore_ament_install'
[0.124s] Level 1:colcon.colcon_core.package_identification:_identify(src) by extensions ['colcon_pkg']
[0.124s] Level 1:colcon.colcon_core.package_identification:_identify(src) by extension 'colcon_pkg'
[0.124s] Level 1:colcon.colcon_core.package_identification:_identify(src) by extensions ['colcon_meta']
[0.124s] Level 1:colcon.colcon_core.package_identification:_identify(src) by extension 'colcon_meta'
[0.124s] Level 1:colcon.colcon_core.package_identification:_identify(src) by extensions ['ros']
[0.124s] Level 1:colcon.colcon_core.package_identification:_identify(src) by extension 'ros'
[0.124s] Level 1:colcon.colcon_core.package_identification:_identify(src) by extensions ['cmake', 'python']
[0.124s] Level 1:colcon.colcon_core.package_identification:_identify(src) by extension 'cmake'
[0.124s] Level 1:colcon.colcon_core.package_identification:_identify(src) by extension 'python'
[0.124s] Level 1:colcon.colcon_core.package_identification:_identify(src) by extensions ['python_setup_py']
[0.124s] Level 1:colcon.colcon_core.package_identification:_identify(src) by extension 'python_setup_py'
[0.124s] Level 1:colcon.colcon_core.package_identification:_identify(src/ur5e_description) by extensions ['ignore', 'ignore_ament_install']
[0.124s] Level 1:colcon.colcon_core.package_identification:_identify(src/ur5e_description) by extension 'ignore'
[0.124s] Level 1:colcon.colcon_core.package_identification:_identify(src/ur5e_description) by extension 'ignore_ament_install'
[0.124s] Level 1:colcon.colcon_core.package_identification:_identify(src/ur5e_description) by extensions ['colcon_pkg']
[0.124s] Level 1:colcon.colcon_core.package_identification:_identify(src/ur5e_description) by extension 'colcon_pkg'
[0.124s] Level 1:colcon.colcon_core.package_identification:_identify(src/ur5e_description) by extensions ['colcon_meta']
[0.124s] Level 1:colcon.colcon_core.package_identification:_identify(src/ur5e_description) by extension 'colcon_meta'
[0.124s] Level 1:colcon.colcon_core.package_identification:_identify(src/ur5e_description) by extensions ['ros']
[0.124s] Level 1:colcon.colcon_core.package_identification:_identify(src/ur5e_description) by extension 'ros'
[0.126s] DEBUG:colcon.colcon_core.package_identification:Package 'src/ur5e_description' with type 'ros.ament_cmake' and name 'ur5e_description'
[0.126s] Level 1:colcon.colcon_core.package_identification:_identify(src/ur_cell_config) by extensions ['ignore', 'ignore_ament_install']
[0.126s] Level 1:colcon.colcon_core.package_identification:_identify(src/ur_cell_config) by extension 'ignore'
[0.126s] Level 1:colcon.colcon_core.package_identification:_identify(src/ur_cell_config) by extension 'ignore_ament_install'
[0.126s] Level 1:colcon.colcon_core.package_identification:_identify(src/ur_cell_config) by extensions ['colcon_pkg']
[0.126s] Level 1:colcon.colcon_core.package_identification:_identify(src/ur_cell_config) by extension 'colcon_pkg'
[0.126s] Level 1:colcon.colcon_core.package_identification:_identify(src/ur_cell_config) by extensions ['colcon_meta']
[0.126s] Level 1:colcon.colcon_core.package_identification:_identify(src/ur_cell_config) by extension 'colcon_meta'
[0.126s] Level 1:colcon.colcon_core.package_identification:_identify(src/ur_cell_config) by extensions ['ros']
[0.126s] Level 1:colcon.colcon_core.package_identification:_identify(src/ur_cell_config) by extension 'ros'
[0.127s] DEBUG:colcon.colcon_core.package_identification:Package 'src/ur_cell_config' with type 'ros.ament_cmake' and name 'ur_cell_config'
[0.127s] Level 1:colcon.colcon_core.package_discovery:discover_packages(recursive) using defaults
[0.127s] Level 1:colcon.colcon_core.package_discovery:discover_packages(ignore) discover
[0.127s] Level 1:colcon.colcon_core.package_discovery:discover_packages(ignore) using defaults
[0.127s] Level 1:colcon.colcon_core.package_discovery:discover_packages(path) discover
[0.127s] Level 1:colcon.colcon_core.package_discovery:discover_packages(path) using defaults
[0.139s] INFO:colcon.colcon_core.package_selection:Skipping not selected package 'ur5e_description' in 'src/ur5e_description'
[0.139s] Level 1:colcon.colcon_core.package_discovery:discover_packages(prefix_path) check parameters
[0.139s] Level 1:colcon.colcon_core.package_discovery:discover_packages(prefix_path) discover
[0.141s] DEBUG:colcon.colcon_installed_package_information.package_discovery:Found 2 installed packages in /home/ah66586/ros2_ws/UR5e_3DP/install
[0.142s] DEBUG:colcon.colcon_installed_package_information.package_discovery:Found 390 installed packages in /opt/ros/jazzy
[0.143s] Level 1:colcon.colcon_core.package_discovery:discover_packages(prefix_path) using defaults
[0.179s] Level 5:colcon.colcon_core.verb:set package 'ur_cell_config' build argument 'cmake_args' from command line to 'None'
[0.179s] Level 5:colcon.colcon_core.verb:set package 'ur_cell_config' build argument 'cmake_target' from command line to 'None'
[0.179s] Level 5:colcon.colcon_core.verb:set package 'ur_cell_config' build argument 'cmake_target_skip_unavailable' from command line to 'False'
[0.179s] Level 5:colcon.colcon_core.verb:set package 'ur_cell_config' build argument 'cmake_clean_cache' from command line to 'False'
[0.180s] Level 5:colcon.colcon_core.verb:set package 'ur_cell_config' build argument 'cmake_clean_first' from command line to 'False'
[0.180s] Level 5:colcon.colcon_core.verb:set package 'ur_cell_config' build argument 'cmake_force_configure' from command line to 'False'
[0.180s] Level 5:colcon.colcon_core.verb:set package 'ur_cell_config' build argument 'ament_cmake_args' from command line to 'None'
[0.180s] Level 5:colcon.colcon_core.verb:set package 'ur_cell_config' build argument 'catkin_cmake_args' from command line to 'None'
[0.180s] Level 5:colcon.colcon_core.verb:set package 'ur_cell_config' build argument 'catkin_skip_building_tests' from command line to 'False'
[0.180s] DEBUG:colcon.colcon_core.verb:Building package 'ur_cell_config' with the following arguments: {'ament_cmake_args': None, 'build_base': '/home/ah66586/ros2_ws/UR5e_3DP/build/ur_cell_config', 'catkin_cmake_args': None, 'catkin_skip_building_tests': False, 'cmake_args': None, 'cmake_clean_cache': False, 'cmake_clean_first': False, 'cmake_force_configure': False, 'cmake_target': None, 'cmake_target_skip_unavailable': False, 'install_base': '/home/ah66586/ros2_ws/UR5e_3DP/install/ur_cell_config', 'merge_install': False, 'path': '/home/ah66586/ros2_ws/UR5e_3DP/src/ur_cell_config', 'symlink_install': False, 'test_result_base': None}
[0.180s] INFO:colcon.colcon_core.executor:Executing jobs using 'parallel' executor
[0.180s] DEBUG:colcon.colcon_parallel_executor.executor.parallel:run_until_complete
[0.180s] INFO:colcon.colcon_ros.task.ament_cmake.build:Building ROS package in '/home/ah66586/ros2_ws/UR5e_3DP/src/ur_cell_config' with build type 'ament_cmake'
[0.180s] INFO:colcon.colcon_cmake.task.cmake.build:Building CMake package in '/home/ah66586/ros2_ws/UR5e_3DP/src/ur_cell_config'
[0.182s] INFO:colcon.colcon_core.plugin_system:Skipping extension 'colcon_core.shell.bat': Not used on non-Windows systems
[0.182s] INFO:colcon.colcon_core.shell:Skip shell extension 'powershell' for command environment: Not usable outside of PowerShell
[0.182s] DEBUG:colcon.colcon_core.shell:Skip shell extension 'dsv' for command environment
[0.190s] DEBUG:colcon.colcon_core.event_handler.log_command:Invoking command in '/home/ah66586/ros2_ws/UR5e_3DP/build/ur_cell_config': CMAKE_PREFIX_PATH=/home/ah66586/ros2_ws/UR5e_3DP/install/ur5e_description:/home/ah66586/ros2_ws/UR5e_3DP/install/ur_cell_config:/opt/ros/jazzy/opt/sdformat_vendor:/opt/ros/jazzy/opt/gz_math_vendor:/opt/ros/jazzy/opt/gz_utils_vendor:/opt/ros/jazzy/opt/gz_tools_vendor:/opt/ros/jazzy/opt/gz_cmake_vendor:/opt/ros/jazzy DEBUGINFOD_URLS=https://debuginfod.ubuntu.com /usr/bin/cmake /home/ah66586/ros2_ws/UR5e_3DP/src/ur_cell_config -DCMAKE_INSTALL_PREFIX=/home/ah66586/ros2_ws/UR5e_3DP/install/ur_cell_config
[0.412s] DEBUG:colcon.colcon_core.event_handler.log_command:Invoked command in '/home/ah66586/ros2_ws/UR5e_3DP/build/ur_cell_config' returned '0': CMAKE_PREFIX_PATH=/home/ah66586/ros2_ws/UR5e_3DP/install/ur5e_description:/home/ah66586/ros2_ws/UR5e_3DP/install/ur_cell_config:/opt/ros/jazzy/opt/sdformat_vendor:/opt/ros/jazzy/opt/gz_math_vendor:/opt/ros/jazzy/opt/gz_utils_vendor:/opt/ros/jazzy/opt/gz_tools_vendor:/opt/ros/jazzy/opt/gz_cmake_vendor:/opt/ros/jazzy DEBUGINFOD_URLS=https://debuginfod.ubuntu.com /usr/bin/cmake /home/ah66586/ros2_ws/UR5e_3DP/src/ur_cell_config -DCMAKE_INSTALL_PREFIX=/home/ah66586/ros2_ws/UR5e_3DP/install/ur_cell_config
[0.413s] DEBUG:colcon.colcon_core.event_handler.log_command:Invoking command in '/home/ah66586/ros2_ws/UR5e_3DP/build/ur_cell_config': CMAKE_PREFIX_PATH=/home/ah66586/ros2_ws/UR5e_3DP/install/ur5e_description:/home/ah66586/ros2_ws/UR5e_3DP/install/ur_cell_config:/opt/ros/jazzy/opt/sdformat_vendor:/opt/ros/jazzy/opt/gz_math_vendor:/opt/ros/jazzy/opt/gz_utils_vendor:/opt/ros/jazzy/opt/gz_tools_vendor:/opt/ros/jazzy/opt/gz_cmake_vendor:/opt/ros/jazzy DEBUGINFOD_URLS=https://debuginfod.ubuntu.com /usr/bin/cmake --build /home/ah66586/ros2_ws/UR5e_3DP/build/ur_cell_config -- -j16 -l16
[0.437s] DEBUG:colcon.colcon_core.event_handler.log_command:Invoked command in '/home/ah66586/ros2_ws/UR5e_3DP/build/ur_cell_config' returned '0': CMAKE_PREFIX_PATH=/home/ah66586/ros2_ws/UR5e_3DP/install/ur5e_description:/home/ah66586/ros2_ws/UR5e_3DP/install/ur_cell_config:/opt/ros/jazzy/opt/sdformat_vendor:/opt/ros/jazzy/opt/gz_math_vendor:/opt/ros/jazzy/opt/gz_utils_vendor:/opt/ros/jazzy/opt/gz_tools_vendor:/opt/ros/jazzy/opt/gz_cmake_vendor:/opt/ros/jazzy DEBUGINFOD_URLS=https://debuginfod.ubuntu.com /usr/bin/cmake --build /home/ah66586/ros2_ws/UR5e_3DP/build/ur_cell_config -- -j16 -l16
[0.443s] DEBUG:colcon.colcon_core.event_handler.log_command:Invoking command in '/home/ah66586/ros2_ws/UR5e_3DP/build/ur_cell_config': CMAKE_PREFIX_PATH=/home/ah66586/ros2_ws/UR5e_3DP/install/ur5e_description:/home/ah66586/ros2_ws/UR5e_3DP/install/ur_cell_config:/opt/ros/jazzy/opt/sdformat_vendor:/opt/ros/jazzy/opt/gz_math_vendor:/opt/ros/jazzy/opt/gz_utils_vendor:/opt/ros/jazzy/opt/gz_tools_vendor:/opt/ros/jazzy/opt/gz_cmake_vendor:/opt/ros/jazzy DEBUGINFOD_URLS=https://debuginfod.ubuntu.com /usr/bin/cmake --install /home/ah66586/ros2_ws/UR5e_3DP/build/ur_cell_config
[0.463s] Level 1:colcon.colcon_core.environment:create_environment_scripts_only(ur_cell_config)
[0.463s] DEBUG:colcon.colcon_core.event_handler.log_command:Invoked command in '/home/ah66586/ros2_ws/UR5e_3DP/build/ur_cell_config' returned '0': CMAKE_PREFIX_PATH=/home/ah66586/ros2_ws/UR5e_3DP/install/ur5e_description:/home/ah66586/ros2_ws/UR5e_3DP/install/ur_cell_config:/opt/ros/jazzy/opt/sdformat_vendor:/opt/ros/jazzy/opt/gz_math_vendor:/opt/ros/jazzy/opt/gz_utils_vendor:/opt/ros/jazzy/opt/gz_tools_vendor:/opt/ros/jazzy/opt/gz_cmake_vendor:/opt/ros/jazzy DEBUGINFOD_URLS=https://debuginfod.ubuntu.com /usr/bin/cmake --install /home/ah66586/ros2_ws/UR5e_3DP/build/ur_cell_config
[0.465s] Level 1:colcon.colcon_core.environment:checking '/home/ah66586/ros2_ws/UR5e_3DP/install/ur_cell_config' for CMake module files
[0.465s] Level 1:colcon.colcon_core.environment:checking '/home/ah66586/ros2_ws/UR5e_3DP/install/ur_cell_config' for CMake config files
[0.465s] Level 1:colcon.colcon_core.shell:create_environment_hook('ur_cell_config', 'cmake_prefix_path')
[0.465s] INFO:colcon.colcon_core.shell:Creating environment hook '/home/ah66586/ros2_ws/UR5e_3DP/install/ur_cell_config/share/ur_cell_config/hook/cmake_prefix_path.ps1'
[0.466s] INFO:colcon.colcon_core.shell:Creating environment descriptor '/home/ah66586/ros2_ws/UR5e_3DP/install/ur_cell_config/share/ur_cell_config/hook/cmake_prefix_path.dsv'
[0.466s] INFO:colcon.colcon_core.shell:Creating environment hook '/home/ah66586/ros2_ws/UR5e_3DP/install/ur_cell_config/share/ur_cell_config/hook/cmake_prefix_path.sh'
[0.467s] Level 1:colcon.colcon_core.environment:checking '/home/ah66586/ros2_ws/UR5e_3DP/install/ur_cell_config/bin'
[0.467s] Level 1:colcon.colcon_core.environment:checking '/home/ah66586/ros2_ws/UR5e_3DP/install/ur_cell_config/lib/pkgconfig/ur_cell_config.pc'
[0.467s] Level 1:colcon.colcon_core.environment:checking '/home/ah66586/ros2_ws/UR5e_3DP/install/ur_cell_config/lib/python3.12/site-packages'
[0.467s] Level 1:colcon.colcon_core.environment:checking '/home/ah66586/ros2_ws/UR5e_3DP/install/ur_cell_config/bin'
[0.467s] INFO:colcon.colcon_core.shell:Creating package script '/home/ah66586/ros2_ws/UR5e_3DP/install/ur_cell_config/share/ur_cell_config/package.ps1'
[0.468s] INFO:colcon.colcon_core.shell:Creating package descriptor '/home/ah66586/ros2_ws/UR5e_3DP/install/ur_cell_config/share/ur_cell_config/package.dsv'
[0.468s] INFO:colcon.colcon_core.shell:Creating package script '/home/ah66586/ros2_ws/UR5e_3DP/install/ur_cell_config/share/ur_cell_config/package.sh'
[0.468s] INFO:colcon.colcon_core.shell:Creating package script '/home/ah66586/ros2_ws/UR5e_3DP/install/ur_cell_config/share/ur_cell_config/package.bash'
[0.469s] INFO:colcon.colcon_core.shell:Creating package script '/home/ah66586/ros2_ws/UR5e_3DP/install/ur_cell_config/share/ur_cell_config/package.zsh'
[0.469s] Level 1:colcon.colcon_core.environment:create_file_with_runtime_dependencies(/home/ah66586/ros2_ws/UR5e_3DP/install/ur_cell_config/share/colcon-core/packages/ur_cell_config)
[0.470s] Level 1:colcon.colcon_core.environment:create_environment_scripts_only(ur_cell_config)
[0.470s] Level 1:colcon.colcon_core.environment:checking '/home/ah66586/ros2_ws/UR5e_3DP/install/ur_cell_config' for CMake module files
[0.470s] Level 1:colcon.colcon_core.environment:checking '/home/ah66586/ros2_ws/UR5e_3DP/install/ur_cell_config' for CMake config files
[0.470s] Level 1:colcon.colcon_core.shell:create_environment_hook('ur_cell_config', 'cmake_prefix_path')
[0.470s] INFO:colcon.colcon_core.shell:Creating environment hook '/home/ah66586/ros2_ws/UR5e_3DP/install/ur_cell_config/share/ur_cell_config/hook/cmake_prefix_path.ps1'
[0.470s] INFO:colcon.colcon_core.shell:Creating environment descriptor '/home/ah66586/ros2_ws/UR5e_3DP/install/ur_cell_config/share/ur_cell_config/hook/cmake_prefix_path.dsv'
[0.471s] INFO:colcon.colcon_core.shell:Creating environment hook '/home/ah66586/ros2_ws/UR5e_3DP/install/ur_cell_config/share/ur_cell_config/hook/cmake_prefix_path.sh'
[0.471s] Level 1:colcon.colcon_core.environment:checking '/home/ah66586/ros2_ws/UR5e_3DP/install/ur_cell_config/bin'
[0.471s] Level 1:colcon.colcon_core.environment:checking '/home/ah66586/ros2_ws/UR5e_3DP/install/ur_cell_config/lib/pkgconfig/ur_cell_config.pc'
[0.471s] Level 1:colcon.colcon_core.environment:checking '/home/ah66586/ros2_ws/UR5e_3DP/install/ur_cell_config/lib/python3.12/site-packages'
[0.471s] Level 1:colcon.colcon_core.environment:checking '/home/ah66586/ros2_ws/UR5e_3DP/install/ur_cell_config/bin'
[0.472s] INFO:colcon.colcon_core.shell:Creating package script '/home/ah66586/ros2_ws/UR5e_3DP/install/ur_cell_config/share/ur_cell_config/package.ps1'
[0.472s] INFO:colcon.colcon_core.shell:Creating package descriptor '/home/ah66586/ros2_ws/UR5e_3DP/install/ur_cell_config/share/ur_cell_config/package.dsv'
[0.472s] INFO:colcon.colcon_core.shell:Creating package script '/home/ah66586/ros2_ws/UR5e_3DP/install/ur_cell_config/share/ur_cell_config/package.sh'
[0.472s] INFO:colcon.colcon_core.shell:Creating package script '/home/ah66586/ros2_ws/UR5e_3DP/install/ur_cell_config/share/ur_cell_config/package.bash'
[0.473s] INFO:colcon.colcon_core.shell:Creating package script '/home/ah66586/ros2_ws/UR5e_3DP/install/ur_cell_config/share/ur_cell_config/package.zsh'
[0.473s] Level 1:colcon.colcon_core.environment:create_file_with_runtime_dependencies(/home/ah66586/ros2_ws/UR5e_3DP/install/ur_cell_config/share/colcon-core/packages/ur_cell_config)
[0.473s] DEBUG:colcon.colcon_parallel_executor.executor.parallel:closing loop
[0.473s] DEBUG:colcon.colcon_parallel_executor.executor.parallel:loop closed
[0.473s] DEBUG:colcon.colcon_parallel_executor.executor.parallel:run_until_complete finished with '0'
[0.474s] DEBUG:colcon.colcon_core.event_reactor:joining thread
[0.478s] INFO:colcon.colcon_core.plugin_system:Skipping extension 'colcon_notification.desktop_notification.terminal_notifier': Not used on non-Darwin systems
[0.478s] INFO:colcon.colcon_core.plugin_system:Skipping extension 'colcon_notification.desktop_notification.win32': Not used on non-Windows systems
[0.478s] INFO:colcon.colcon_notification.desktop_notification:Sending desktop notification using 'notify2'
[0.489s] DEBUG:colcon.colcon_core.event_reactor:joined thread
[0.489s] INFO:colcon.colcon_core.shell:Creating prefix script '/home/ah66586/ros2_ws/UR5e_3DP/install/local_setup.ps1'
[0.490s] INFO:colcon.colcon_core.shell:Creating prefix util module '/home/ah66586/ros2_ws/UR5e_3DP/install/_local_setup_util_ps1.py'
[0.491s] INFO:colcon.colcon_core.shell:Creating prefix chain script '/home/ah66586/ros2_ws/UR5e_3DP/install/setup.ps1'
[0.491s] INFO:colcon.colcon_core.shell:Creating prefix script '/home/ah66586/ros2_ws/UR5e_3DP/install/local_setup.sh'
[0.492s] INFO:colcon.colcon_core.shell:Creating prefix util module '/home/ah66586/ros2_ws/UR5e_3DP/install/_local_setup_util_sh.py'
[0.492s] INFO:colcon.colcon_core.shell:Creating prefix chain script '/home/ah66586/ros2_ws/UR5e_3DP/install/setup.sh'
[0.493s] INFO:colcon.colcon_core.shell:Creating prefix script '/home/ah66586/ros2_ws/UR5e_3DP/install/local_setup.bash'
[0.493s] INFO:colcon.colcon_core.shell:Creating prefix chain script '/home/ah66586/ros2_ws/UR5e_3DP/install/setup.bash'
[0.494s] INFO:colcon.colcon_core.shell:Creating prefix script '/home/ah66586/ros2_ws/UR5e_3DP/install/local_setup.zsh'
[0.494s] INFO:colcon.colcon_core.shell:Creating prefix chain script '/home/ah66586/ros2_ws/UR5e_3DP/install/setup.zsh'
